04-12 00:31:08.159 12711 14375 W A       : (REDACTED) %s task was not run. Callback from Service received after client was disposed.
04-12 00:31:08.159 26712 26769 I NgaEntryPointEventSendr: (REDACTED) State changed: %s => %s (%s)
04-12 00:31:08.160  1637  5065 E ActivityTaskManager: setVisibility=true while transition is not collecting or finishing ActivityRecord{68aa8f1 u0 com.google.android.apps.nexuslauncher/.NexusLauncherActivity t1855} caller=com.android.server.wm.ActivityRecord.setVisibility:5302 com.android.server.wm.ActivityTaskSupervisor.realStartActivityLocked:839 com.android.server.wm.ActivityTaskSupervisor.startSpecificActivity:1064 com.android.server.wm.RecentsAnimation.preloadRecentsActivity:154 com.android.server.wm.ActivityTaskManagerService.startRecentsActivity:1767 android.app.IActivityTaskManager$Stub.onTransact:1183 com.android.server.wm.ActivityTaskManagerService.onTransact:5510 android.os.Binder.execTransactInternal:1358 
04-12 00:31:08.162  1637  5065 D CompatibilityChangeReporter: Compat change id reported: 197654537; UID 10206; state: ENABLED
04-12 00:31:08.162 20796  8033 I Icing   : IndexChimeraService.getServiceInterface callingPackage=com.google.android.googlequicksearchbox componentName=null serviceId=36
04-12 00:31:08.167 12711 14375 W A       : (REDACTED) %s task was not run. Callback from Service received after client was disposed.
04-12 00:31:08.168 12711 14375 I MicroDetectionState: (REDACTED) #takeChangeMicroDetectorMode [mIsBargeInEnabled: %b, mCurrentDetectionMode: %s]
04-12 00:31:08.168 12711 14375 I MicroDetectionState: (REDACTED) Should stop hotword detection immediately - %b
04-12 00:31:08.169 12711 14375 W A       : (REDACTED) %s task was not run. Callback from Service received after client was disposed.
04-12 00:31:08.169 12711 14375 W A       : (REDACTED) %s task was not run. Callback from Service received after client was disposed.
04-12 00:31:08.170 12711 14375 W A       : (REDACTED) %s task was not run. Callback from Service received after client was disposed.
04-12 00:31:08.170 14183 14183 W WindowOnBackDispatcher: OnBackInvokedCallback is not enabled for the application.
04-12 00:31:08.170 14183 14183 W WindowOnBackDispatcher: Set 'android:enableOnBackInvokedCallback="true"' in the application manifest.
04-12 00:31:08.171 12711 14225 I PBSessionCacheImpl: (REDACTED) Deleted sessionId[%d] from persistence.
04-12 00:31:08.174 12711 14375 W SearchServiceCore: Abort, client detached.
04-12 00:31:08.175 12711 14375 I HttpStreamingTapasSearchCon: (REDACTED) taskGraphFactory: %s#%d
04-12 00:31:08.176 12711 14375 I MicroDetectionState: (REDACTED) #takeChangeMicroDetectorMode [mIsBargeInEnabled: %b, mCurrentDetectionMode: %s]
04-12 00:31:08.176 12711 14375 I MicroDetectionState: (REDACTED) Should stop hotword detection immediately - %b
04-12 00:31:08.188 14183 14183 V Launcher: LauncherAppState initiated
04-12 00:31:08.189  1637  3983 D CompatibilityChangeReporter: Compat change id reported: 161252188; UID 1000; state: DISABLED
04-12 00:31:08.192 20796  8033 I Icing   : IndexChimeraService.getServiceInterface callingPackage=com.google.android.gms componentName=null serviceId=30
04-12 00:31:08.197 20796 12717 I Icing   : Usage reports ok 1, Failed Usage reports 0, indexed 0, rejected 0
04-12 00:31:08.199 20796 12717 I Icing   : Usage reports ok 0, Failed Usage reports 0, indexed 0, rejected 0
04-12 00:31:08.214 14183 14183 D CompatibilityChangeReporter: Compat change id reported: 171228096; UID 10206; state: ENABLED
04-12 00:31:08.224 14183 14183 D CompatibilityChangeReporter: Compat change id reported: 210923482; UID 10206; state: ENABLED
04-12 00:31:08.226 14183 14183 D CompatibilityChangeReporter: Compat change id reported: 147798919; UID 10206; state: ENABLED
04-12 00:31:08.265 14183 14183 D DeviceSearchAlg: search timeout = %d200
04-12 00:31:08.267 14183 14183 W PageIndicator: Total number of pages invalid: 0. Assuming 1 page.
04-12 00:31:08.267 14183 14183 W BcSmartspaceView: Current card is not present in the Adapter; cannot log.
04-12 00:31:08.270 13104 13143 I NearbySharing: Stopping scanning because the screen is locked. [CONTEXT service_id=194 ]
04-12 00:31:08.270 13104 13143 I NearbySharing: Stopping Fast Init advertisement because we're not scanning in the foreground. [CONTEXT service_id=194 ]
04-12 00:31:08.271 13104 13143 I NearbySharing: Stopping advertising because no high power receive surface is registered and device is visible to HIDDEN. [CONTEXT service_id=194 ]
04-12 00:31:08.271 13104 13143 I NearbySharing: Stopping FastInitiation scanning because the screen is locked. [CONTEXT service_id=194 ]
04-12 00:31:08.271 13104 13143 I NearbySharing: Fast Initiation Scanning has stopped [CONTEXT service_id=194 ]
04-12 00:31:08.271 13104 13143 I NearbySharing: Dismissing HUN as there's no device nearby. [CONTEXT service_id=194 ]
04-12 00:31:08.272 14183 14183 I OverviewComponentObserver: updateOverviewTargets: mIsHomeDisabled=false, isDefaultHomeNull=false, mIsDefaultHome=true
04-12 00:31:08.275  1637  5065 D CompatibilityChangeReporter: Compat change id reported: 261072174; UID 10206; state: ENABLED
04-12 00:31:08.286  2125  2125 W PageIndicator: Total number of pages invalid: 0. Assuming 1 page.
04-12 00:31:08.287  2125  2125 W BcSmartspaceView: Current card is not present in the Adapter; cannot log.
04-12 00:31:08.288   615   615 I BpBinder: onLastStrongRef automatically unlinking death recipients: 
04-12 00:31:08.291  2125 14245 W RingtonePlayer: STOP command without a player
04-12 00:31:08.291 14183 14202 D RestoreDbTask: No restore task pending, exiting RestoreDbTask
04-12 00:31:08.291 14183 14202 D LoaderTask: loadWorkspace: loading default favorites
04-12 00:31:08.293 14183 14202 D LoaderTask: loadWorkspace: Packages with active install sessions: [android.content.pm.PackageInstaller$SessionInfo@5c737c4, android.content.pm.PackageInstaller$SessionInfo@e68a6ad, android.content.pm.PackageInstaller$SessionInfo@c25dde2]
04-12 00:31:08.299  2125  2149 D WindowManagerShell: setLauncherKeepClearAreaHeight: visible=false, height=504
04-12 00:31:08.299  2125  2149 D WindowManagerShell: setLauncherKeepClearAreaHeight: visible=true, height=504
04-12 00:31:08.300 14183 14183 D CompatibilityChangeReporter: Compat change id reported: 237531167; UID 10206; state: DISABLED
04-12 00:31:08.303   617   617 W HwBinder:617_3: type=1400 audit(0.0:45534): avc:  denied  { search } for  name="log" dev="dm-53" ino=236 scontext=u:r:hal_graphics_composer_default:s0 tcontext=u:object_r:vendor_log_file:s0 tclass=dir permissive=0
04-12 00:31:08.303   617   617 W HwBinder:617_3: type=1400 audit(0.0:45535): avc:  denied  { search } for  name="log" dev="dm-53" ino=236 scontext=u:r:hal_graphics_composer_default:s0 tcontext=u:object_r:vendor_log_file:s0 tclass=dir permissive=0
04-12 00:31:08.303   617   617 W HwBinder:617_3: type=1400 audit(0.0:45536): avc:  denied  { search } for  name="log" dev="dm-53" ino=236 scontext=u:r:hal_graphics_composer_default:s0 tcontext=u:object_r:vendor_log_file:s0 tclass=dir permissive=0
04-12 00:31:08.303   617   617 W HwBinder:617_3: type=1400 audit(0.0:45537): avc:  denied  { search } for  name="log" dev="dm-53" ino=236 scontext=u:r:hal_graphics_composer_default:s0 tcontext=u:object_r:vendor_log_file:s0 tclass=dir permissive=0
04-12 00:31:08.303   617   617 W HwBinder:617_3: type=1400 audit(0.0:45538): avc:  denied  { search } for  name="log" dev="dm-53" ino=236 scontext=u:r:hal_graphics_composer_default:s0 tcontext=u:object_r:vendor_log_file:s0 tclass=dir permissive=0
04-12 00:31:08.306   617  4077 E hwc-display: Fail to open file /data/vendor/log/hwc/PrimaryDisplay_hwc_error_log0.txt, error: Permission denied
04-12 00:31:08.306   617  4077 E hwc-display: Fail to open file /data/log/PrimaryDisplay_hwc_error_log0.txt, error: No such file or directory
04-12 00:31:08.306   617  4077 E hwc-display: Unable to open log file for PrimaryDisplay_hwc_error_log0.txt
04-12 00:31:08.306   617  4077 E hwc-display: [PrimaryDisplay] resetColorMappingInfoForClientComp:: resetColorMappingInfo() idx=1 error(-22)
04-12 00:31:08.306   617  4077 E hwc-display: Fail to open file /data/vendor/log/hwc/PrimaryDisplay_hwc_error_log0.txt, error: Permission denied
04-12 00:31:08.306   617  4077 E hwc-display: Fail to open file /data/log/PrimaryDisplay_hwc_error_log0.txt, error: No such file or directory
04-12 00:31:08.306   617  4077 E hwc-display: Unable to open log file for PrimaryDisplay_hwc_error_log0.txt
04-12 00:31:08.306   617  4077 E hwc-display: [PrimaryDisplay] resetColorMappingInfoForClientComp:: resetColorMappingInfo() idx=2 error(-22)
04-12 00:31:08.306   616  5156 W gralloc4: Unable to set buffer name VRI[UdfpsControllerOverlay]#2818(BLAST Consumer)2818: File name too long
04-12 00:31:08.306   617  4077 E hwc-display: Fail to open file /data/vendor/log/hwc/PrimaryDisplay_hwc_error_log0.txt, error: Permission denied
04-12 00:31:08.306   617  4077 E hwc-display: Fail to open file /data/log/PrimaryDisplay_hwc_error_log0.txt, error: No such file or directory
04-12 00:31:08.306   617  4077 E hwc-display: Unable to open log file for PrimaryDisplay_hwc_error_log0.txt
04-12 00:31:08.306 14183 14183 D TouchInteractionService: Touch service connected: user=0
04-12 00:31:08.309 14183 14183 D NexusLauncherModelDelegate: notifySmartspaceEvent: SmartspaceTargetEvent{mSmartspaceTarget=null, mSmartspaceActionId='null', mEventType=6}
04-12 00:31:08.310   616  5156 W gralloc4: Unable to set buffer name VRI[UdfpsControllerOverlay]#2818(BLAST Consumer)2818: File name too long
04-12 00:31:08.313   616  5156 W gralloc4: Unable to set buffer name VRI[UdfpsControllerOverlay]#2818(BLAST Consumer)2818: File name too long
04-12 00:31:08.319 14183 14183 D AutofillManager: view is not autofillable - activity denied for autofill
04-12 00:31:08.320 14183 14183 D b/279059025: current animation cancelled
04-12 00:31:08.321 14183 14201 I ImeTracker: com.google.android.apps.nexuslauncher:6e9bdc41: onRequestHide at ORIGIN_CLIENT_HIDE_SOFT_INPUT reason HIDE_SOFT_INPUT
04-12 00:31:08.322 14183 14201 I ImeTracker: com.google.android.apps.nexuslauncher:6e9bdc41: onFailed at PHASE_CLIENT_VIEW_SERVED
04-12 00:31:08.322  1637  3983 D CoreBackPreview: Window{240cc04 u0 com.google.android.apps.nexuslauncher/com.google.android.apps.nexuslauncher.NexusLauncherActivity}: Setting back callback OnBackInvokedCallbackInfo{mCallback=android.window.IOnBackInvokedCallback$Stub$Proxy@4eaab0f, mPriority=0, mIsAnimationCallback=false}
04-12 00:31:08.326 14183 14183 I SsCardPagerAdapter: Use UI template for the feature: 1
04-12 00:31:08.327   682   682 I libperfmgr: Hint type not present in actions: CPU_LOAD_UP
04-12 00:31:08.329   616  5156 W gralloc4: Unable to set buffer name VRI[NexusLauncherActivity]#0(BLAST Consumer)0: File name too long
04-12 00:31:08.333   616  5156 W gralloc4: Unable to set buffer name VRI[NexusLauncherActivity]#0(BLAST Consumer)0: File name too long
04-12 00:31:08.337 14183 14183 D SsBaseTemplateCard: No text view can be set up
04-12 00:31:08.337 14183 14183 D SsBaseTemplateCard: Passed-in item info is null
04-12 00:31:08.337 14183 14183 D SsBaseTemplateCard: Passed-in item info is null
04-12 00:31:08.337 14183 14183 D SsBaseTemplateCard: Passed-in item info is null
04-12 00:31:08.337 14183 14183 I SsBaseTemplateCard: Secondary card pane is null
04-12 00:31:08.337   616  5156 W gralloc4: Unable to set buffer name VRI[NexusLauncherActivity]#0(BLAST Consumer)0: File name too long
04-12 00:31:08.345 14183 14183 D VRI[NexusLauncherActivity]: Cancelling draw. cancelDueToPreDrawListener=true cancelDueToSync=false
04-12 00:31:08.346 14183 14183 D TISBindHelper: TIS service connected
04-12 00:31:08.346 14183 14183 D b/254119092: Set mActivity=com.google.android.apps.nexuslauncher.NexusLauncherActivity@f12d3da
04-12 00:31:08.346 14183 14183 D b/254119092: mActivity and mContext agree taskbarIsPresent=false
04-12 00:31:08.346 14183 14183 D b/254119092: registering activity lifecycle callbacks from setActivity().
04-12 00:31:08.346 14183 14183 D VRI[NexusLauncherActivity]: Cancelling draw. cancelDueToPreDrawListener=true cancelDueToSync=false
04-12 00:31:08.347 12711 12711 I A       : (REDACTED) Dismissing old window %s
04-12 00:31:08.347 12711 12711 I A       : (REDACTED) onDestroy: isRecreating: %s
04-12 00:31:08.355 12711 12711 I A       : (REDACTED) Created new binder managed window %s
04-12 00:31:08.355 14183 14183 D VRI[NexusLauncherActivity]: Cancelling draw. cancelDueToPreDrawListener=true cancelDueToSync=false
04-12 00:31:08.355 12711 12711 I A       : (REDACTED) WindowRefsActive: %d, TouchableWindowRefsActive: %b
04-12 00:31:08.355 12711 12711 I A       : (REDACTED) windowAttached start logFlowId=%s, configuration=%s, acetoneState=%s, overlayWindow=%s, fragmentHost=%s, binderManagedWindow=%s, params=%s
04-12 00:31:08.359 12711 12711 I A       : (REDACTED) onDestroy: isRecreating: %s
04-12 00:31:08.363 12711 12711 I A       : (REDACTED) initWindow for %s with token %s
04-12 00:31:08.371 14183 14183 D VRI[NexusLauncherActivity]: Cancelling draw. cancelDueToPreDrawListener=true cancelDueToSync=false
04-12 00:31:08.375 12711 12711 I A       : (REDACTED) windowAttached completed window=%s fragmentHost=%s
04-12 00:31:08.375 12711 12711 I A       : onStart
04-12 00:31:08.384 12711 12711 I A       : (REDACTED) onViewAttachedToWindow self=%s, view=%s
04-12 00:31:08.384 12711 12711 I A       : (REDACTED) onViewAttachedToWindow self=%s, view=%s
04-12 00:31:08.387  1637  1851 D CoreBackPreview: Window{3e3845d u0 com.google.android.apps.nexuslauncher/com.google.android.apps.nexuslauncher.NexusLauncherActivity}: Setting back callback OnBackInvokedCallbackInfo{mCallback=android.window.IOnBackInvokedCallback$Stub$Proxy@d7e09a0, mPriority=0, mIsAnimationCallback=false}
04-12 00:31:08.388 14183 14183 D VRI[NexusLauncherActivity]: Cancelling draw. cancelDueToPreDrawListener=true cancelDueToSync=false
04-12 00:31:08.394   616  5156 W gralloc4: Unable to set buffer name VRI[NexusLauncherActivity]#73(BLAST Consumer)73: File name too long
04-12 00:31:08.400 12711 12711 I ContentCaptureHelper: Setting logging level to OFF
04-12 00:31:08.400 12711 12711 W TextView: onProvideContentCaptureStructure(): calling assumeLayout()
04-12 00:31:08.400   616  5156 W gralloc4: Unable to set buffer name VRI[NexusLauncherActivity]#73(BLAST Consumer)73: File name too long
04-12 00:31:08.404   616  5156 W gralloc4: Unable to set buffer name VRI[NexusLauncherActivity]#73(BLAST Consumer)73: File name too long
04-12 00:31:08.405 14183 14183 D VRI[NexusLauncherActivity]: Cancelling draw. cancelDueToPreDrawListener=true cancelDueToSync=false
04-12 00:31:08.421 14183 14183 D VRI[NexusLauncherActivity]: Cancelling draw. cancelDueToPreDrawListener=true cancelDueToSync=false
04-12 00:31:08.438 14183 14183 D VRI[NexusLauncherActivity]: Cancelling draw. cancelDueToPreDrawListener=true cancelDueToSync=false
04-12 00:31:08.442 14183 14202 D CompatibilityChangeReporter: Compat change id reported: 247079863; UID 10206; state: ENABLED
04-12 00:31:08.455 14183 14183 D VRI[NexusLauncherActivity]: Cancelling draw. cancelDueToPreDrawListener=true cancelDueToSync=false
04-12 00:31:08.471 14183 14183 D VRI[NexusLauncherActivity]: Cancelling draw. cancelDueToPreDrawListener=true cancelDueToSync=false
04-12 00:31:08.488 14183 14183 D VRI[NexusLauncherActivity]: Cancelling draw. cancelDueToPreDrawListener=true cancelDueToSync=false
04-12 00:31:08.505 14183 14183 D VRI[NexusLauncherActivity]: Cancelling draw. cancelDueToPreDrawListener=true cancelDueToSync=false
04-12 00:31:08.521 14183 14183 D VRI[NexusLauncherActivity]: Cancelling draw. cancelDueToPreDrawListener=true cancelDueToSync=false
04-12 00:31:08.528  2125  2125 W FrameTracker: Missing HWUI jank callback for vsyncId: 34283286, CUJ=J<SCREEN_OFF>
04-12 00:31:08.528  2125  2125 W FrameTracker: Missed App frame:JANK_APP_DEADLINE_MISSED, 34283736, 18676274, CUJ=J<SCREEN_OFF>
04-12 00:31:08.538 14183 14183 D VRI[NexusLauncherActivity]: Cancelling draw. cancelDueToPreDrawListener=true cancelDueToSync=false
04-12 00:31:08.555 14183 14183 D VRI[NexusLauncherActivity]: Cancelling draw. cancelDueToPreDrawListener=true cancelDueToSync=false
04-12 00:31:08.571 14183 14183 D VRI[NexusLauncherActivity]: Cancelling draw. cancelDueToPreDrawListener=true cancelDueToSync=false
04-12 00:31:08.588 14183 14183 D VRI[NexusLauncherActivity]: Cancelling draw. cancelDueToPreDrawListener=true cancelDueToSync=false
04-12 00:31:08.605 14183 14183 D VRI[NexusLauncherActivity]: Cancelling draw. cancelDueToPreDrawListener=true cancelDueToSync=false
04-12 00:31:08.605 14183 14183 D QuickstepLauncher: Bind extra container items
04-12 00:31:08.609 14183 14202 D LoaderTask: loadWorkspace
04-12 00:31:08.621 14183 14183 D VRI[NexusLauncherActivity]: Cancelling draw. cancelDueToPreDrawListener=true cancelDueToSync=false
04-12 00:31:08.625 14183 14202 D LoaderTask: sanitizeData
04-12 00:31:08.626 14183 14202 D LoaderTask: bindWorkspace
04-12 00:31:08.633  3571  4219 I AiAiEcho: AppPredictionInputConnectorImpl#createPredictionSession
04-12 00:31:08.635  3571  4219 I AiAiEcho: AppPredictionInputConnectorImpl#createPredictionSession
04-12 00:31:08.638 14183 14183 D VRI[NexusLauncherActivity]: Cancelling draw. cancelDueToPreDrawListener=true cancelDueToSync=false
04-12 00:31:08.639 14183 14183 D NexusLauncherModelDelegate: notifySmartspaceEvent: SmartspaceTargetEvent{mSmartspaceTarget=null, mSmartspaceActionId='null', mEventType=7}
04-12 00:31:08.640 14183 14183 D NexusLauncherModelDelegate: notifySmartspaceEvent: SmartspaceTargetEvent{mSmartspaceTarget=null, mSmartspaceActionId='null', mEventType=6}
04-12 00:31:08.641 14183 14183 D Launcher.Workspace: add predicted icon WorkspaceItemInfo(id=1 type=APP container=# com.android.launcher3.logger.LauncherAtom$ContainerInfo@1a1bf6a targetComponent=ComponentInfo{com.google.android.dialer/com.google.android.dialer.extensions.GoogleDialtactsActivity} screen=0 cell(0,0) span(1,1) minSpan(1,1) rank=0 user=UserHandle{0} title=) to home screen
04-12 00:31:08.642 14183 14183 D Launcher.Workspace: add predicted icon WorkspaceItemInfo(id=2 type=APP container=# com.android.launcher3.logger.LauncherAtom$ContainerInfo@1a1ca63 targetComponent=ComponentInfo{org.telegram.messenger/org.telegram.messenger.DefaultIcon} screen=1 cell(1,0) span(1,1) minSpan(1,1) rank=0 user=UserHandle{0} title=Telegram) to home screen
04-12 00:31:08.642 14183 14183 D Launcher.Workspace: add predicted icon WorkspaceItemInfo(id=60 type=APP container=# com.android.launcher3.logger.LauncherAtom$ContainerInfo@1a1d55c targetComponent=ComponentInfo{com.android.chrome/com.google.android.apps.chrome.Main} screen=2 cell(2,0) span(1,1) minSpan(1,1) rank=0 user=UserHandle{0} title=Chrome) to home screen
04-12 00:31:08.642 14183 14183 D Launcher.Workspace: add predicted icon WorkspaceItemInfo(id=16 type=APP container=# com.android.launcher3.logger.LauncherAtom$ContainerInfo@1a1e055 targetComponent=ComponentInfo{com.google.android.youtube/com.google.android.youtube.app.honeycomb.Shell$HomeActivity} screen=3 cell(3,0) span(1,1) minSpan(1,1) rank=0 user=UserHandle{0} title=YouTube) to home screen
04-12 00:31:08.642 14183 14183 D Launcher.Workspace: add predicted icon WorkspaceItemInfo(id=59 type=APP container=# com.android.launcher3.logger.LauncherAtom$ContainerInfo@1a1eb4e targetComponent=ComponentInfo{com.google.android.GoogleCamera/com.android.camera.CameraLauncher} screen=4 cell(4,0) span(1,1) minSpan(1,1) rank=0 user=UserHandle{0} title=) to home screen
04-12 00:31:08.646 14183 14183 D QuickstepLauncher: Bind extra container items
04-12 00:31:08.646 14183 14183 D QuickstepLauncher: Bind extra container items
04-12 00:31:08.646 14183 14183 D QuickstepLauncher: Bind extra container item is hotseat prediction
04-12 00:31:08.646 14183 14183 D HotseatPredictionController: Predicted items is initially empty
04-12 00:31:08.646 14183 14183 D HotseatPredictionController: Predicted items: []
04-12 00:31:08.646 14183 14183 D HotseatPredictionController: fillGapsWithPrediction flags: 
04-12 00:31:08.647 14183 14183 D HotseatPredictionController: Hotseat app child is: com.android.launcher3.views.DoubleShadowBubbleTextView{ec2f967 VFED..CL. ......ID 0,0-0,0 #1} and isPredictedIcon() evaluates to: false
04-12 00:31:08.647 14183 14183 D HotseatPredictionController: Hotseat app child is: com.android.launcher3.views.DoubleShadowBubbleTextView{dabc314 VFED..CL. ......ID 0,0-0,0 #2} and isPredictedIcon() evaluates to: false
04-12 00:31:08.647 14183 14183 D HotseatPredictionController: Hotseat app child is: com.android.launcher3.views.DoubleShadowBubbleTextView{d0a57bd VFED..CL. ......ID 0,0-0,0 #3c} and isPredictedIcon() evaluates to: false
04-12 00:31:08.647 14183 14183 D HotseatPredictionController: Hotseat app child is: com.android.launcher3.views.DoubleShadowBubbleTextView{d5121b2 VFED..CL. ......ID 0,0-0,0 #10} and isPredictedIcon() evaluates to: false
04-12 00:31:08.647 14183 14183 D HotseatPredictionController: Hotseat app child is: com.android.launcher3.views.DoubleShadowBubbleTextView{57bc503 VFED..CL. ......ID 0,0-0,0 #3b} and isPredictedIcon() evaluates to: false
04-12 00:31:08.647 14183 14183 D HotseatPredictionController: bindItems to hotseat: []
04-12 00:31:08.647 14183 14183 D QuickstepLauncher: Bind extra container items
04-12 00:31:08.655 14183 14183 I SsCardPagerAdapter: Use UI template for the feature: 1
04-12 00:31:08.658 14183 14183 D SsBaseTemplateCard: No text view can be set up
04-12 00:31:08.658 14183 14183 D SsBaseTemplateCard: Passed-in item info is null
04-12 00:31:08.658 14183 14183 D SsBaseTemplateCard: Passed-in item info is null
04-12 00:31:08.658 14183 14183 D SsBaseTemplateCard: Passed-in item info is null
04-12 00:31:08.658 14183 14183 I SsBaseTemplateCard: Secondary card pane is null
04-12 00:31:08.661  3571  4219 I AiAiEcho: AppPredictionInputConnectorImpl#createPredictionSession
04-12 00:31:08.662 14183 14202 D LoaderTask: sendFirstScreenActiveInstallsBroadcast
04-12 00:31:08.662 14183 14202 D LoaderTask: step 1 complete
04-12 00:31:08.662  1637  1851 D CompatibilityChangeReporter: Compat change id reported: 135634846; UID 10186; state: DISABLED
04-12 00:31:08.662  1637  1851 D CompatibilityChangeReporter: Compat change id reported: 177438394; UID 10186; state: DISABLED
04-12 00:31:08.663  1637  1851 D CompatibilityChangeReporter: Compat change id reported: 135772972; UID 10186; state: DISABLED
04-12 00:31:08.663  1637  1851 D CompatibilityChangeReporter: Compat change id reported: 135754954; UID 10186; state: ENABLED
04-12 00:31:08.663  1637  1855 D CompatibilityChangeReporter: Compat change id reported: 143937733; UID 10186; state: ENABLED
04-12 00:31:08.664 14183 14183 D BaseDepthController: setSurface:
04-12 00:31:08.664 14183 14183 D BaseDepthController: 	mWaitingOnSurfaceValidity: false
04-12 00:31:08.664 14183 14183 D BaseDepthController: 	mSurface: Surface(name=com.google.android.apps.nexuslauncher/com.google.android.apps.nexuslauncher.NexusLauncherActivity)/@0x23c897d
04-12 00:31:08.671  3571  4219 I AiAiEcho: (REDACTED) Predicting[%d]: %s
04-12 00:31:08.672  3571  4219 I AiAiEcho: (REDACTED) EchoTargets: %s
04-12 00:31:08.672  3571  4219 I AiAiEcho: Filtered by AiAi flag check: %s
04-12 00:31:08.672  3571  4219 I AiAiEcho: (REDACTED) Ranked targets strategy: %s, count: %d, ranking metadata: %s
04-12 00:31:08.673  3571  4219 I AiAiEcho: (REDACTED) #weatherTwiddler: Weather removes SubtitleSupplementalItem in surface: %s
04-12 00:31:08.673  3571  4219 I AiAiEcho: #remoteViewsTwiddler: feature disabled.
04-12 00:31:08.673  3571  4219 I AiAiEcho: (REDACTED) Predicting[%d]: %s
04-12 00:31:08.674  3571  4219 I AiAiEcho: (REDACTED) EchoTargets: %s
04-12 00:31:08.674  3571  4219 I AiAiEcho: Filtered by AiAi flag check: %s
04-12 00:31:08.674  3571  4219 I AiAiEcho: (REDACTED) Ranked targets strategy: %s, count: %d, ranking metadata: %s
04-12 00:31:08.675  3571  4219 I AiAiEcho: (REDACTED) #weatherTwiddler: Weather removes SubtitleSupplementalItem in surface: %s
04-12 00:31:08.675  3571  4219 I AiAiEcho: #remoteViewsTwiddler: feature disabled.
04-12 00:31:08.677  3571  4219 I AiAiEcho: (REDACTED) #postPredictionTargets: Sending updates to UISurface %s with targets# %s (types=[%s])
04-12 00:31:08.679  3571  4219 I AiAiEcho: (REDACTED) #postPredictionTargets: Sending updates to UISurface %s with targets# %s (types=[%s])
04-12 00:31:08.680   899   899 D Zygote  : Forked child process 14254
04-12 00:31:08.681  1637  1855 I ActivityManager: Start proc 14254:com.google.android.apps.wallpaper/u0a186 for content provider {com.google.android.apps.wallpaper/com.google.android.apps.wallpaper.provider.RecentWallpapersProvider}
04-12 00:31:08.682 12711 14226 I GsaConfigFlagsSyncer: Flags already sync'ed.
04-12 00:31:08.689  1637  1843 E ActivityTaskManager: setVisibility=false while transition is not collecting or finishing ActivityRecord{68aa8f1 u0 com.google.android.apps.nexuslauncher/.NexusLauncherActivity t1855} caller=com.android.server.wm.ActivityRecord.setVisibility:5302 com.android.server.wm.ActivityRecord.makeInvisible:6086 com.android.server.wm.EnsureActivitiesVisibleHelper.setActivityVisibilityState:226 com.android.server.wm.EnsureActivitiesVisibleHelper.process:144 com.android.server.wm.TaskFragment.updateActivityVisibilities:1179 com.android.server.wm.Task.lambda$ensureActivitiesVisible$20:4898 com.android.server.wm.Task.$r8$lambda$glAS06h6u0gde7lZWW7SuxTbP1w:0 com.android.server.wm.Task$$ExternalSyntheticLambda16.accept:0 
04-12 00:31:08.698 14254 14254 I .apps.wallpaper: Using CollectorTypeCMC GC.
04-12 00:31:08.702 14183 14183 D BaseDepthController: setSurface:
04-12 00:31:08.702 14183 14183 D BaseDepthController: 	mWaitingOnSurfaceValidity: false
04-12 00:31:08.702 14183 14183 D BaseDepthController: 	mSurface: null
04-12 00:31:08.702 14183 14183 D BaseDepthController: mSurface is null and mCurrentBlur is: 0
04-12 00:31:08.702 14183 14183 D b/279059025: go to state Normal
04-12 00:31:08.703 14183 14183 D StatsLog: LAUNCHER_ONSTOP
04-12 00:31:08.705 14254 14254 E .apps.wallpaper: Not starting debugger since process cannot load the jdwp agent.
04-12 00:31:08.705 14183 14183 D StatsLog: LAUNCHER_GOOGLE_SEARCH_RESTORE_LIST_SIZE_AFTER_ACTIVITY_RESTART
04-12 00:31:08.706 14183 14183 D NexusLauncherModelDelegate: notifySmartspaceEvent: SmartspaceTargetEvent{mSmartspaceTarget=null, mSmartspaceActionId='null', mEventType=7}
04-12 00:31:08.706 14183 14183 D NexusLauncherModelDelegate: notifySmartspaceEvent: SmartspaceTargetEvent{mSmartspaceTarget=null, mSmartspaceActionId='null', mEventType=7}
04-12 00:31:08.710 12711 12711 I A       : onStop
04-12 00:31:08.717 14183 14201 I ImeTracker: com.google.android.apps.nexuslauncher:e48bfff2: onRequestHide at ORIGIN_CLIENT_HIDE_SOFT_INPUT reason HIDE_SOFT_INPUT
04-12 00:31:08.717 14183 14201 I ImeTracker: com.google.android.apps.nexuslauncher:e48bfff2: onFailed at PHASE_CLIENT_VIEW_SERVED
04-12 00:31:08.719  1637  3983 D CompatibilityChangeReporter: Compat change id reported: 168419799; UID 10186; state: DISABLED
04-12 00:31:08.719  1637  3983 D CompatibilityChangeReporter: Compat change id reported: 273564678; UID 10186; state: DISABLED
04-12 00:31:08.721 14254 14254 D CompatibilityChangeReporter: Compat change id reported: 171979766; UID 10186; state: ENABLED
04-12 00:31:08.722 14254 14254 D CompatibilityChangeReporter: Compat change id reported: 242716250; UID 10186; state: ENABLED
04-12 00:31:08.726  1637  2759 D CompatibilityChangeReporter: Compat change id reported: 170503758; UID 10186; state: ENABLED
04-12 00:31:08.740 14254 14254 D nativeloader: Configuring clns-shared-4 for other apk /system/framework/org.apache.http.legacy.jar. target_sdk_version=34, uses_libraries=ALL, library_path=/system_ext/priv-app/WallpaperPickerGoogleRelease/lib/arm64:/system/lib64:/system_ext/lib64, permitted_path=/data:/mnt/expand:/data/user/0/com.google.android.apps.wallpaper:/system_ext/priv-app/WallpaperPickerGoogleRelease:/system/lib64:/system_ext/lib64
04-12 00:31:08.740 14254 14254 D nativeloader: Extending system_exposed_libraries: libedgetpu_dba.google.so
04-12 00:31:08.755 14254 14254 D nativeloader: Configuring clns-shared-5 for other apk /system_ext/priv-app/WallpaperPickerGoogleRelease/WallpaperPickerGoogleRelease.apk. target_sdk_version=34, uses_libraries=, library_path=/system_ext/priv-app/WallpaperPickerGoogleRelease/lib/arm64:/system/lib64:/system_ext/lib64, permitted_path=/data:/mnt/expand:/data/user/0/com.google.android.apps.wallpaper:/system_ext/priv-app/WallpaperPickerGoogleRelease:/system/lib64:/system_ext/lib64
04-12 00:31:08.775 14254 14254 V GraphicsEnvironment: Currently set values for:
04-12 00:31:08.775 14254 14254 V GraphicsEnvironment:   angle_gl_driver_selection_pkgs=[]
04-12 00:31:08.775 14254 14254 V GraphicsEnvironment:   angle_gl_driver_selection_values=[]
04-12 00:31:08.775 14254 14254 V GraphicsEnvironment: ANGLE GameManagerService for com.google.android.apps.wallpaper: false
04-12 00:31:08.775 14254 14254 V GraphicsEnvironment: com.google.android.apps.wallpaper is not listed in per-application setting
04-12 00:31:08.776 14254 14254 V GraphicsEnvironment: Neither updatable production driver nor prerelease driver is supported.
04-12 00:31:08.815  1637  2759 D ActivityTaskManager: Top Process State changed to PROCESS_STATE_TOP_SLEEPING
04-12 00:31:08.815  3571  3584 I AiAiEcho: (REDACTED) Settings changed for uri: %s
04-12 00:31:08.816  1637  1840 V WindowManager: Sent Transition #2227 createdAt=04-12 00:31:08.815 via request=TransitionRequestInfo { type = 12, triggerTask = null, remoteTransition = null, displayChange = null, flags = 0 }
04-12 00:31:08.816  1637  1840 V WindowManager:     startWCT=null
04-12 00:31:08.816  1637  1840 V WindowManager:     info={id=2227 t=SLEEP f=0x0 trk=0 r=[] c=[]}
04-12 00:31:08.816  2125  2149 V WindowManagerShell: Transition requested: android.os.BinderProxy@228c7cc TransitionRequestInfo { type = 12, triggerTask = null, remoteTransition = null, displayChange = null, flags = 0 }
04-12 00:31:08.816  3571  4219 I AiAiEcho: (REDACTED) Predicting[%d]: %s
04-12 00:31:08.817  3571  4219 I AiAiEcho: (REDACTED) EchoTargets: %s
04-12 00:31:08.817  3571  4219 I AiAiEcho: Filtered by AiAi flag check: %s
04-12 00:31:08.817  3571  4219 I AiAiEcho: (REDACTED) Ranked targets strategy: %s, count: %d, ranking metadata: %s
04-12 00:31:08.818  3571  4219 I AiAiEcho: (REDACTED) #weatherTwiddler: Weather removes SubtitleSupplementalItem in surface: %s
04-12 00:31:08.818  3571  4219 I AiAiEcho: #remoteViewsTwiddler: feature disabled.
04-12 00:31:08.818  3571  4219 I AiAiEcho: (REDACTED) Predicting[%d]: %s
04-12 00:31:08.819  3571  4219 I AiAiEcho: (REDACTED) EchoTargets: %s
04-12 00:31:08.819  3571  4219 I AiAiEcho: Filtered by AiAi flag check: %s
04-12 00:31:08.819  3571  4219 I AiAiEcho: (REDACTED) Ranked targets strategy: %s, count: %d, ranking metadata: %s
04-12 00:31:08.819  3571  4219 I AiAiEcho: #remoteViewsTwiddler: feature disabled.
04-12 00:31:08.820  3571  4219 I AiAiEcho: (REDACTED) Predicting[%d]: %s
04-12 00:31:08.820  3571  4219 I AiAiEcho: (REDACTED) EchoTargets: %s
04-12 00:31:08.820  3571  4219 I AiAiEcho: Filtered by AiAi flag check: %s
04-12 00:31:08.821  3571  4219 I AiAiEcho: (REDACTED) Ranked targets strategy: %s, count: %d, ranking metadata: %s
04-12 00:31:08.821  3571  4219 I AiAiEcho: (REDACTED) #weatherTwiddler: Weather removes SubtitleSupplementalItem in surface: %s
04-12 00:31:08.821  3571  4219 I AiAiEcho: #remoteViewsTwiddler: feature disabled.
04-12 00:31:08.824  1637  4502 W Transition: Transition already started id=2227 state=2
04-12 00:31:08.824  2125  2149 V WindowManagerShell: onTransitionReady android.os.BinderProxy@228c7cc: {id=2227 t=SLEEP f=0x0 trk=0 r=[] c=[]}
04-12 00:31:08.825  2125  2149 V WindowManagerShell: No transition roots in (#2227)android.os.BinderProxy@228c7cc@0 so abort
04-12 00:31:08.825  2125  2149 V WindowManagerShell: Transition animation finished (aborted=true), notifying core (#2227)android.os.BinderProxy@228c7cc@0
04-12 00:31:08.826  3571  4219 I AiAiEcho: (REDACTED) #postPredictionTargets: Sending updates to UISurface %s with targets# %s (types=[%s])
04-12 00:31:08.827  3571  4219 I AiAiEcho: (REDACTED) #postPredictionTargets: Sending updates to UISurface %s with targets# %s (types=[%s])
04-12 00:31:08.827  2125  2125 W View    : requestLayout() improperly called by com.android.keyguard.CarrierText{3f8528e V.ED..... ......ID 47,0-467,132 #7f0a03c1 app:id/keyguard_carrier_text} during layout: running second layout pass
04-12 00:31:08.828  1637  1840 V WindowManager: Finish Transition #2227: created at 04-12 00:31:08.815 collect-started=0.013ms request-sent=0.04ms started=0.282ms ready=0.278ms sent=0.37ms finished=12.536ms
04-12 00:31:08.829  2125  2149 V WindowManagerShell: Track 0 became idle
04-12 00:31:08.829  2125  2149 V WindowManagerShell: All active transition animations finished
04-12 00:31:08.829 13830 13830 W ElapsedTimeUtils: getElapsedTime: sSuwFinishedTimeStamp is null
04-12 00:31:08.829  3571  4219 I AiAiEcho: (REDACTED) #postPredictionTargets: Sending updates to UISurface %s with targets# %s (types=[%s])
04-12 00:31:08.830 13830 13830 W ElapsedTimeUtils: getElapsedTime: sSuwFinishedTimeStamp is null
04-12 00:31:08.842  2125  2125 D SsMediaDataProvider: Forwarding Smartspace updates []
04-12 00:31:08.842  2125  2125 I WeatherSmartspaceView: setFormattedContentDescription: text=9C, iconDescription= , contentDescription= , 9C
04-12 00:31:08.842  2125  2125 I WeatherData: Weather data parsed PARTLY_CLOUDY (" ") 9C from Bundle[{description= , feedback_intent=null, explanation_intent=Supplier{VAL_PARCELABLE@168+1964}, is_gaia_linked_data=true, use_celsius=true, state=5, temperature=9}]
04-12 00:31:08.843  2125  2125 W PageIndicator: Total number of pages invalid: 0. Assuming 1 page.
04-12 00:31:08.845  2125  2125 I WeatherDigitalClockView:  got 9 from PARTLY_CLOUDY (" ") 9C
04-12 00:31:08.850 13830 13830 D DashboardFragment: unregister observer: @815d1fb, uri: content://com.google.android.apps.wellbeing.api/digitalWellbeingSummary
04-12 00:31:08.859  2125  2125 W FrameTracker: Missed App frame:JANK_APP_DEADLINE_MISSED, 34283736, 18676274, CUJ=J<SCREEN_OFF_SHOW_AOD::DIGITAL_CLOCK_WEATHER>
04-12 00:31:08.859  2125  2125 W FrameTracker: Missing HWUI jank callback for vsyncId: 34284232, CUJ=J<SCREEN_OFF_SHOW_AOD::DIGITAL_CLOCK_WEATHER>
04-12 00:31:08.874   616  5156 W gralloc4: Unable to set buffer name ImageReader-155x155f1u2816m2-14183-2: File name too long
04-12 00:31:08.887 14183 14206 E FrameEvents: updateAcquireFence: Did not find frame.
04-12 00:31:08.952 14183 14202 D LoaderTask: loadAllApps
04-12 00:31:08.952 14183 14202 D LoaderTask: bindAllApps
04-12 00:31:08.953 14183 14183 D StatsLog: LAUNCHER_ALLAPPS_COUNT
04-12 00:31:08.961  1637  5065 D SearchUiPerUserService: Creating SearchSessionInfo for session Id=com.google.android.apps.nexuslauncher:2344e596-5a13-47e2-9ea6-422f83275081,0
04-12 00:31:08.963  1637  4502 D SearchUiPerUserService: Storing callback for session Id=com.google.android.apps.nexuslauncher:2344e596-5a13-47e2-9ea6-422f83275081,0 and callback=android.os.BinderProxy@131914c
04-12 00:31:08.963  3571  3571 I AiAiEcho: (REDACTED) SearchContextManagerImpl::setSearchContext resultTypes=[%s] extras=[%s] sessionId=[%s]
04-12 00:31:08.966 14183 14201 D SearchTargetUtil:  query= size=1
04-12 00:31:08.967 14183 14201 D SearchTargetUtil: layoutType=icon_row resultType=4096 packageName= extras=Bundle{aiai_settings_enabled=false,icon_container_enabled=true,zero_state_query_ready=true,zero_state_all_apps_web_suggest_count=3,rank=1.0,toast_settings_toggle_values=16777476,key_ipc_start=478454755,hide_subtitle=true,enable_launch_animations=true,zero_state_qsb_web_suggest_count=10,}ParentID: null targetID: SESSION_INFO:0::zero_state_flags
04-12 00:31:09.090 12711 13868 I A       : Running throttled refresh
04-12 00:31:09.108 12711 13867 I A       : (REDACTED) Starting batch sync for corpora: %s
04-12 00:31:09.111 12711 13034 I DPContextParams: Building Device Properties.
04-12 00:31:09.127 14183 14202 D LoaderTask: update icon cache
04-12 00:31:09.127 14183 14202 D LoaderTask: save shortcuts in icon cache
04-12 00:31:09.128 14183 14202 D LoaderTask: step 2 complete
04-12 00:31:09.131 12711 14228 I A       : (REDACTED) The syncToken for corpus %s is %s.
04-12 00:31:09.132 14183 14202 D LoaderTask: loadDeepShortcuts
04-12 00:31:09.132 14183 14202 D LoaderTask: bindDeepShortcuts
04-12 00:31:09.132 14183 14202 D LoaderTask: save deep shortcuts in icon cache
04-12 00:31:09.138  1637  2053 D InetDiagMessage: Destroyed 0 sockets, proto=IPPROTO_TCP, family=AF_INET, states=14
04-12 00:31:09.139  1637  2053 D InetDiagMessage: Destroyed 0 sockets, proto=IPPROTO_TCP, family=AF_INET6, states=14
04-12 00:31:09.139  1637  2053 D InetDiagMessage: Destroyed live tcp sockets for uids={10148, 10200} in 3ms
04-12 00:31:09.148 14183 14202 D LoaderTask: step 3 complete
04-12 00:31:09.376  1126  1152 D RILClient: [OemClient]IND: (clientId = 0, msgId = 2016, dataLength = 996, channel = 0)
04-12 00:31:09.376  1007  2120 D RILClient: [OemClient]IND: (clientId = 2, msgId = 2016, dataLength = 996, channel = 0)
04-12 00:31:09.377  1126  1152 D RILClient: [OemClient]IND: (clientId = 0, msgId = 5104, dataLength = 7, channel = 0)
04-12 00:31:09.377  1007  2120 D RILClient: [OemClient]IND: (clientId = 2, msgId = 5104, dataLength = 7, channel = 0)
04-12 00:31:09.377 12711 14228 D TrafficStats: tagSocket(97) with statsTag=0x0, statsUid=-1
04-12 00:31:09.380  2482  2482 I SHANNON_IMS: 6496 [DATA] Received mCellStatus [ 1 ]  [  band : 0] (RilIndImsPhysicalChannelConfigs%update:44)
04-12 00:31:09.380  2482  2482 I SHANNON_IMS: 6497 [NETW] #:PURP:# UNSOL {RILC_UNSOL_PHYSICAL_CHANNEL_CONFIGS} :   band : 1  (NetworkAdaptor$AdaptorChannel%onMessage:306)
04-12 00:31:09.385  2765  2831 D IwlanNetworkServiceHandler: msg.what = EVENT_NETWORK_REGISTRATION_INFO_REQUEST
04-12 00:31:09.388  1001  2443 I WifiHAL : found interface wlan0
04-12 00:31:09.389  3232  3359 D StateService: Country ISO: ru
04-12 00:31:09.396  2765  2831 D IwlanNetworkServiceHandler[0]: : reg state REGISTRATION_STATE_NOT_REGISTERED_SEARCHING
04-12 00:31:09.408  1007  2120 D RILClient: [OemClient]IND: (clientId = 2, msgId = 3005, dataLength = 17, channel = 0)
04-12 00:31:09.408  1126  1152 D RILClient: [OemClient]IND: (clientId = 0, msgId = 3005, dataLength = 17, channel = 0)
04-12 00:31:09.409  2482  2482 I SHANNON_IMS: 6501 [NETW] #:PURP:# UNSOL {RILC_UNSOL_IMS_SUPPORT_SERVICE} : VoPS : 0  EMC : 0  SIM_IDX : 0  RAT : 14  REG_STATE : 1  CELL_ID : 198398771  LAC/TAC : 27873  (NetworkAdaptor$AdaptorChannel%onMessage:306)
04-12 00:31:09.409  2482  2482 I SHANNON_IMS: 6502 [CONN] #:ORNG:# supportService [VoPS : 0/ EMC : 0/ RAT_INFO : 14/ REG_STATE : 1/ CELL_ID : 198398771/ LAC-TAC Info : 27873]  [SLID:0 ] (ImsConnectivityMgr$RegistrationListener%supportService:2852)
04-12 00:31:09.445  1001  2443 I WifiHAL : Setting Channel Avoidance success
04-12 00:31:09.627 12711 14226 D TrafficStats: tagSocket(327) with statsTag=0x0, statsUid=-1
04-12 00:31:09.639  2482  2482 I SHANNON_IMS: 6509 [CALL] isEmcAvailable for false (ImsCallManager%isEmcAvailable:1447)
04-12 00:31:09.654 14183 14202 D LoaderTask: load widgets
04-12 00:31:09.666 14183 14202 D LoaderTask: bindWidgets
04-12 00:31:09.678 14183 14202 D LoaderTask: save widgets in icon cache
04-12 00:31:09.697 14183 14202 D LoaderTask: finish icon update
04-12 00:31:09.708 14183 14202 D StatsLog: LAUNCHER_GOOGLE_OPEN_ALLAPPS_WITH_IME_DISABLED
04-12 00:31:09.709 14183 14202 D StatsLog: LAUNCHER_GOOGLE_ALLAPPS_SEARCH_CORPUS_CODE
04-12 00:31:09.709 14183 14202 D StatsLog: LAUNCHER_SETTINGS_OMNI_NAV_HANDLE_TOGGLE_VALUE
04-12 00:31:09.709 14183 14202 D StatsLog: LAUNCHER_SETTINGS_OMNI_HOME_BUTTON_TOGGLE_VALUE
04-12 00:31:09.711 14183 14202 D QuickstepModelDelegate: Successfully registered for launcher snapshot logging!
04-12 00:31:09.714 14183 14183 D QuickstepLauncher: Bind extra container items
04-12 00:31:09.714 14183 14183 D QuickstepLauncher: Bind extra container items
04-12 00:31:09.715 14183 14183 I SsCardPagerAdapter: Use UI template for the feature: 1
04-12 00:31:09.721 14183 14183 D SsBaseTemplateCard: No text view can be set up
04-12 00:31:09.723 14183 14183 I SsBaseTemplateCard: setFormattedContentDescription: text=9C, iconDescription= , contentDescription= , 9C
04-12 00:31:09.723 14183 14183 D SsBaseTemplateCard: Passed-in item info is null
04-12 00:31:09.723 14183 14183 D SsBaseTemplateCard: Passed-in item info is null
04-12 00:31:09.723 14183 14183 I SsBaseTemplateCard: Secondary card pane is null
04-12 00:31:09.725 14183 14183 D NexusLauncherModelDelegate: notifySmartspaceEvent: SmartspaceTargetEvent{mSmartspaceTarget=SmartspaceTarget{mSmartspaceTargetId='WEATHER-569377244', mHeaderAction=SmartspaceAction{mId='WEATHER', mIcon=Icon(typ=BITMAP size=192x192), mTitle=9C, mSubtitle=9C, mContentDescription= , mPendingIntent=null, mIntent=Intent { act=android.intent.action.VIEW flg=0x18000000 cmp=com.google.android.googlequicksearchbox/com.google.android.apps.search.assistant.verticals.ambient.smartspace.trampolineactivity.ExportedSmartspaceTrampolineActivity (has extras) }, mUserHandle=UserHandle{0}, mExtras=Bundle[mParcelledData.dataSize=2284]}, mBaseAction=SmartspaceAction{mId='', mIcon=null, mTitle=, mSubtitle=, mContentDescription=, mPendingIntent=null, mIntent=null, mUserHandle=UserHandle{0}, mExtras=Bundle[{description= , feedback_intent=null, explanation_intent=Supplier{VAL_PARCELABLE@168+1964}, is_gaia_linked_data=true, use_celsius=true, state=5, temperature=9}]}, mCreationTimeMillis=1712869200000, mExpiryTimeMillis=1712872800000, mScore=0.0, mActionChips=[], mIconGrid=[], mFeatureType=1, mSensitive=false, mShouldShowExpanded=false, mSourceNotificationKey='', mComponentName=ComponentInfo{package_name/class_name}, mUserHandle=UserHandle{0}, mAssociatedSmartspaceTargetId='null', mSliceUri=null, mWidget=null, mTemplateData=BaseTemplateData{mTemplateType=1, mPrimaryItem=null, mSubtitleItem=SubItemInfo{mText=Text{mText=9C, mTruncateAtType=END, mMaxLines=1}, mIcon=SmartspaceIcon{mIcon=Icon(typ=BITMAP size=192x192), mContentDescription= , mShouldTint=false}, mTapAction=SmartspaceTapAction{mId=mIntent=Intent { act=android.intent.action.VIEW flg=0x18000000 cmp=com.google.android.googlequicksearchbox/com.google.android.apps.search.assistant.verticals.ambient.smartspace.trampolineactivity.ExportedSmartspaceTrampolineActivity (has extras) }, mPendingIntent=null, mUserHandle=null, mExtras=null, mShouldShowOnLockscreen=false}, mLoggingInfo=SubItemLoggingInfo{mInstanceId=2046, mFeatureType=1, mPackageName=}}, mSubtitleSupplementalItem=null, mSupplementalLineItem=null, mSupplementalAlarmItem=null, mLayoutWeight=1}}, mSmartspaceActionId='', mEventType=8}
04-12 00:31:09.725 14183 14183 D QuickstepLauncher: Bind extra container items
04-12 00:31:09.725 14183 14183 D SsBaseTemplateCard: No text view can be set up
04-12 00:31:09.725 14183 14183 I SsBaseTemplateCard: setFormattedContentDescription: text=9C, iconDescription= , contentDescription= , 9C
04-12 00:31:09.725 14183 14183 D SsBaseTemplateCard: Passed-in item info is null
04-12 00:31:09.725 14183 14183 D SsBaseTemplateCard: Passed-in item info is null
04-12 00:31:09.725 14183 14183 I SsBaseTemplateCard: Secondary card pane is null
04-12 00:31:09.725 14183 14183 D QuickstepLauncher: Bind extra container items
04-12 00:31:09.726 14183 14183 D QuickstepLauncher: Bind extra container items
04-12 00:31:09.726 14183 14183 D SsBaseTemplateCard: No text view can be set up
04-12 00:31:09.726 14183 14183 I SsBaseTemplateCard: setFormattedContentDescription: text=9C, iconDescription= , contentDescription= , 9C
04-12 00:31:09.726 14183 14183 D SsBaseTemplateCard: Passed-in item info is null
04-12 00:31:09.726 14183 14183 D SsBaseTemplateCard: Passed-in item info is null
04-12 00:31:09.726 14183 14183 I SsBaseTemplateCard: Secondary card pane is null
04-12 00:31:09.726 14183 14183 D QuickstepLauncher: Bind extra container items
04-12 00:31:09.943 12711 14226 I A       : (REDACTED) Writing metadata key: %s, corpus: %s
04-12 00:31:09.945 12711 14226 I A       : (REDACTED) Writing metadata key: %s, corpus: %s
04-12 00:31:09.953 12711 13868 I A       : (REDACTED) Starting batch sync for corpora: %s
04-12 00:31:09.956 12711 13080 I DPContextParams: Building Device Properties.
04-12 00:31:09.964 12711 13034 E SQLiteLog: (1) no such table: geller_metadata_table in "SELECT DISTINCT metadata FROM geller_metadata_table WHERE data_type = ? AND key = ?"
04-12 00:31:09.965 12711 13034 E A       : Read metadata failed
04-12 00:31:09.965 12711 13034 E A       : android.database.sqlite.SQLiteException: no such table: geller_metadata_table (code 1 SQLITE_ERROR): , while compiling: SELECT DISTINCT metadata FROM geller_metadata_table WHERE data_type = ? AND key = ?
04-12 00:31:09.965 12711 13034 E A       : 	at android.database.sqlite.SQLiteConnection.nativePrepareStatement(Native Method)
04-12 00:31:09.965 12711 13034 E A       : 	at android.database.sqlite.SQLiteConnection.acquirePreparedStatement(SQLiteConnection.java:1069)
04-12 00:31:09.965 12711 13034 E A       : 	at android.database.sqlite.SQLiteConnection.prepare(SQLiteConnection.java:673)
04-12 00:31:09.965 12711 13034 E A       : 	at android.database.sqlite.SQLiteSession.prepare(SQLiteSession.java:590)
04-12 00:31:09.965 12711 13034 E A       : 	at android.database.sqlite.SQLiteProgram.<init>(SQLiteProgram.java:62)
04-12 00:31:09.965 12711 13034 E A       : 	at android.database.sqlite.SQLiteQuery.<init>(SQLiteQuery.java:37)
04-12 00:31:09.965 12711 13034 E A       : 	at android.database.sqlite.SQLiteDirectCursorDriver.query(SQLiteDirectCursorDriver.java:46)
04-12 00:31:09.965 12711 13034 E A       : 	at android.database.sqlite.SQLiteDatabase.rawQueryWithFactory(SQLiteDatabase.java:1714)
04-12 00:31:09.965 12711 13034 E A       : 	at android.database.sqlite.SQLiteDatabase.queryWithFactory(SQLiteDatabase.java:1561)
04-12 00:31:09.965 12711 13034 E A       : 	at android.database.sqlite.SQLiteDatabase.query(SQLiteDatabase.java:1432)
04-12 00:31:09.965 12711 13034 E A       : 	at com.google.android.libraries.geller.portable.database.h.d(PG:4)
04-12 00:31:09.965 12711 13034 E A       : 	at com.google.android.libraries.geller.portable.database.f.readMetadata(PG:2)
04-12 00:31:09.965 12711 13034 E A       : 	at com.google.android.libraries.geller.portable.Geller.nativeReadMetadata(Native Method)
04-12 00:31:09.965 12711 13034 E A       : 	at com.google.android.libraries.geller.portable.Geller.c(PG:4)
04-12 00:31:09.965 12711 13034 E A       : 	at com.google.android.libraries.search.l.i.apply(PG:1)
04-12 00:31:09.965 12711 13034 E A       : 	at com.google.android.libraries.search.l.u.a(PG:4)
04-12 00:31:09.965 12711 13034 E A       : 	at com.google.apps.tiktok.tracing.fd.a(PG:3)
04-12 00:31:09.965 12711 13034 E A       : 	at com.google.common.util.concurrent.bb.a(PG:1)
04-12 00:31:09.965 12711 13034 E A       : 	at com.google.common.util.concurrent.cu.run(PG:4)
04-12 00:31:09.965 12711 13034 E A       : 	at com.google.android.libraries.k.x.run(PG:1)
04-12 00:31:09.965 12711 13034 E A       : 	at com.google.common.n.c.c.run(PG:23)
04-12 00:31:09.965 12711 13034 E A       : 	at com.google.android.libraries.k.e.run(PG:2)
04-12 00:31:09.965 12711 13034 E A       : 	at java.lang.Thread.run(Thread.java:1012)
04-12 00:31:09.965 12711 13034 E A       : 	at com.google.android.libraries.k.d.b.run(PG:6)
04-12 00:31:09.965 12711 13080 E SQLiteLog: (1) no such table: geller_database_info_table in "SELECT DISTINCT info FROM geller_database_info_table WHERE key = ?"
04-12 00:31:09.967 12711 13080 E A       : Read database info failed
04-12 00:31:09.967 12711 13080 E A       : android.database.sqlite.SQLiteException: no such table: geller_database_info_table (code 1 SQLITE_ERROR): , while compiling: SELECT DISTINCT info FROM geller_database_info_table WHERE key = ?
04-12 00:31:09.967 12711 13080 E A       : 	at android.database.sqlite.SQLiteConnection.nativePrepareStatement(Native Method)
04-12 00:31:09.967 12711 13080 E A       : 	at android.database.sqlite.SQLiteConnection.acquirePreparedStatement(SQLiteConnection.java:1069)
04-12 00:31:09.967 12711 13080 E A       : 	at android.database.sqlite.SQLiteConnection.prepare(SQLiteConnection.java:673)
04-12 00:31:09.967 12711 13080 E A       : 	at android.database.sqlite.SQLiteSession.prepare(SQLiteSession.java:590)
04-12 00:31:09.967 12711 13080 E A       : 	at android.database.sqlite.SQLiteProgram.<init>(SQLiteProgram.java:62)
04-12 00:31:09.967 12711 13080 E A       : 	at android.database.sqlite.SQLiteQuery.<init>(SQLiteQuery.java:37)
04-12 00:31:09.967 12711 13080 E A       : 	at android.database.sqlite.SQLiteDirectCursorDriver.query(SQLiteDirectCursorDriver.java:46)
04-12 00:31:09.967 12711 13080 E A       : 	at android.database.sqlite.SQLiteDatabase.rawQueryWithFactory(SQLiteDatabase.java:1714)
04-12 00:31:09.967 12711 13080 E A       : 	at android.database.sqlite.SQLiteDatabase.queryWithFactory(SQLiteDatabase.java:1561)
04-12 00:31:09.967 12711 13080 E A       : 	at android.database.sqlite.SQLiteDatabase.query(SQLiteDatabase.java:1432)
04-12 00:31:09.967 12711 13080 E A       : 	at com.google.android.libraries.geller.portable.database.h.d(PG:4)
04-12 00:31:09.967 12711 13080 E A       : 	at com.google.android.libraries.geller.portable.database.f.readDatabaseInfo(PG:2)
04-12 00:31:09.967 12711 13080 E A       : 	at com.google.android.libraries.geller.portable.Geller.nativeReadDatabaseInfo(Native Method)
04-12 00:31:09.967 12711 13080 E A       : 	at com.google.android.libraries.geller.portable.i.call(PG:2)
04-12 00:31:09.967 12711 13080 E A       : 	at com.google.apps.tiktok.tracing.ff.call(PG:3)
