04-12 00:29:14.306  1637  4166 W ContextImpl: Calling a method in the system process without a qualified user: android.app.ContextImpl.sendBroadcastMultiplePermissions:1303 com.android.server.TelephonyRegistry.broadcastServiceStateChanged:3562 com.android.server.TelephonyRegistry.notifyServiceStateForPhoneId:1728 com.android.internal.telephony.ITelephonyRegistry$Stub.onTransact:534 android.os.Binder.execTransactInternal:1358 
04-12 00:29:14.307  2482  3030 I SHANNON_IMS: 6458 [PROX] onReceive: intent= [Intent { act=android.intent.action.SERVICE_STATE flg=0x1000010 (has extras) }] (ConnectivityBroadcastReceiver%onReceive:103)
04-12 00:29:14.312  1637  4166 W ContextImpl: Calling a method in the system process without a qualified user: android.app.ContextImpl.sendBroadcastMultiplePermissions:1303 com.android.server.TelephonyRegistry.broadcastServiceStateChanged:3568 com.android.server.TelephonyRegistry.notifyServiceStateForPhoneId:1728 com.android.internal.telephony.ITelephonyRegistry$Stub.onTransact:534 android.os.Binder.execTransactInternal:1358 
04-12 00:29:14.314  2540  2540 D ServiceStateProvider: subId=1
04-12 00:29:14.316 27235 27235 D CellBroadcastReceiver: onReceive Intent { act=android.intent.action.SERVICE_STATE flg=0x1000010 cmp=com.google.android.cellbroadcastreceiver/com.android.cellbroadcastreceiver.CellBroadcastReceiver (has extras) }
04-12 00:29:14.317 27235 27235 D CellBroadcastReceiver: onServiceStateChanged, ss: 0
04-12 00:29:14.318 27235 27235 D CellBroadcastReceiver: networkOperator: 25020
04-12 00:29:14.318 27235 27235 D CellBroadcastReceiver: update supported roaming operator as 
04-12 00:29:14.319  2540  2540 I Telephony: TelecomAccountTelephonyCallback: onServiceStateChanged: newState=0, mServiceState=0
04-12 00:29:14.321  2540  2540 I Telephony: isRttCurrentlySupported -- regular acct, hasVoiceAvailability: false
04-12 00:29:14.321  2540  2540 I Telephony:  isRttSupported: false
04-12 00:29:14.321  2540  2540 I Telephony:  alwaysAllowWhileRoaming: false
04-12 00:29:14.321  2540  2540 I Telephony:  isRoaming: false
04-12 00:29:14.321  2540  2540 I Telephony:  isOnWfc: false
04-12 00:29:14.458 10278 10458 I TRuntime.CctTransportBackend: Status Code: 200
04-12 00:29:14.518  2482  2482 I SHANNON_IMS: 6464 [CALL] isEmcAvailable for false (ImsCallManager%isEmcAvailable:1447)
04-12 00:29:14.599 13104 13193 W Auth    : [RequestTokenManager] getToken() -> NEED_REMOTE_CONSENT. App: com.google.android.calendar, Service: oauth2:https://www.googleapis.com/auth/notifications
04-12 00:29:14.602 13104 13193 W Auth    : [GetToken] GetToken failed with status code: NeedRemoteConsent  [CONTEXT service_id=343 ]
04-12 00:29:14.643  7030 14097 W Auth    : [GoogleAuthUtil] [GoogleAuthUtil] error status:NEED_REMOTE_CONSENT with method:getTokenWithDetails
04-12 00:29:14.672  7030  7155 W GnpSdk  : Job finished with transient failure. Job ID: 'GNP_SDK_JOB::no_account::15', key: 'GNP_REGISTRATION'
04-12 00:29:14.672  7030  7155 W GnpSdk  : com.google.android.gms.auth.UserRecoverableAuthException: NeedRemoteConsent
04-12 00:29:14.672  7030  7155 W GnpSdk  : 	at cal.twr.e(PG:221)
04-12 00:29:14.672  7030  7155 W GnpSdk  : 	at cal.twr.j(PG:62)
04-12 00:29:14.672  7030  7155 W GnpSdk  : 	at cal.twn.a(PG:106)
04-12 00:29:14.672  7030  7155 W GnpSdk  : 	at cal.twr.i(PG:50)
04-12 00:29:14.672  7030  7155 W GnpSdk  : 	at cal.twr.l(PG:251)
04-12 00:29:14.672  7030  7155 W GnpSdk  : 	at cal.xyv.e(PG:8)
04-12 00:29:14.672  7030  7155 W GnpSdk  : 	at cal.xyv.a(PG:40)
04-12 00:29:14.672  7030  7155 W GnpSdk  : 	at cal.ycy.j(PG:77)
04-12 00:29:14.672  7030  7155 W GnpSdk  : 	at cal.ycy.c(PG:90)
04-12 00:29:14.672  7030  7155 W GnpSdk  : 	at cal.ycy.d(PG:195)
04-12 00:29:14.672  7030  7155 W GnpSdk  : 	at cal.ycy.g(PG:79)
04-12 00:29:14.672  7030  7155 W GnpSdk  : 	at cal.ycv.b(PG:36)
04-12 00:29:14.672  7030  7155 W GnpSdk  : 	at cal.apub.dn(PG:12)
04-12 00:29:14.672  7030  7155 W GnpSdk  : 	at cal.aqbe.run(PG:111)
04-12 00:29:14.672  7030  7155 W GnpSdk  : 	at java.util.concurrent.ThreadPoolExecutor.runWorker(ThreadPoolExecutor.java:1145)
04-12 00:29:14.672  7030  7155 W GnpSdk  : 	at java.util.concurrent.ThreadPoolExecutor$Worker.run(ThreadPoolExecutor.java:644)
04-12 00:29:14.672  7030  7155 W GnpSdk  : 	at java.lang.Thread.run(Thread.java:1012)
04-12 00:29:15.484  2482  3027 W SHANNON_IMS: 6465 [CONN] Timer IMS_SUPPORT_SERVICE_TIMER expired (ConnectionTimer$ConnectionTimerTask%run:70)
04-12 00:29:18.249  1830  1832 I pixel-thermal: VIRTUAL-USB-UI:0 raw data: USB2-MINUS-CHG:-2092 VIRTUAL-USB-UI:0 charger_skin_therm:32106 usb_pwr_therm2:30014 
04-12 00:29:18.257  1830  1832 I pixel-thermal: VIRTUAL-USB-THROTTLING:0 raw data: USB2-MINUS-CHG:-2092 VIRTUAL-USB-THROTTLING:0 usb_pwr_therm2:30014 
04-12 00:29:18.258  1830  1832 I pixel-thermal: neutral_therm:29.769 raw data: neutral_therm:29769 
04-12 00:29:18.259  1830  1832 I pixel-thermal: Power rails total power: 276.10 mW for 60078 ms
04-12 00:29:18.259  1830  1832 I pixel-thermal: Power rails [L8S_UFS_VCCQ: 9.02 mW] [S2S_VDD_G3D: 1.79 mW] [S10S_VDD2L: 8.37 mW] [S5S_VDDQ_MEM: 4.19 mW] [S4S_VDD2H_MEM: 7.84 mW] [S9S_VDD_AOC: 17.61 mW] 
04-12 00:29:18.259  1830  1832 I pixel-thermal: Power rails [S10M_VDD_TPU: 9.01 mW] [L2S_VDD_AOC_RET: 8.64 mW] [L9S_GNSS_CORE: 0.53 mW] [S1M_VDD_MIF: 12.85 mW] [S5M_VDD_INT: 20.27 mW] [S4M_VDD_CPUCL0: 14.29 mW] 
04-12 00:29:18.259  1830  1832 I pixel-thermal: Power rails [S2M_VDD_CPUCL2: 2.75 mW] [S3M_VDD_CPUCL1: 11.49 mW] [L15M_VDD_SLC_M: 13.25 mW] [VSYS_PWR_DISPLAY: 134.20 mW] 
04-12 00:29:23.849  2125  2162 I QuickAccessWalletTile: QAW service is unavailable, recreating the wallet client.
04-12 00:29:23.865  2125  2162 D ControlsListingControllerImpl: Subscribing callback, service count: 1
04-12 00:29:23.925  2125  2162 D ControlsListingControllerImpl: Unsubscribing callback
04-12 00:29:24.053  1637  1982 D ActivityManager: freezing 12367 com.google.android.apps.gcs
04-12 00:29:24.068  1637  2053 D InetDiagMessage: Destroyed 0 sockets, proto=IPPROTO_TCP, family=AF_INET, states=14
04-12 00:29:24.073  1637  2053 D InetDiagMessage: Destroyed 0 sockets, proto=IPPROTO_TCP, family=AF_INET6, states=14
04-12 00:29:24.073  1637  2053 D InetDiagMessage: Destroyed live tcp sockets for uids={10109} in 15ms
04-12 00:29:24.322  1637  1982 D ActivityManager: freezing 27235 com.google.android.cellbroadcastreceiver
04-12 00:29:24.330  1637  2053 D InetDiagMessage: Destroyed 0 sockets, proto=IPPROTO_TCP, family=AF_INET, states=14
04-12 00:29:24.336  1637  2053 D InetDiagMessage: Destroyed 0 sockets, proto=IPPROTO_TCP, family=AF_INET6, states=14
04-12 00:29:24.337  1637  2053 D InetDiagMessage: Destroyed live tcp sockets for uids={10219} in 11ms
04-12 00:29:24.503  1637  1982 D ActivityManager: freezing 10278 ru.yandex.music
04-12 00:29:24.515  1637  2053 D InetDiagMessage: Destroyed 0 sockets, proto=IPPROTO_TCP, family=AF_INET, states=14
04-12 00:29:24.521  1637  2053 D InetDiagMessage: Destroyed 1 sockets, proto=IPPROTO_TCP, family=AF_INET6, states=14
04-12 00:29:24.521  1637  2053 D InetDiagMessage: Destroyed live tcp sockets for uids={10281} in 13ms
04-12 00:29:24.724  1637  1982 D ActivityManager: freezing 7030 com.google.android.calendar
04-12 00:29:24.735  1637  2053 D InetDiagMessage: Destroyed 0 sockets, proto=IPPROTO_TCP, family=AF_INET, states=14
04-12 00:29:24.739  1637  2053 D InetDiagMessage: Destroyed 0 sockets, proto=IPPROTO_TCP, family=AF_INET6, states=14
04-12 00:29:24.739  1637  2053 D InetDiagMessage: Destroyed live tcp sockets for uids={10175} in 7ms
04-12 00:29:25.603  1168  1390 I CHRE    : @ 478347.220: [ImuCal] [GYRO_RPS] (s0, c0) Offset | Temp [C] | Quality: 0.000030, 0.001084, -.001343 | 28.299796 | 4
04-12 00:29:25.604  1168  1390 I CHRE    : @ 478347.220: [ImuCal] [GYRO_RPS] (s0) Temp Sensitivity: -.000005, -.000030, -.000053
04-12 00:29:25.604  1168  1390 I CHRE    : @ 478347.220: [ImuCal] [GYRO_RPS] (s0) Temp Intercept: 0.000195, 0.001966, 0.000183
04-12 00:29:27.378  2332  3113 W BtGatt.ScanManager: Moving filtered scan client to downgraded scan (scannerId 2)
04-12 00:29:33.029  2332  3113 W BtGatt.ScanManager: Moving filtered scan client to downgraded scan (scannerId 1)
04-12 00:29:33.031  2332  3113 I bt_stack: [INFO:le_scanning_manager.cc(168)] Scan in shim layer stopped
04-12 00:29:33.032  2332  2637 I bluetooth: packages/modules/Bluetooth/system/gd/hci/le_address_manager.cc:193 - unregister_client: Client unregistered
04-12 00:29:33.032  2332  3113 I bt_stack: [INFO:le_scanning_manager.cc(346)] SetScanParameters in shim layer
04-12 00:29:33.033  2332  3113 I bt_stack: [INFO:le_scanning_manager.cc(168)] Scan in shim layer started
04-12 00:29:33.033   911 12513 I bthal.activity: LogActivities: Disable LE Scanning, 0x2042
04-12 00:29:33.049  2332  2637 I bluetooth: packages/modules/Bluetooth/system/gd/hci/le_scanning_manager.cc:588 - stop_scan: Scanning already stopped, return!
04-12 00:29:33.049  2332  2637 I bluetooth: packages/modules/Bluetooth/system/gd/hci/le_address_manager.cc:178 - register_client: Client registered
04-12 00:29:33.050   911  1125 I bthal.debug_central: Command Complete Event of LE_SET_EXTENDED_SCAN_ENABLE, opcode:2042
04-12 00:29:33.050   911  1125 I bthal.flowcontrol: HciEventPreProcess: HCI Event 0xe Opcode 0x2042 Length 6 unhandled by LeSetExtentedScanEnableEvent
04-12 00:29:33.052   911 12513 I bthal.activity: LogActivities: LOW_POWER ScanMode
04-12 00:29:33.054   911 12513 I bthal.activity: LogActivities: Enable LE Scanning, 0x2042
04-12 00:29:33.056   911  1125 I bthal.debug_central: Command Complete Event of LE_SET_EXTENDED_SCAN_ENABLE, opcode:2042
04-12 00:29:33.056   911  1125 I bthal.flowcontrol: HciEventPreProcess: HCI Event 0xe Opcode 0x2042 Length 6 unhandled by LeSetExtentedScanEnableEvent
04-12 00:29:34.742  1126  1152 D RILClient: [OemClient]IND: (clientId = 0, msgId = 5104, dataLength = 7, channel = 0)
04-12 00:29:34.743  1007  2120 D RILClient: [OemClient]IND: (clientId = 2, msgId = 5104, dataLength = 7, channel = 0)
04-12 00:29:34.755  1126  1152 D RILClient: [OemClient]IND: (clientId = 0, msgId = 2016, dataLength = 996, channel = 0)
04-12 00:29:34.755  1007  2120 D RILClient: [OemClient]IND: (clientId = 2, msgId = 2016, dataLength = 996, channel = 0)
04-12 00:29:34.757  1007  2120 D RILClient: [OemClient]IND: (clientId = 2, msgId = 2016, dataLength = 996, channel = 0)
04-12 00:29:34.757  1126  1152 D RILClient: [OemClient]IND: (clientId = 0, msgId = 2016, dataLength = 996, channel = 0)
04-12 00:29:34.758  2482  2482 I SHANNON_IMS: 6469 [DATA] Received mCellStatus [ 1 ]  [  band : 1] (RilIndImsPhysicalChannelConfigs%update:44)
04-12 00:29:34.759  2482  2482 I SHANNON_IMS: 6470 [NETW] #:PURP:# UNSOL {RILC_UNSOL_PHYSICAL_CHANNEL_CONFIGS} :   band : 1  (NetworkAdaptor$AdaptorChannel%onMessage:306)
04-12 00:29:34.767  2482  2482 I SHANNON_IMS: 6473 [DATA] Received mCellStatus [ 0 ]  [  band : 1] (RilIndImsPhysicalChannelConfigs%update:44)
04-12 00:29:34.767  2482  2482 I SHANNON_IMS: 6474 [NETW] #:PURP:# UNSOL {RILC_UNSOL_PHYSICAL_CHANNEL_CONFIGS} :   band : 0  (NetworkAdaptor$AdaptorChannel%onMessage:306)
04-12 00:29:34.780  2765  2831 D IwlanNetworkServiceHandler: msg.what = EVENT_NETWORK_REGISTRATION_INFO_REQUEST
04-12 00:29:34.783  2765  2831 D IwlanNetworkServiceHandler[0]: : reg state REGISTRATION_STATE_NOT_REGISTERED_SEARCHING
04-12 00:29:34.798  1001  2443 I WifiHAL : found interface wlan0
04-12 00:29:34.805  3232  3359 D StateService: Country ISO: ru
04-12 00:29:34.806  3232  3359 D StateService: Country ISO: ru
04-12 00:29:34.813  1126  1152 D RILClient: [OemClient]IND: (clientId = 0, msgId = 3005, dataLength = 17, channel = 0)
04-12 00:29:34.813  1007  2120 D RILClient: [OemClient]IND: (clientId = 2, msgId = 3005, dataLength = 17, channel = 0)
04-12 00:29:34.818  2482  2482 I SHANNON_IMS: 6477 [NETW] #:PURP:# UNSOL {RILC_UNSOL_IMS_SUPPORT_SERVICE} : VoPS : 0  EMC : 0  SIM_IDX : 0  RAT : 14  REG_STATE : 1  CELL_ID : 198398771  LAC/TAC : 27873  (NetworkAdaptor$AdaptorChannel%onMessage:306)
04-12 00:29:34.818  2482  2482 I SHANNON_IMS: 6478 [CONN] #:ORNG:# supportService [VoPS : 0/ EMC : 0/ RAT_INFO : 14/ REG_STATE : 1/ CELL_ID : 198398771/ LAC-TAC Info : 27873]  [SLID:0 ] (ImsConnectivityMgr$RegistrationListener%supportService:2852)
04-12 00:29:34.845  2540  2554 W m.android.phone: Reducing the number of considered missed Gc histogram windows from 161 to 100
04-12 00:29:34.853  1001  2443 I WifiHAL : Setting Channel Avoidance success
04-12 00:29:35.076  2482  2482 I SHANNON_IMS: 6485 [CALL] isEmcAvailable for false (ImsCallManager%isEmcAvailable:1447)
04-12 00:29:36.041  2482  3027 W SHANNON_IMS: 6486 [CONN] Timer IMS_SUPPORT_SERVICE_TIMER expired (ConnectionTimer$ConnectionTimerTask%run:70)
04-12 00:29:44.042 13104 13125 I ActiveUnlock: (REDACTED) StorageMediator database state changed from %s to %s
04-12 00:29:44.044 13104 13125 I ActiveUnlock: (REDACTED) StorageMediator database state changed from %s to %s
04-12 00:29:56.693   911  1125 I bthal.flowcontrol: HciEventPreProcess: HCI Event 0xe Opcode 0xfd59 Length 22 unhandled by ControllerActivityWatcher
04-12 00:29:56.753  1637  4166 D TelephonyManager: requestModemActivityInfo: Sending result to app: ModemActivityInfo{ mTimestamp=478382535 mSleepTimeMs=417638265 mIdleTimeMs=5975798 mActivityStatsTechSpecificInfo=[{mRat=UNKNOWN,mFrequencyRange=UNKNOWN,mTxTimeMs[]=[2906241, 546195, 1003305, 248287, 1580989],mRxTimeMs=43265568}]}
04-12 00:29:57.415  2125  2125 D DLObserver: onReceive(); android.intent.action.BATTERY_CHANGED
04-12 00:29:57.415  2125  2125 D DLObserver: plugged=2
04-12 00:29:57.424  2125  2125 D SystemEventDataSource: onReceive: android.intent.action.BATTERY_CHANGED
04-12 00:29:57.425  2125  2125 D PowerNotificationWarningsGoogleImpl: onReceive: android.intent.action.BATTERY_CHANGED
04-12 00:29:57.425  2125  2125 D BatteryDefenderNotification: isPlugged: true | isBatteryDefender: false | defenderEnabled: false | isCharged: false | isPluggedInDock: false
04-12 00:29:57.425  2125  2125 D IncompatibleChargerNotification: dispatchIntent: android.intent.action.BATTERY_CHANGED
04-12 00:29:57.427  1637  1854 D ActivityManager: sync unfroze 27943 com.google.android.apps.turbo for 3
04-12 00:29:57.427  2125  2800 D WiredIncompatibleEvent: usbPort: UsbPort{id=port0, supportedModes=dual, supportedContaminantProtectionModes=4, supportsEnableContaminantPresenceProtection=false, supportsEnableContaminantPresenceDetection=true, supportsComplianceWarnings=true
04-12 00:29:57.428  2125  2800 D DockDefendBatteryModule: plugged: 2
04-12 00:29:57.429  2125  2125 D BatteryEventService: onBatteryEvent: BatteryEvent(eventType=SLOW_CHARGING, batteryLevel=66)
04-12 00:29:57.430  2125  2800 D BatteryEventService: notifyForBatteryEventUpdate: BatteryEvent(eventType=SLOW_CHARGING, batteryLevel=66)
04-12 00:29:57.430  2125  2800 D BatteryEventService: Total AIDL callback listener: 1
04-12 00:29:57.430  2125  2800 D BatteryEventClient: [PowerNotificationWarningsGoogleImpl] onBatteryEventChanged: SLOW_CHARGING, batteryLevel: 66
04-12 00:29:57.430  2125  2800 D PowerNotificationWarningsGoogleImpl: [onBatteryEventUpdate] SLOW_CHARGING
04-12 00:29:57.430  2125  2800 D LowPowerWarningsController: reset section guard for low/severe low. batteryLevel:66 | mLowBatteryNotificationCancelled:false -> false, mLowBatterySectionEntered:false -> false, mSevereLowBatterySectionEntered:false -> false
04-12 00:29:57.430  2125  2800 D LowPowerWarningsController: reset section guard for extreme low. batteryLevel:66
04-12 00:29:57.430  2125  2800 D BatteryEventService: notify AIDL callback to NOTIFICATION, cost: 102 s
04-12 00:29:57.430  2125  2800 I BatteryEventService: notify all AIDL callbacks, cost: 166 s}
04-12 00:29:57.432 13830 13830 D BatteryBroadcastRcvr: updateBatteryStatus: action=android.intent.action.BATTERY_CHANGED
04-12 00:29:57.432 13830 13830 D BatteryBroadcastRcvr: Battery changed: level: 66%| status:  | chargingStatus: 1| health: 2
04-12 00:29:57.432 13830 13830 D TopLvBatteryPrefControl: onBatteryChanged: type=1
04-12 00:29:57.433 13830 13830 D BatteryUsageBroadcastReceiver: onReceive:android.intent.action.BATTERY_LEVEL_CHANGED
04-12 00:29:57.445 27943   408 W Turbo.OnDeviceBatteryHistory: addEvents: loaded 0 battery events.
04-12 00:29:57.445 27943   408 W Turbo.OnDeviceBatteryHistory: addEvents: loaded battery events completed.
04-12 00:29:57.454 13830 13874 D BatteryInfo: time for getStats: 0ms
04-12 00:29:57.454 27943   408 W Turbo.EstimatedTimeRemainingProvider: queryTimeToDischarge: 33958108
04-12 00:29:57.455 13830 13874 D BatteryInfo: time for regular BatteryInfo: 1ms
04-12 00:29:57.455 13830 13874 D BatteryInfo: time for getBatteryInfo: 0ms
04-12 00:29:57.456 13830 13830 D TopLvBatteryPrefControl: getBatteryInfo: com.android.settings.fuelgauge.BatteryInfo@8101c12
04-12 00:29:57.456 13830 13830 D TopLvBatteryPrefControl: getDashboardLabel:      10:00 batteryStatusUpdate=true
04-12 00:29:57.456 13830 13830 D BatteryInfo: time for callback: 0ms
04-12 00:29:57.456  2125 10059 D PowerUI : can't show warning due to - plugged: true status unknown: false
04-12 00:29:57.458 13830 13830 D TopLvBatteryPrefControl: getDashboardLabel:      10:00 batteryStatusUpdate=false
04-12 00:29:57.458 13830 13830 D TopLvBatteryPrefControl: updateBatteryStatus:      10:00 summary:      10:00
04-12 00:29:57.458 13830 13830 D TopLvBatteryPrefControl: getDashboardLabel:      10:00 batteryStatusUpdate=false
04-12 00:29:57.458 13830 13830 D TopLvBatteryPrefControl: updateBatteryStatus:      10:00 summary:      10:00
04-12 00:29:57.460 27943 32026 W Turbo.EstimatedTimeRemainingProvider: queryTimeToDischarge: 33958108
04-12 00:29:57.463  1637  5063 D ActivityManager: sync unfroze 30879 com.google.android.turboadapter for 6
04-12 00:29:57.464  1637  5063 W ProcessStats: Tracking association SourceState{aa1800c com.google.android.apps.turbo/10148 BFgs #511920} whose proc state 4 is better than process ProcessState{67838e4 com.google.android.turboadapter/10200 pkg=com.google.android.turboadapter} proc state 15 (10 skipped)
04-12 00:29:57.467  2125  2162 D BatteryInfoBroadcast: onReceive: android.intent.action.BATTERY_CHANGED, saverMode: false, remainingTime: 33958108
04-12 00:29:57.476 27943 14110 W Turbo.OnDeviceBatteryHistory: addEvents: loaded 0 battery events.
04-12 00:29:57.476 27943 14110 W Turbo.OnDeviceBatteryHistory: addEvents: loaded battery events completed.
04-12 00:29:58.788  2332  2637 I bluetooth: packages/modules/Bluetooth/system/gd/hci/le_address_manager.cc:265 - ack_pause: Client already in paused state
04-12 00:29:58.789   911 12513 I bthal.activity: LogActivities: Disable LE Scanning, 0x2042
04-12 00:29:58.804  2332  2637 I bluetooth: packages/modules/Bluetooth/system/gd/hci/le_address_manager.cc:265 - ack_pause: Client already in paused state
04-12 00:29:58.804  2332  2637 I bluetooth: packages/modules/Bluetooth/system/gd/hci/le_address_manager.cc:265 - ack_pause: Client already in paused state
04-12 00:29:58.804   911  1125 I bthal.debug_central: Command Complete Event of LE_SET_EXTENDED_SCAN_ENABLE, opcode:2042
04-12 00:29:58.804   911  1125 I bthal.flowcontrol: HciEventPreProcess: HCI Event 0xe Opcode 0x2042 Length 6 unhandled by LeSetExtentedScanEnableEvent
04-12 00:29:58.828  2332  2637 I bluetooth: packages/modules/Bluetooth/system/gd/hci/le_address_manager.cc:596 - OnCommandComplete: Received command complete with op_code LE_SET_RANDOM_ADDRESS
04-12 00:29:58.830  2332  2637 I bluetooth: packages/modules/Bluetooth/system/gd/hci/le_address_manager.cc:616 - OnCommandComplete: update random address : xx:xx:xx:xx:e3:9b
04-12 00:29:58.830  2332  2637 I bluetooth: packages/modules/Bluetooth/system/gd/hci/le_address_manager.cc:294 - resume_registered_clients: Resuming registered clients
04-12 00:29:58.830   911 12513 I bthal.activity: LogActivities: Enable LE Scanning, 0x2042
04-12 00:29:58.833   911  1125 I bthal.debug_central: Command Complete Event of LE_SET_EXTENDED_SCAN_ENABLE, opcode:2042
04-12 00:29:58.834   911  1125 I bthal.flowcontrol: HciEventPreProcess: HCI Event 0xe Opcode 0x2042 Length 6 unhandled by LeSetExtentedScanEnableEvent
04-12 00:30:00.023  3571  4219 I AiAiEcho: (REDACTED) Predicting[%d]: %s
04-12 00:30:00.024  3571  4219 I AiAiEcho: (REDACTED) EchoTargets: %s
04-12 00:30:00.024  3571  4219 I AiAiEcho: Filtered by AiAi flag check: %s
04-12 00:30:00.025  3571  4219 I AiAiEcho: (REDACTED) Ranked targets strategy: %s, count: %d, ranking metadata: %s
04-12 00:30:00.025  3571  4219 I AiAiEcho: (REDACTED) #weatherTwiddler: Weather removes SubtitleSupplementalItem in surface: %s
04-12 00:30:00.025  3571  4219 I AiAiEcho: #remoteViewsTwiddler: feature disabled.
04-12 00:30:00.026  3571  4219 I AiAiEcho: (REDACTED) Predicting[%d]: %s
04-12 00:30:00.027  3571  4219 I AiAiEcho: (REDACTED) EchoTargets: %s
04-12 00:30:00.027  3571  4219 I AiAiEcho: Filtered by AiAi flag check: %s
04-12 00:30:00.027  3571  4219 I AiAiEcho: (REDACTED) Ranked targets strategy: %s, count: %d, ranking metadata: %s
04-12 00:30:00.027  3571  4219 I AiAiEcho: (REDACTED) #weatherTwiddler: Weather removes SubtitleSupplementalItem in surface: %s
04-12 00:30:00.027  3571  4219 I AiAiEcho: #remoteViewsTwiddler: feature disabled.
04-12 00:30:00.030  3571  4219 I AiAiEcho: (REDACTED) #postPredictionTargets: Sending updates to UISurface %s with targets# %s (types=[%s])
04-12 00:30:00.034  2125  2125 I WeatherSmartspaceView: setFormattedContentDescription: text=9C, iconDescription= , contentDescription= , 9C
04-12 00:30:00.034  3571  4219 I AiAiEcho: (REDACTED) #postPredictionTargets: Sending updates to UISurface %s with targets# %s (types=[%s])
04-12 00:30:00.034  2125  2125 I WeatherData: Weather data parsed PARTLY_CLOUDY (" ") 9C from Bundle[{description= , feedback_intent=null, explanation_intent=Supplier{VAL_PARCELABLE@168+1964}, is_gaia_linked_data=true, use_celsius=true, state=5, temperature=9}]
04-12 00:30:00.034  2125  2125 W PageIndicator: Total number of pages invalid: 0. Assuming 1 page.
04-12 00:30:00.035  2125  2125 I WeatherDigitalClockView:  got 9 from PARTLY_CLOUDY (" ") 9C
04-12 00:30:00.036  5552  5552 D SsBaseTemplateCard: No text view can be set up
04-12 00:30:00.037  5552  5552 I SsBaseTemplateCard: setFormattedContentDescription: text=9C, iconDescription= , contentDescription= , 9C
04-12 00:30:00.037  5552  5552 D SsBaseTemplateCard: Passed-in item info is null
04-12 00:30:00.037  5552  5552 D SsBaseTemplateCard: Passed-in item info is null
04-12 00:30:00.037  5552  5552 I SsBaseTemplateCard: Secondary card pane is null
04-12 00:30:00.037  5552  5552 D QuickstepLauncher: Bind extra container items
04-12 00:30:06.601 13104 13176 W Settings: Setting airplane_mode_on has moved from android.provider.Settings.System to android.provider.Settings.Global, returning read-only value.
04-12 00:30:06.606   962  1611 D usf_sensor_hal: pressure: Enter Batch. period = 100000000, latency = 0.
04-12 00:30:06.608   962  1611 D usf_sensor_hal: pressure: Enter Activate. Enable = 1.
04-12 00:30:06.610  1166  1166 D AOC     : A3:MSG: usf_sensor.cc, 1545: USF: Received start sampling request for ICP10101 Pressure Sensor (active:2).
04-12 00:30:06.611  1166  1166 D AOC     : A3:MSG: icp10101_device.cc, 161: USF: ICP10101: Barometer stops sampling.
04-12 00:30:06.611  1166  1166 D AOC     : A3:MSG: icp10101_device.cc, 147: USF: ICP10101: Barometer starts sampling: period_ns = 40000000, max_latency_ns = 10000
04-12 00:30:06.613  1168  1390 D CHRE    : @ 478388.232: Parsed nanoapp message from host: app ID 0x476f6f676c001012 endpoint 0x24 msgType 6 payload size 8
04-12 00:30:06.614  1168  1390 I CHRE    : @ 478388.232: [NanoMinion] received MSG Type 0x6, Version 1, 4 bytes
04-12 00:30:06.614  1168  1390 I CHRE    : @ 478388.233: [NanoMinion] sent MSG Type 0x7, Version 0, 4 bytes, MessageId 194
04-12 00:30:06.614   920   931 D ContextHubHal: Got message from nanoapp: ID 0x476f6f676c001012
04-12 00:30:06.664  1637  2049 D InstantWifi: Drop, size: 2
04-12 00:30:06.708  2765  6395 D IwlanEventListener: Cellinfo changed
04-12 00:30:06.708  2765  6395 D IwlanEventListener[0]: Updating handlers for the event: 11
04-12 00:30:06.709  2765  2820 D IwlanDataServiceHandler: msg.what = CELLINFO_CHANGED_EVENT
04-12 00:30:06.709  2765  2820 D IwlanDataService:  Update cached cellinfo
04-12 00:30:06.711  1637  5063 D CompatibilityChangeReporter: Compat change id reported: 151105954; UID 1000; state: ENABLED
04-12 00:30:06.713  1637  5063 E AppOps  : attributionTag IWLAN not declared in manifest of com.google.android.iwlan
04-12 00:30:06.738 13104 13176 W AlarmManager: alarm window unlikely to be respected [CONTEXT service_id=231 ]
04-12 00:30:06.738 13104 13176 W AlarmManager: java.lang.IllegalArgumentException: alarm "NetworkLocationLocator" has short window length
04-12 00:30:06.738 13104 13176 W AlarmManager: 	at bkxt.b(:com.google.android.gms@241017038@24.10.17 (190400-617915183):45)
04-12 00:30:06.738 13104 13176 W AlarmManager: 	at dzhx.f(:com.google.android.gms@241017038@24.10.17 (190400-617915183):139)
04-12 00:30:06.738 13104 13176 W AlarmManager: 	at dzdz.r(:com.google.android.gms@241017038@24.10.17 (190400-617915183):112)
04-12 00:30:06.738 13104 13176 W AlarmManager: 	at dzdz.k(:com.google.android.gms@241017038@24.10.17 (190400-617915183):1657)
04-12 00:30:06.738 13104 13176 W AlarmManager: 	at dzpt.d(:com.google.android.gms@241017038@24.10.17 (190400-617915183):53)
04-12 00:30:06.738 13104 13176 W AlarmManager: 	at dzpp.d(:com.google.android.gms@241017038@24.10.17 (190400-617915183):22)
04-12 00:30:06.738 13104 13176 W AlarmManager: 	at dzgu.a(:com.google.android.gms@241017038@24.10.17 (190400-617915183):55)
04-12 00:30:06.738 13104 13176 W AlarmManager: 	at dzjm.onCellInfo(:com.google.android.gms@241017038@24.10.17 (190400-617915183):29)
04-12 00:30:06.738 13104 13176 W AlarmManager: 	at android.telephony.TelephonyManager$5.lambda$onCellInfo$0(TelephonyManager.java:6865)
04-12 00:30:06.738 13104 13176 W AlarmManager: 	at android.telephony.TelephonyManager$5$$ExternalSyntheticLambda0.run(Unknown Source:4)
04-12 00:30:06.738 13104 13176 W AlarmManager: 	at dzjn.run(:com.google.android.gms@241017038@24.10.17 (190400-617915183):3)
04-12 00:30:06.738 13104 13176 W AlarmManager: 	at dzgw.handleMessage(:com.google.android.gms@241017038@24.10.17 (190400-617915183):85)
04-12 00:30:06.738 13104 13176 W AlarmManager: 	at android.os.Handler.dispatchMessage(Handler.java:106)
04-12 00:30:06.738 13104 13176 W AlarmManager: 	at bltm.nn(:com.google.android.gms@241017038@24.10.17 (190400-617915183):1)
04-12 00:30:06.738 13104 13176 W AlarmManager: 	at bltm.dispatchMessage(:com.google.android.gms@241017038@24.10.17 (190400-617915183):143)
04-12 00:30:06.738 13104 13176 W AlarmManager: 	at android.os.Looper.loopOnce(Looper.java:205)
04-12 00:30:06.738 13104 13176 W AlarmManager: 	at android.os.Looper.loop(Looper.java:294)
04-12 00:30:06.738 13104 13176 W AlarmManager: 	at android.os.HandlerThread.run(HandlerThread.java:67)
04-12 00:30:07.300  2125  2125 D DLObserver: onReceive(); android.intent.action.BATTERY_CHANGED
04-12 00:30:07.300  2125  2125 D DLObserver: plugged=2
04-12 00:30:07.306  2125  2125 D SystemEventDataSource: onReceive: android.intent.action.BATTERY_CHANGED
04-12 00:30:07.306 13830 13830 D BatteryBroadcastRcvr: updateBatteryStatus: action=android.intent.action.BATTERY_CHANGED
04-12 00:30:07.306  2125  2720 D PowerUI : can't show warning due to - plugged: true status unknown: false
04-12 00:30:07.306  2125  2125 D PowerNotificationWarningsGoogleImpl: onReceive: android.intent.action.BATTERY_CHANGED
04-12 00:30:07.307  2125  2125 D BatteryDefenderNotification: isPlugged: true | isBatteryDefender: false | defenderEnabled: false | isCharged: false | isPluggedInDock: false
04-12 00:30:07.307  2125  2125 D IncompatibleChargerNotification: dispatchIntent: android.intent.action.BATTERY_CHANGED
04-12 00:30:07.307 13830 13830 D BatteryBroadcastRcvr: Battery changed: level: 66%| status:  | chargingStatus: 1| health: 2
04-12 00:30:07.308  2125  2800 D WiredIncompatibleEvent: usbPort: UsbPort{id=port0, supportedModes=dual, supportedContaminantProtectionModes=4, supportsEnableContaminantPresenceProtection=false, supportsEnableContaminantPresenceDetection=true, supportsComplianceWarnings=true
04-12 00:30:07.309  2125  2800 D DockDefendBatteryModule: plugged: 2
04-12 00:30:07.382  1637  5063 D WifiNl80211Manager: Scan result ready event
04-12 00:30:07.383  1637  5063 D WifiNative: Scan result ready event
04-12 00:30:07.473   975   999 D GnssAidl: Gnss::injectLocation
04-12 00:30:07.474 10178 10178 D gpsd    : WakeLock(Acquire,GPSD)
04-12 00:30:07.489 13104 13154 I FusedLocation: (REDACTED) location delivery to %s blocked - too close
04-12 00:30:07.493 13104 13154 I FusedLocation: stationary throttling engaged [CONTEXT service_id=6 ]
04-12 00:30:07.495  1637  1637 D TwilightService: onLocationChanged: provider=fused accuracy=13.722 time=1712871007380
04-12 00:30:07.501   962  1611 D usf_sensor_hal: pressure: Enter Activate. Enable = 0.
04-12 00:30:07.502  1166  1166 D AOC     : A3:MSG: usf_sensor.cc, 1553: USF: Received stop sampling request for ICP10101 Pressure Sensor (active:1).
04-12 00:30:07.502  1166  1166 D AOC     : A3:MSG: icp10101_device.cc, 161: USF: ICP10101: Barometer stops sampling.
04-12 00:30:07.504  1166  1166 D AOC     : A3:MSG: icp10101_device.cc, 147: USF: ICP10101: Barometer starts sampling: period_ns = 40000000, max_latency_ns = 10000
04-12 00:30:07.506 13104 13176 W AlarmManager: alarm window unlikely to be respected [CONTEXT service_id=231 ]
04-12 00:30:07.506 13104 13176 W AlarmManager: java.lang.IllegalArgumentException: alarm "NetworkLocationLocator" has short window length
04-12 00:30:07.506 13104 13176 W AlarmManager: 	at bkxt.b(:com.google.android.gms@241017038@24.10.17 (190400-617915183):45)
04-12 00:30:07.506 13104 13176 W AlarmManager: 	at dzhx.f(:com.google.android.gms@241017038@24.10.17 (190400-617915183):139)
04-12 00:30:07.506 13104 13176 W AlarmManager: 	at dzdz.r(:com.google.android.gms@241017038@24.10.17 (190400-617915183):112)
04-12 00:30:07.506 13104 13176 W AlarmManager: 	at dzdz.f(:com.google.android.gms@241017038@24.10.17 (190400-617915183):27)
04-12 00:30:07.506 13104 13176 W AlarmManager: 	at dzdw.apply(:com.google.android.gms@241017038@24.10.17 (190400-617915183):19)
04-12 00:30:07.506 13104 13176 W AlarmManager: 	at emdl.d(:com.google.android.gms@241017038@24.10.17 (190400-617915183):3)
04-12 00:30:07.506 13104 13176 W AlarmManager: 	at emdm.run(:com.google.android.gms@241017038@24.10.17 (190400-617915183):42)
04-12 00:30:07.506 13104 13176 W AlarmManager: 	at android.os.Handler.handleCallback(Handler.java:958)
04-12 00:30:07.506 13104 13176 W AlarmManager: 	at android.os.Handler.dispatchMessage(Handler.java:99)
04-12 00:30:07.506 13104 13176 W AlarmManager: 	at bltm.nn(:com.google.android.gms@241017038@24.10.17 (190400-617915183):1)
04-12 00:30:07.506 13104 13176 W AlarmManager: 	at bltm.dispatchMessage(:com.google.android.gms@241017038@24.10.17 (190400-617915183):143)
04-12 00:30:07.506 13104 13176 W AlarmManager: 	at android.os.Looper.loopOnce(Looper.java:205)
04-12 00:30:07.506 13104 13176 W AlarmManager: 	at android.os.Looper.loop(Looper.java:294)
04-12 00:30:07.506 13104 13176 W AlarmManager: 	at android.os.HandlerThread.run(HandlerThread.java:67)
04-12 00:30:07.536  1637  1982 D ActivityManager: freezing 30879 com.google.android.turboadapter
04-12 00:30:07.577 10178 10178 D gpsd    : WakeLock(Release,GPSD)
04-12 00:30:12.587 26712 26735 I BistoHotwordHelper: (REDACTED) getHotwordActive::active query: %s, watch: %s, devices connected: %s
04-12 00:30:18.322  1830  1832 I pixel-thermal: VIRTUAL-USB-UI:0 raw data: USB2-MINUS-CHG:-1781 VIRTUAL-USB-UI:0 charger_skin_therm:31906 usb_pwr_therm2:30125 
04-12 00:30:18.327  1830  1832 I pixel-thermal: VIRTUAL-USB-THROTTLING:0 raw data: USB2-MINUS-CHG:-1781 VIRTUAL-USB-THROTTLING:0 usb_pwr_therm2:30125 
04-12 00:30:18.327  1830  1832 I pixel-thermal: neutral_therm:29.858 raw data: neutral_therm:29858 
04-12 00:30:18.328  1830  1832 I pixel-thermal: Power rails total power: 270.19 mW for 60071 ms
04-12 00:30:18.328  1830  1832 I pixel-thermal: Power rails [L8S_UFS_VCCQ: 4.95 mW] [S2S_VDD_G3D: 1.78 mW] [S10S_VDD2L: 8.38 mW] [S5S_VDDQ_MEM: 4.07 mW] [S4S_VDD2H_MEM: 7.75 mW] [S9S_VDD_AOC: 17.66 mW] 
04-12 00:30:18.328  1830  1832 I pixel-thermal: Power rails [S10M_VDD_TPU: 9.01 mW] [L2S_VDD_AOC_RET: 8.71 mW] [L9S_GNSS_CORE: 0.55 mW] [S1M_VDD_MIF: 12.49 mW] [S5M_VDD_INT: 20.24 mW] [S4M_VDD_CPUCL0: 13.57 mW] 
04-12 00:30:18.328  1830  1832 I pixel-thermal: Power rails [S2M_VDD_CPUCL2: 1.77 mW] [S3M_VDD_CPUCL1: 11.41 mW] [L15M_VDD_SLC_M: 13.33 mW] [VSYS_PWR_DISPLAY: 134.51 mW] 
04-12 00:30:27.854 27943 27951 W roid.apps.turbo: Reducing the number of considered missed Gc histogram windows from 298 to 100
04-12 00:30:37.735  1637  1982 D ActivityManager: freezing 27943 com.google.android.apps.turbo
04-12 00:30:46.686 31082 31127 I PhenotypeProcessReaper: Memory state is: 200
04-12 00:30:57.461   911  1125 I bthal.flowcontrol: HciEventPreProcess: HCI Event 0xe Opcode 0xfd59 Length 22 unhandled by ControllerActivityWatcher
04-12 00:31:00.038  3571  4219 I AiAiEcho: (REDACTED) Predicting[%d]: %s
04-12 00:31:00.039  3571  4219 I AiAiEcho: (REDACTED) EchoTargets: %s
04-12 00:31:00.039  3571  4219 I AiAiEcho: Filtered by AiAi flag check: %s
04-12 00:31:00.039  3571  4219 I AiAiEcho: (REDACTED) Ranked targets strategy: %s, count: %d, ranking metadata: %s
04-12 00:31:00.040  3571  4219 I AiAiEcho: (REDACTED) #weatherTwiddler: Weather removes SubtitleSupplementalItem in surface: %s
04-12 00:31:00.041  3571  4219 I AiAiEcho: #remoteViewsTwiddler: feature disabled.
04-12 00:31:00.041  3571  4219 I AiAiEcho: (REDACTED) Predicting[%d]: %s
04-12 00:31:00.043  3571  4219 I AiAiEcho: (REDACTED) EchoTargets: %s
04-12 00:31:00.043  3571  4219 I AiAiEcho: Filtered by AiAi flag check: %s
04-12 00:31:00.043  3571  4219 I AiAiEcho: (REDACTED) Ranked targets strategy: %s, count: %d, ranking metadata: %s
04-12 00:31:00.044  3571  4219 I AiAiEcho: (REDACTED) #weatherTwiddler: Weather removes SubtitleSupplementalItem in surface: %s
04-12 00:31:00.045  3571  4219 I AiAiEcho: #remoteViewsTwiddler: feature disabled.
04-12 00:31:00.049  3571  4219 I AiAiEcho: (REDACTED) #postPredictionTargets: Sending updates to UISurface %s with targets# %s (types=[%s])
04-12 00:31:00.051  2125  2125 I WeatherSmartspaceView: setFormattedContentDescription: text=9C, iconDescription= , contentDescription= , 9C
04-12 00:31:00.052  2125  2125 I WeatherData: Weather data parsed PARTLY_CLOUDY (" ") 9C from Bundle[{description= , feedback_intent=null, explanation_intent=Supplier{VAL_PARCELABLE@168+1964}, is_gaia_linked_data=true, use_celsius=true, state=5, temperature=9}]
04-12 00:31:00.052  2125  2125 W PageIndicator: Total number of pages invalid: 0. Assuming 1 page.
04-12 00:31:00.052  2125  2125 I WeatherDigitalClockView:  got 9 from PARTLY_CLOUDY (" ") 9C
04-12 00:31:00.052  3571  4219 I AiAiEcho: (REDACTED) #postPredictionTargets: Sending updates to UISurface %s with targets# %s (types=[%s])
04-12 00:31:00.054  5552  5552 D SsBaseTemplateCard: No text view can be set up
04-12 00:31:00.054  5552  5552 I SsBaseTemplateCard: setFormattedContentDescription: text=9C, iconDescription= , contentDescription= , 9C
04-12 00:31:00.054  5552  5552 D SsBaseTemplateCard: Passed-in item info is null
04-12 00:31:00.054  5552  5552 D SsBaseTemplateCard: Passed-in item info is null
04-12 00:31:00.054  5552  5552 I SsBaseTemplateCard: Secondary card pane is null
04-12 00:31:00.055  5552  5552 D QuickstepLauncher: Bind extra container items
04-12 00:31:00.572 10313 10313 I HAF_MemoryUtils: 1400008310|R|I|total-pss=52259, java-heap=1504, native-heap=1196, code=388, system=45919, threads=85, importance=(125, 0), dex-mmap=(3, 0, 0, 0), ver=14.0.8.310
04-12 00:31:00.572 10204 10286 I HAF_MemoryUtils: 1400008310|R|I|total-pss=63430, java-heap=14876, native-heap=7304, code=3164, system=15974, threads=44, importance=(125, 0), dex-mmap=(3, 0, 0, 0), ver=14.0.8.310
04-12 00:31:04.011 10313 10352 D LogUtil_LogConfig: getLogFile(): logFilePath = /data/user/0/com.huawei.health/files/com.huawei.health/com.huawei.health_PhoneService/
04-12 00:31:04.013 10313 10352 D LogUtil_LogConfig: acquireMaxLogFileLengthContainsOffset describe: com.huawei.health:PhoneService result:10485760
04-12 00:31:06.755 13104 13125 I ActiveUnlock: (REDACTED) StorageMediator database state changed from %s to %s
04-12 00:31:06.756 13104 13125 I ActiveUnlock: (REDACTED) StorageMediator database state changed from %s to %s
04-12 00:31:07.300  2125  2125 D DLObserver: onReceive(); android.intent.action.BATTERY_CHANGED
04-12 00:31:07.300  2125  2125 D DLObserver: plugged=2
04-12 00:31:07.303  2125  2125 D SystemEventDataSource: onReceive: android.intent.action.BATTERY_CHANGED
04-12 00:31:07.304  2125  2125 D PowerNotificationWarningsGoogleImpl: onReceive: android.intent.action.BATTERY_CHANGED
04-12 00:31:07.304  2125  3101 D PowerUI : can't show warning due to - plugged: true status unknown: false
04-12 00:31:07.304  2125  2125 D BatteryDefenderNotification: isPlugged: true | isBatteryDefender: false | defenderEnabled: false | isCharged: false | isPluggedInDock: false
04-12 00:31:07.304 13830 13830 D BatteryBroadcastRcvr: updateBatteryStatus: action=android.intent.action.BATTERY_CHANGED
04-12 00:31:07.304  2125  2125 D IncompatibleChargerNotification: dispatchIntent: android.intent.action.BATTERY_CHANGED
04-12 00:31:07.305 13830 13830 D BatteryBroadcastRcvr: Battery changed: level: 66%| status:  | chargingStatus: 1| health: 2
04-12 00:31:07.307  2125  2800 D WiredIncompatibleEvent: usbPort: UsbPort{id=port0, supportedModes=dual, supportedContaminantProtectionModes=4, supportsEnableContaminantPresenceProtection=false, supportsEnableContaminantPresenceDetection=true, supportsComplianceWarnings=true
04-12 00:31:07.308  2125  2800 D DockDefendBatteryModule: plugged: 2
04-12 00:31:07.648 13770 14138 I appium  : channel read: DELETE /session/acc7906b-2f72-41cf-8349-99c631a397a4
04-12 00:31:07.651 13770 14138 I appium  : DeleteSession command
04-12 00:31:07.655  1637  1851 I PowerGroup: Powering off display group due to timeout (groupId= 0, uid= 1000, millisSinceLastUserActivity=507872, lastUserActivityEvent=touch)...
04-12 00:31:07.656  1637  1851 I PowerManagerService: Going to sleep due to timeout (uid 1000, screenOffTimeout=120000, activityTimeoutWM=-1, maxDimRatio=0.20000005, maxDimDur=7000)...
04-12 00:31:07.661 13770 14138 I appium  : Stopping uiautomator2 io.appium.uiautomator2.http io.appium.uiautomator2.server
04-12 00:31:07.661  1637  1892 I DreamManagerService: Entering dreamland.
04-12 00:31:07.663  1637  1892 I PowerManagerService: Dozing...
04-12 00:31:07.664  1637  1637 W ProcessStats: Tracking association SourceState{10cd54f com.huawei.health:PhoneService/10170 Fgs #511955} whose proc state 3 is better than process ProcessState{87e6238 com.huawei.health:DaemonService/10170 pkg=com.huawei.health} proc state 8 (4 skipped)
04-12 00:31:07.665 31082 31082 I GoogleInputMethodService: GoogleInputMethodService.onFinishInput():3096 
04-12 00:31:07.666 31082 31082 I GoogleInputMethodService: GoogleInputMethodService.updateDeviceLockedStatus():2210 repeatCheckTimes = 0, locked = false
04-12 00:31:07.667  1637  1840 I DreamController: Starting dream: name=ComponentInfo{com.android.systemui/com.android.systemui.doze.DozeService}, isPreviewMode=false, canDoze=true, userId=0, reason='power manager request'
04-12 00:31:07.668 13770 14138 I appium  : AppiumResponse: {"sessionId":"acc7906b-2f72-41cf-8349-99c631a397a4","value":null}
04-12 00:31:07.678  2125  2125 I vol.VolumeDialogImpl: mDialog.dismiss() reason: volume_controller from: com.android.systemui.volume.VolumeDialogImpl$7.onDismissRequested:3
04-12 00:31:07.681  1637  4988 D BiometricUtils: isEncrypted: false isLockdown: false
04-12 00:31:07.681  2125  2125 D KeyguardViewMediator: KeyguardViewMediator queue processing message: NOTIFY_STARTED_GOING_TO_SLEEP
04-12 00:31:07.682  1637  1637 D UaBiometricScheduler/FingerprintProvider/default/0: [Added] {[294] com.android.server.biometrics.sensors.fingerprint.aidl.FingerprintAuthenticationClient, proto=3, owner=com.android.systemui, cookie=0, requestId=277, userId=0}, new queue size: 1
04-12 00:31:07.682  1637  1637 D UaBiometricScheduler/FingerprintProvider/default/0: [Polled] {[294] com.android.server.biometrics.sensors.fingerprint.aidl.FingerprintAuthenticationClient, proto=3, owner=com.android.systemui, cookie=0, requestId=277, userId=0}, State: 0
04-12 00:31:07.682  1637  1637 D GestureAvailabilityTracker: Notifying gesture availability, active=false
04-12 00:31:07.682  1637  1637 D UaBiometricScheduler/FingerprintProvider/default/0: [Started] {[294] com.android.server.biometrics.sensors.fingerprint.aidl.FingerprintAuthenticationClient, proto=3, owner=com.android.systemui, cookie=0, requestId=277, userId=0}
04-12 00:31:07.682  1637  1637 D BiometricStateCallback: State updated from 0 to 2, client {[294] com.android.server.biometrics.sensors.fingerprint.aidl.FingerprintAuthenticationClient, proto=3, owner=com.android.systemui, cookie=0, requestId=277, userId=0}
04-12 00:31:07.682  1637  1637 D Biometrics/AuthenticationClient: Requesting auth for com.android.systemui
04-12 00:31:07.684  2125  2125 W WindowOnBackDispatcher: OnBackInvokedCallback is not enabled for the application.
04-12 00:31:07.684  2125  2125 W WindowOnBackDispatcher: Set 'android:enableOnBackInvokedCallback="true"' in the application manifest.
04-12 00:31:07.685  2125  2125 D DLObserver: add listener: com.android.systemui.doze.DozeTriggers$DockEventListener@a840da6
04-12 00:31:07.685  2125  2125 D CentralSurfaces: !shouldBeKeyguard mStatusBarStateController.isKeyguardRequested() false keyguardForDozing false wakeAndUnlocking false isWakingAndOccluded false
04-12 00:31:07.685  2125  2125 D CentralSurfaces: hideKeyguardImpl false
04-12 00:31:07.686  2125  2125 D DLObserver: add listener: com.android.systemui.doze.DozeDockHandler$DockEventListener@1d35e32
04-12 00:31:07.687  1928  1928 I android.hardware.biometrics.fingerprint-service.goodix: authenticateWithContext
04-12 00:31:07.687   962  1611 D usf_sensor_hal: device pickup: Enter Batch. period = 1000000, latency = 0.
04-12 00:31:07.687   962  1611 D usf_sensor_hal: device pickup: Enter Activate. Enable = 1.
04-12 00:31:07.688  1637  1637 V BiometricSchedulerOperation: started: {[294] com.android.server.biometrics.sensors.fingerprint.aidl.FingerprintAuthenticationClient, proto=3, owner=com.android.systemui, cookie=0, requestId=277, userId=0}, State: 2
04-12 00:31:07.688  1166  1166 D AOC     : A3:MSG: usf_sensor.cc, 1545: USF: Received start sampling request for Device Pickup Sensor (active:1).
04-12 00:31:07.688  1928  2105 D FingerprintHal: fingerprint authenticate
04-12 00:31:07.688  1166  1166 D AOC     : A3:MSG: vsc_sensor.cc, 37: VSC: [Device Pickup Sensor] enable: period 1, latency = 0
04-12 00:31:07.688  1928  2105 I [GF_HAL][DelmarHalUtils]: [checkModuleVerions] modules(2) version match passed: 40f77f9_40f77f9_40f77f9_2023.08.21_18:50:26
04-12 00:31:07.688  1166  1166 D AOC     : A3:MSG: vsc_controller.cc, 532: VSC: [Device Pickup Sensor] requestSensorEvents: sensor 0x10008, period=66 latency=0ms.
04-12 00:31:07.689  1166  1166 D AOC     : A3:MSG: usf_sensor.cc, 1545: USF: Received start sampling request for TMD3719 Proximity (active:1).
04-12 00:31:07.689  1928  2105 D FpStateTracker: UpdateState: state_:0x200
04-12 00:31:07.689  1928  2105 W android.hardware.biometrics.fingerprint-service.goodix: Binder 0xb400007969c5ad48 destroyed after setMinSchedulerPolicy before being parceled.
04-12 00:31:07.689  1928  2105 W android.hardware.biometrics.fingerprint-service.goodix: Binder 0xb400007969c5ad48 destroyed after setMinSchedulerPolicy before being parceled.
04-12 00:31:07.690  1637  1892 I DisplayBrightnessStrategySelector: Changing the DisplayBrightnessStrategy from InvalidBrightnessStrategy toDozeBrightnessStrategy for display 0
04-12 00:31:07.692  1166  1166 D AOC     : A3:MSG: tmd3719_sensor.cc, 327: USF: TMD3719: Report new active state:1
04-12 00:31:07.692   962  1013 I usf_sensor_hal: Received REPORT_SENSOR_ACTIVE_STATE_CHANGES event from 'TMD3719 Proximity' with new state:kActive!
04-12 00:31:07.692   617   656 D hwc-display: setMinIdleRefreshRate requester 0, fps 60
04-12 00:31:07.693   617   656 I hwc-display: ExynosPrimaryDisplay::setMinIdleRefreshRate() writes min_vrefresh(60) to the sysfs node
04-12 00:31:07.693  1166  1166 D AOC     : A3:MSG: vsc_controller.cc, 550: VSC: [Device Pickup Sensor] stopSensorEvents: sensor 0x10008
04-12 00:31:07.694   617   656 I hwc-display: setRefreshRateThrottleNanos() requester(0) set delay to 1000000000ns
04-12 00:31:07.694   617   656 I hwc-display: setDisplayIdleDelayNanos() writes idle_delay_ms(1000) to the sysfs node (0x0)
04-12 00:31:07.694  1166  1166 D AOC     : A3:MSG: usf_sensor.cc, 1553: USF: Received stop sampling request for TMD3719 Proximity (active:0).
04-12 00:31:07.695  1166  1166 D AOC     : A3:MSG: tmd3719_sensor.cc, 327: USF: TMD3719: Report new active state:0
04-12 00:31:07.695  1166  1166 D AOC     : A3:MSG: vsc_controller.cc, 532: VSC: [Device Pickup Sensor] requestSensorEvents: sensor 0x10001, period=20 latency=0ms.
04-12 00:31:07.696   962  1013 I usf_sensor_hal: Received REPORT_SENSOR_ACTIVE_STATE_CHANGES event from 'TMD3719 Proximity' with new state:kInactive!
04-12 00:31:07.696   617   656 D hwc-display: setMinIdleRefreshRate requester 0, fps 0
04-12 00:31:07.696   617   656 I hwc-display: ExynosPrimaryDisplay::setMinIdleRefreshRate() writes min_vrefresh(0) to the sysfs node
04-12 00:31:07.696   617   656 I hwc-display: setRefreshRateThrottleNanos() requester(0) set delay to 0ns
04-12 00:31:07.696   617   656 I hwc-display: setDisplayIdleDelayNanos() writes idle_delay_ms(0) to the sysfs node (0x0)
04-12 00:31:07.696  1166  1166 D AOC     : A3:MSG: usf_sensor.cc, 1545: USF: Received start sampling request for LSM6DSR Accelerometer (active:4).
04-12 00:31:07.696  1166  1166 D AOC     : A3:MSG: lsm6dsr_device.cc, 763: USF: Lsm6dsrDevice: Sensor 0: Enabled 1, odr_index 3.
04-12 00:31:07.697  1166  1166 D AOC     : A3:MSG: lsm6dsr_fifo.cc, 750: USF: Lsm6dsrFifo: ODR: XL/G/T/TS: 52/52/13/6 WM: 2 Intr: 52.
04-12 00:31:07.697  1166  1166 D AOC     : A3:MSG: lsm6dsr_device.cc, 671: USF: Lsm6dsrDevice: Fifo was disabled for 358887ns.
04-12 00:31:07.699   962  1611 D usf_sensor_hal: auto brightness: Enter Batch. period = 200000000, latency = 0.
04-12 00:31:07.699  1637  1892 V DisplayPowerController2[0]: Brightness [0.0] reason changing to: 'doze', previous reason: 'automatic [ dim ]'.
04-12 00:31:07.699  1637  1892 I DisplayPowerController2[0]: BrightnessEvent: disp=0, physDisp=local:4619827677550801152, brt=0.0, initBrt=0.0, rcmdBrt=NaN, preBrt=NaN, lux=0.0, preLux=0.0, hbmMax=0.62, hbmMode=off, rbcStrength=50, thrmMax=1.0, powerFactor=1.0, wasShortTermModelActive=false, flags=, reason=doze, autoBrightness=true, strategy=DozeBrightnessStrategy
04-12 00:31:07.700   962  1611 D usf_sensor_hal: proximity gated single tap: Enter Batch. period = 1000000, latency = 0.
04-12 00:31:07.700   962  1611 D usf_sensor_hal: proximity gated single tap: Enter Activate. Enable = 1.
04-12 00:31:07.701  1166  1166 D AOC     : A3:MSG: usf_sensor.cc, 1545: USF: Received start sampling request for Proximity Gated Single Tap Gesture (active:1).
04-12 00:31:07.701  1166  1166 D AOC     : A3:MSG: vsc_sensor.cc, 37: VSC: [Proximity Gated Single Tap Gesture] enable: period 1, latency = 0
04-12 00:31:07.702  1166  1166 D AOC     : A3:MSG: usf_vsc_log.cc, 44: USF: [single-tap-prox-gated] configuring sensor with interval: 1, latency: 0
04-12 00:31:07.702  1166  1166 D AOC     : A3:MSG: vsc_controller.cc, 532: VSC: [Proximity Gated Single Tap Gesture] requestSensorEvents: sensor 0x10008, period=1
04-12 00:31:07.702  1166  1166 D AOC     : A3:MSG: usf_sensor.cc, 1545: USF: Received start sampling request for TMD3719 Proximity (active:1).
04-12 00:31:07.703   616  5156 W gralloc4: Unable to set buffer name VRI[NotificationShade]#2816(BLAST Consumer)2816: File name too long
04-12 00:31:07.703   616  5156 W gralloc4: Unable to set buffer name VRI[NotificationShade]#2816(BLAST Consumer)2816: File name too long
04-12 00:31:07.704   616  5156 W gralloc4: Unable to set buffer name VRI[NotificationShade]#2816(BLAST Consumer)2816: File name too long
04-12 00:31:07.706   909   936 D audio_hw: adev_set_parameters: enter: screen_state=off
04-12 00:31:07.706   962  1013 I usf_sensor_hal: Received REPORT_SENSOR_ACTIVE_STATE_CHANGES event from 'TMD3719 Proximity' with new state:kActive!
04-12 00:31:07.706  3642  3642 D NfcService: MSG_APPLY_SCREEN_STATE 1
04-12 00:31:07.706  2125  2125 I vol.VolumeDialogImpl: mDialog.dismiss() reason: volume_controller from: com.android.systemui.volume.VolumeDialogImpl$7.onDismissRequested:3
04-12 00:31:07.706  2125  2125 D vol.VolumeDialogImpl: dismissH: skipping dismiss because isAnimatingDismiss is true and showingStateInconsistent is false
04-12 00:31:07.707  1166  1166 D AOC     : A3:MSG: tmd3719_sensor.cc, 327: USF: TMD3719: Report new active state:1
04-12 00:31:07.707  1166  1166 D AOC     : A3:MSG: vsc_controller.cc, 532: VSC: [Proximity Gated Single Tap Gesture] requestSensorEvents: sensor 0x20006, period=1
04-12 00:31:07.707  1166  1166 D AOC     : A3:MSG: usf_sensor.cc, 1545: USF: Received start sampling request for FTM5 Touch Gesture Sensor (active:1).
04-12 00:31:07.707  1166  1166 D AOC     : A3:MSG: ftm5_sensor.cc, 99: USF: FTM5: StopSampling: FTM5 Touch Gesture Sensor.
04-12 00:31:07.707  1166  1166 D AOC     : A3:MSG: ftm5_device.cc, 168: USF: FTM5: Priority: 0, Bus:0, Host:0; Enabled:0
