04-12 00:22:47.633 13830 13830 W ResourcesCompat: 	at java.lang.reflect.Constructor.newInstance(Constructor.java:343)
04-12 00:22:47.633 13830 13830 W ResourcesCompat: 	at android.view.LayoutInflater.createView(LayoutInflater.java:866)
04-12 00:22:47.633 13830 13830 W ResourcesCompat: 	at android.view.LayoutInflater.createViewFromTag(LayoutInflater.java:1018)
04-12 00:22:47.633 13830 13830 W ResourcesCompat: 	at android.view.LayoutInflater.createViewFromTag(LayoutInflater.java:973)
04-12 00:22:47.633 13830 13830 W ResourcesCompat: 	at android.view.LayoutInflater.inflate(LayoutInflater.java:667)
04-12 00:22:47.633 13830 13830 W ResourcesCompat: 	at android.view.LayoutInflater.inflate(LayoutInflater.java:538)
04-12 00:22:47.633 13830 13830 W ResourcesCompat: 	at com.google.android.settings.dashboard.suggestions.ContextualSuggestionFragment.onCreateView(ContextualSuggestionFragment.java:75)
04-12 00:22:47.633 13830 13830 W ResourcesCompat: 	at androidx.fragment.app.Fragment.performCreateView(Fragment.java:3104)
04-12 00:22:47.633 13830 13830 W ResourcesCompat: 	at androidx.fragment.app.FragmentStateManager.createView(FragmentStateManager.java:557)
04-12 00:22:47.633 13830 13830 W ResourcesCompat: 	at androidx.fragment.app.FragmentStateManager.moveToExpectedState(FragmentStateManager.java:272)
04-12 00:22:47.633 13830 13830 W ResourcesCompat: 	at androidx.fragment.app.FragmentManager.executeOpsTogether(FragmentManager.java:1938)
04-12 00:22:47.633 13830 13830 W ResourcesCompat: 	at androidx.fragment.app.FragmentManager.removeRedundantOperationsAndExecute(FragmentManager.java:1835)
04-12 00:22:47.633 13830 13830 W ResourcesCompat: 	at androidx.fragment.app.FragmentManager.execPendingActions(FragmentManager.java:1778)
04-12 00:22:47.633 13830 13830 W ResourcesCompat: 	at androidx.fragment.app.FragmentManager.dispatchStateChange(FragmentManager.java:3037)
04-12 00:22:47.633 13830 13830 W ResourcesCompat: 	at androidx.fragment.app.FragmentManager.dispatchActivityCreated(FragmentManager.java:2947)
04-12 00:22:47.633 13830 13830 W ResourcesCompat: 	at androidx.fragment.app.FragmentController.dispatchActivityCreated(FragmentController.java:263)
04-12 00:22:47.633 13830 13830 W ResourcesCompat: 	at androidx.fragment.app.FragmentActivity.onStart(FragmentActivity.java:350)
04-12 00:22:47.633 13830 13830 W ResourcesCompat: 	at com.android.settings.homepage.SettingsHomepageActivity.onStart(SettingsHomepageActivity.java:261)
04-12 00:22:47.633 13830 13830 W ResourcesCompat: 	at android.app.Instrumentation.callActivityOnStart(Instrumentation.java:1582)
04-12 00:22:47.633 13830 13830 W ResourcesCompat: 	at android.app.Activity.performStart(Activity.java:8654)
04-12 00:22:47.633 13830 13830 W ResourcesCompat: 	at android.app.ActivityThread.handleStartActivity(ActivityThread.java:3847)
04-12 00:22:47.633 13830 13830 W ResourcesCompat: 	at android.app.servertransaction.TransactionExecutor.performLifecycleSequence(TransactionExecutor.java:225)
04-12 00:22:47.633 13830 13830 W ResourcesCompat: 	at android.app.servertransaction.TransactionExecutor.cycleToPath(TransactionExecutor.java:205)
04-12 00:22:47.633 13830 13830 W ResourcesCompat: 	at android.app.servertransaction.TransactionExecutor.executeLifecycleState(TransactionExecutor.java:177)
04-12 00:22:47.633 13830 13830 W ResourcesCompat: 	at android.app.servertransaction.TransactionExecutor.execute(TransactionExecutor.java:98)
04-12 00:22:47.633 13830 13830 W ResourcesCompat: 	at android.app.ActivityThread$H.handleMessage(ActivityThread.java:2468)
04-12 00:22:47.633 13830 13830 W ResourcesCompat: 	at android.os.Handler.dispatchMessage(Handler.java:106)
04-12 00:22:47.633 13830 13830 W ResourcesCompat: 	at android.os.Looper.loopOnce(Looper.java:205)
04-12 00:22:47.633 13830 13830 W ResourcesCompat: 	at android.os.Looper.loop(Looper.java:294)
04-12 00:22:47.633 13830 13830 W ResourcesCompat: 	at android.app.ActivityThread.main(ActivityThread.java:8248)
04-12 00:22:47.633 13830 13830 W ResourcesCompat: 	at java.lang.reflect.Method.invoke(Native Method)
04-12 00:22:47.633 13830 13830 W ResourcesCompat: 	at com.android.internal.os.RuntimeInit$MethodAndArgsCaller.run(RuntimeInit.java:552)
04-12 00:22:47.633 13830 13830 W ResourcesCompat: 	at com.android.internal.os.ZygoteInit.main(ZygoteInit.java:971)
04-12 00:22:47.633 13830 13830 W ResourcesCompat: Failed to inflate ColorStateList, leaving it to the framework
04-12 00:22:47.633 13830 13830 W ResourcesCompat: java.lang.UnsupportedOperationException: Failed to resolve attribute at index 0: TypedValue{t=0x2/d=0x7f05011d a=-1}, theme={InheritanceMap=[id=0x7f140403com.android.settings:style/Theme.Settings.Home, id=0x7f140405com.android.settings:style/Theme.Settings.HomeBase, id=0x7f140406com.android.settings:style/Theme.Settings.NoActionBar, id=0x7f140401com.android.settings:style/Theme.Settings, id=0x7f140407com.android.settings:style/Theme.SettingsBase, id=0x7f140408com.android.settings:style/Theme.SettingsBase_v31, id=0x1030223android:style/Theme.DeviceDefault.Settings, id=0x1030128android:style/Theme.DeviceDefault, id=0x1030401android:style/Theme.DeviceDefaultBase, id=0x1030224android:style/Theme.Material, id=0x1030005android:style/Theme], Themes=[com.android.settings:style/Theme.Settings.Home, forced, android:style/Theme.DeviceDefault.Light.DarkActionBar, forced]}
04-12 00:22:47.633 13830 13830 W ResourcesCompat: 	at android.content.res.TypedArray.getColor(TypedArray.java:529)
04-12 00:22:47.633 13830 13830 W ResourcesCompat: 	at androidx.core.content.res.ColorStateListInflaterCompat.inflate(ColorStateListInflaterCompat.java:159)
04-12 00:22:47.633 13830 13830 W ResourcesCompat: 	at androidx.core.content.res.ColorStateListInflaterCompat.createFromXmlInner(ColorStateListInflaterCompat.java:124)
04-12 00:22:47.633 13830 13830 W ResourcesCompat: 	at androidx.core.content.res.ColorStateListInflaterCompat.createFromXml(ColorStateListInflaterCompat.java:103)
04-12 00:22:47.633 13830 13830 W ResourcesCompat: 	at androidx.core.content.res.ResourcesCompat.inflateColorStateList(ResourcesCompat.java:262)
04-12 00:22:47.633 13830 13830 W ResourcesCompat: 	at androidx.core.content.res.ResourcesCompat.getColorStateList(ResourcesCompat.java:236)
04-12 00:22:47.633 13830 13830 W ResourcesCompat: 	at androidx.core.content.ContextCompat.getColorStateList(ContextCompat.java:564)
04-12 00:22:47.633 13830 13830 W ResourcesCompat: 	at androidx.appcompat.content.res.AppCompatResources.getColorStateList(AppCompatResources.java:48)
04-12 00:22:47.633 13830 13830 W ResourcesCompat: 	at com.google.android.material.resources.MaterialResources.getColorStateList(MaterialResources.java:65)
04-12 00:22:47.633 13830 13830 W ResourcesCompat: 	at com.google.android.material.card.MaterialCardViewHelper.loadFromAttributes(MaterialCardViewHelper.java:187)
04-12 00:22:47.633 13830 13830 W ResourcesCompat: 	at com.google.android.material.card.MaterialCardView.<init>(MaterialCardView.java:183)
04-12 00:22:47.633 13830 13830 W ResourcesCompat: 	at com.google.android.material.card.MaterialCardView.<init>(MaterialCardView.java:160)
04-12 00:22:47.633 13830 13830 W ResourcesCompat: 	at java.lang.reflect.Constructor.newInstance0(Native Method)
04-12 00:22:47.633 13830 13830 W ResourcesCompat: 	at java.lang.reflect.Constructor.newInstance(Constructor.java:343)
04-12 00:22:47.633 13830 13830 W ResourcesCompat: 	at android.view.LayoutInflater.createView(LayoutInflater.java:866)
04-12 00:22:47.633 13830 13830 W ResourcesCompat: 	at android.view.LayoutInflater.createViewFromTag(LayoutInflater.java:1018)
04-12 00:22:47.633 13830 13830 W ResourcesCompat: 	at android.view.LayoutInflater.createViewFromTag(LayoutInflater.java:973)
04-12 00:22:47.633 13830 13830 W ResourcesCompat: 	at android.view.LayoutInflater.inflate(LayoutInflater.java:667)
04-12 00:22:47.633 13830 13830 W ResourcesCompat: 	at android.view.LayoutInflater.inflate(LayoutInflater.java:538)
04-12 00:22:47.633 13830 13830 W ResourcesCompat: 	at com.google.android.settings.dashboard.suggestions.ContextualSuggestionFragment.onCreateView(ContextualSuggestionFragment.java:75)
04-12 00:22:47.633 13830 13830 W ResourcesCompat: 	at androidx.fragment.app.Fragment.performCreateView(Fragment.java:3104)
04-12 00:22:47.633 13830 13830 W ResourcesCompat: 	at androidx.fragment.app.FragmentStateManager.createView(FragmentStateManager.java:557)
04-12 00:22:47.633 13830 13830 W ResourcesCompat: 	at androidx.fragment.app.FragmentStateManager.moveToExpectedState(FragmentStateManager.java:272)
04-12 00:22:47.633 13830 13830 W ResourcesCompat: 	at androidx.fragment.app.FragmentManager.executeOpsTogether(FragmentManager.java:1938)
04-12 00:22:47.633 13830 13830 W ResourcesCompat: 	at androidx.fragment.app.FragmentManager.removeRedundantOperationsAndExecute(FragmentManager.java:1835)
04-12 00:22:47.633 13830 13830 W ResourcesCompat: 	at androidx.fragment.app.FragmentManager.execPendingActions(FragmentManager.java:1778)
04-12 00:22:47.633 13830 13830 W ResourcesCompat: 	at androidx.fragment.app.FragmentManager.dispatchStateChange(FragmentManager.java:3037)
04-12 00:22:47.633 13830 13830 W ResourcesCompat: 	at androidx.fragment.app.FragmentManager.dispatchActivityCreated(FragmentManager.java:2947)
04-12 00:22:47.633 13830 13830 W ResourcesCompat: 	at androidx.fragment.app.FragmentController.dispatchActivityCreated(FragmentController.java:263)
04-12 00:22:47.633 13830 13830 W ResourcesCompat: 	at androidx.fragment.app.FragmentActivity.onStart(FragmentActivity.java:350)
04-12 00:22:47.633 13830 13830 W ResourcesCompat: 	at com.android.settings.homepage.SettingsHomepageActivity.onStart(SettingsHomepageActivity.java:261)
04-12 00:22:47.633 13830 13830 W ResourcesCompat: 	at android.app.Instrumentation.callActivityOnStart(Instrumentation.java:1582)
04-12 00:22:47.633 13830 13830 W ResourcesCompat: 	at android.app.Activity.performStart(Activity.java:8654)
04-12 00:22:47.633 13830 13830 W ResourcesCompat: 	at android.app.ActivityThread.handleStartActivity(ActivityThread.java:3847)
04-12 00:22:47.633 13830 13830 W ResourcesCompat: 	at android.app.servertransaction.TransactionExecutor.performLifecycleSequence(TransactionExecutor.java:225)
04-12 00:22:47.633 13830 13830 W ResourcesCompat: 	at android.app.servertransaction.TransactionExecutor.cycleToPath(TransactionExecutor.java:205)
04-12 00:22:47.633 13830 13830 W ResourcesCompat: 	at android.app.servertransaction.TransactionExecutor.executeLifecycleState(TransactionExecutor.java:177)
04-12 00:22:47.633 13830 13830 W ResourcesCompat: 	at android.app.servertransaction.TransactionExecutor.execute(TransactionExecutor.java:98)
04-12 00:22:47.633 13830 13830 W ResourcesCompat: 	at android.app.ActivityThread$H.handleMessage(ActivityThread.java:2468)
04-12 00:22:47.633 13830 13830 W ResourcesCompat: 	at android.os.Handler.dispatchMessage(Handler.java:106)
04-12 00:22:47.633 13830 13830 W ResourcesCompat: 	at android.os.Looper.loopOnce(Looper.java:205)
04-12 00:22:47.633 13830 13830 W ResourcesCompat: 	at android.os.Looper.loop(Looper.java:294)
04-12 00:22:47.633 13830 13830 W ResourcesCompat: 	at android.app.ActivityThread.main(ActivityThread.java:8248)
04-12 00:22:47.633 13830 13830 W ResourcesCompat: 	at java.lang.reflect.Method.invoke(Native Method)
04-12 00:22:47.633 13830 13830 W ResourcesCompat: 	at com.android.internal.os.RuntimeInit$MethodAndArgsCaller.run(RuntimeInit.java:552)
04-12 00:22:47.633 13830 13830 W ResourcesCompat: 	at com.android.internal.os.ZygoteInit.main(ZygoteInit.java:971)
04-12 00:22:47.635 13830 13830 D PrefCtrlListHelper: Could not find Context-only controller for pref: com.android.settings.network.TopLevelNetworkEntryPreferenceController
04-12 00:22:47.636 13830 13830 D PrefCtrlListHelper: Could not find Context-only controller for pref: com.android.settings.communal.CommunalPreferenceController
04-12 00:22:47.636 13830 13830 D PrefCtrlListHelper: Could not find Context-only controller for pref: com.android.settings.connecteddevice.TopLevelConnectedDevicesPreferenceController
04-12 00:22:47.636 13830 13830 D PrefCtrlListHelper: Could not find Context-only controller for pref: com.android.settings.fuelgauge.TopLevelBatteryPreferenceController
04-12 00:22:47.637 13830 13830 I ReverseWirelessCharger: no wireless charger hal found: Attempt to invoke interface method 'void android.os.IBinder.linkToDeath(android.os.IBinder$DeathRecipient, int)' on a null object reference
04-12 00:22:47.637 13830 13830 I ReverseWirelessCharger: java.lang.NullPointerException: Attempt to invoke interface method 'void android.os.IBinder.linkToDeath(android.os.IBinder$DeathRecipient, int)' on a null object reference
04-12 00:22:47.637 13830 13830 I ReverseWirelessCharger: 	at com.google.android.systemui.reversecharging.ReverseWirelessCharger.initHALInterface(ReverseWirelessCharger.java:111)
04-12 00:22:47.637 13830 13830 I ReverseWirelessCharger: 	at com.google.android.systemui.reversecharging.ReverseWirelessCharger.isRtxSupported(ReverseWirelessCharger.java:140)
04-12 00:22:47.637 13830 13830 I ReverseWirelessCharger: 	at com.google.android.settings.fuelgauge.reversecharging.ReverseChargingManager.isRtxSupported(ReverseChargingManager.java:72)
04-12 00:22:47.637 13830 13830 I ReverseWirelessCharger: 	at com.google.android.settings.fuelgauge.reversecharging.ReverseChargingManager.<init>(ReverseChargingManager.java:63)
04-12 00:22:47.637 13830 13830 I ReverseWirelessCharger: 	at com.google.android.settings.fuelgauge.reversecharging.ReverseChargingManager.getInstance(ReverseChargingManager.java:53)
04-12 00:22:47.637 13830 13830 I ReverseWirelessCharger: 	at com.google.android.settings.fuelgauge.BatteryStatusFeatureProviderGoogleImpl.<init>(BatteryStatusFeatureProviderGoogleImpl.java:32)
04-12 00:22:47.637 13830 13830 I ReverseWirelessCharger: 	at com.google.android.settings.overlay.FeatureFactoryImpl.getBatteryStatusFeatureProvider(FeatureFactoryImpl.java:131)
04-12 00:22:47.637 13830 13830 I ReverseWirelessCharger: 	at com.android.settings.fuelgauge.TopLevelBatteryPreferenceController.<init>(TopLevelBatteryPreferenceController.java:71)
04-12 00:22:47.637 13830 13830 I ReverseWirelessCharger: 	at java.lang.reflect.Constructor.newInstance0(Native Method)
04-12 00:22:47.637 13830 13830 I ReverseWirelessCharger: 	at java.lang.reflect.Constructor.newInstance(Constructor.java:343)
04-12 00:22:47.637 13830 13830 I ReverseWirelessCharger: 	at com.android.settings.core.BasePreferenceController.createInstance(BasePreferenceController.java:187)
04-12 00:22:47.637 13830 13830 I ReverseWirelessCharger: 	at com.android.settings.core.PreferenceControllerListHelper.getPreferenceControllersFromXml(PreferenceControllerListHelper.java:83)
04-12 00:22:47.637 13830 13830 I ReverseWirelessCharger: 	at com.android.settings.dashboard.DashboardFragment.onAttach(DashboardFragment.java:104)
04-12 00:22:47.637 13830 13830 I ReverseWirelessCharger: 	at com.android.settings.homepage.TopLevelSettings.onAttach(TopLevelSettings.java:102)
04-12 00:22:47.637 13830 13830 I ReverseWirelessCharger: 	at androidx.fragment.app.Fragment.performAttach(Fragment.java:3058)
04-12 00:22:47.637 13830 13830 I ReverseWirelessCharger: 	at androidx.fragment.app.FragmentStateManager.attach(FragmentStateManager.java:490)
04-12 00:22:47.637 13830 13830 I ReverseWirelessCharger: 	at androidx.fragment.app.FragmentStateManager.moveToExpectedState(FragmentStateManager.java:265)
04-12 00:22:47.637 13830 13830 I ReverseWirelessCharger: 	at androidx.fragment.app.FragmentManager.executeOpsTogether(FragmentManager.java:1938)
04-12 00:22:47.637 13830 13830 I ReverseWirelessCharger: 	at androidx.fragment.app.FragmentManager.removeRedundantOperationsAndExecute(FragmentManager.java:1835)
04-12 00:22:47.637 13830 13830 I ReverseWirelessCharger: 	at androidx.fragment.app.FragmentManager.execPendingActions(FragmentManager.java:1778)
04-12 00:22:47.637 13830 13830 I ReverseWirelessCharger: 	at androidx.fragment.app.FragmentManager.dispatchStateChange(FragmentManager.java:3037)
04-12 00:22:47.637 13830 13830 I ReverseWirelessCharger: 	at androidx.fragment.app.FragmentManager.dispatchActivityCreated(FragmentManager.java:2947)
04-12 00:22:47.637 13830 13830 I ReverseWirelessCharger: 	at androidx.fragment.app.FragmentController.dispatchActivityCreated(FragmentController.java:263)
04-12 00:22:47.637 13830 13830 I ReverseWirelessCharger: 	at androidx.fragment.app.FragmentActivity.onStart(FragmentActivity.java:350)
04-12 00:22:47.637 13830 13830 I ReverseWirelessCharger: 	at com.android.settings.homepage.SettingsHomepageActivity.onStart(SettingsHomepageActivity.java:261)
04-12 00:22:47.637 13830 13830 I ReverseWirelessCharger: 	at android.app.Instrumentation.callActivityOnStart(Instrumentation.java:1582)
04-12 00:22:47.637 13830 13830 I ReverseWirelessCharger: 	at android.app.Activity.performStart(Activity.java:8654)
04-12 00:22:47.637 13830 13830 I ReverseWirelessCharger: 	at android.app.ActivityThread.handleStartActivity(ActivityThread.java:3847)
04-12 00:22:47.637 13830 13830 I ReverseWirelessCharger: 	at android.app.servertransaction.TransactionExecutor.performLifecycleSequence(TransactionExecutor.java:225)
04-12 00:22:47.637 13830 13830 I ReverseWirelessCharger: 	at android.app.servertransaction.TransactionExecutor.cycleToPath(TransactionExecutor.java:205)
04-12 00:22:47.637 13830 13830 I ReverseWirelessCharger: 	at android.app.servertransaction.TransactionExecutor.executeLifecycleState(TransactionExecutor.java:177)
04-12 00:22:47.637 13830 13830 I ReverseWirelessCharger: 	at android.app.servertransaction.TransactionExecutor.execute(TransactionExecutor.java:98)
04-12 00:22:47.637 13830 13830 I ReverseWirelessCharger: 	at android.app.ActivityThread$H.handleMessage(ActivityThread.java:2468)
04-12 00:22:47.637 13830 13830 I ReverseWirelessCharger: 	at android.os.Handler.dispatchMessage(Handler.java:106)
04-12 00:22:47.637 13830 13830 I ReverseWirelessCharger: 	at android.os.Looper.loopOnce(Looper.java:205)
04-12 00:22:47.637 13830 13830 I ReverseWirelessCharger: 	at android.os.Looper.loop(Looper.java:294)
04-12 00:22:47.637 13830 13830 I ReverseWirelessCharger: 	at android.app.ActivityThread.main(ActivityThread.java:8248)
04-12 00:22:47.637 13830 13830 I ReverseWirelessCharger: 	at java.lang.reflect.Method.invoke(Native Method)
04-12 00:22:47.637 13830 13830 I ReverseWirelessCharger: 	at com.android.internal.os.RuntimeInit$MethodAndArgsCaller.run(RuntimeInit.java:552)
04-12 00:22:47.637 13830 13830 I ReverseWirelessCharger: 	at com.android.internal.os.ZygoteInit.main(ZygoteInit.java:971)
04-12 00:22:47.639 13830 13830 D PrefCtrlListHelper: Could not find Context-only controller for pref: com.android.settings.deviceinfo.TopLevelStoragePreferenceController
04-12 00:22:47.639 13830 13830 D PrefCtrlListHelper: Could not find Context-only controller for pref: com.android.settings.display.TopLevelDisplayPreferenceController
04-12 00:22:47.639 13830 13830 D PrefCtrlListHelper: Could not find Context-only controller for pref: com.android.settings.display.TopLevelWallpaperPreferenceController
04-12 00:22:47.639 13830 13830 D PrefCtrlListHelper: Could not find Context-only controller for pref: com.android.settings.accessibility.TopLevelAccessibilityPreferenceController
04-12 00:22:47.639 13830 13830 D PrefCtrlListHelper: Could not find Context-only controller for pref: com.android.settings.safetycenter.TopLevelSafetyCenterEntryPreferenceController
04-12 00:22:47.639 13830 13830 D PrefCtrlListHelper: Could not find Context-only controller for pref: com.android.settings.security.TopLevelSecurityEntryPreferenceController
04-12 00:22:47.640 13830 13830 D PrefCtrlListHelper: Could not find Context-only controller for pref: com.android.settings.privacy.TopLevelPrivacyEntryPreferenceController
04-12 00:22:47.640 13830 13830 D PrefCtrlListHelper: Could not find Context-only controller for pref: com.android.settings.location.TopLevelLocationPreferenceController
04-12 00:22:47.640 13830 13830 D PrefCtrlListHelper: Could not find Context-only controller for pref: com.android.settings.accounts.TopLevelAccountEntryPreferenceController
04-12 00:22:47.640 13830 13830 D PrefCtrlListHelper: Could not find Context-only controller for pref: com.android.settings.deviceinfo.aboutphone.TopLevelAboutDevicePreferenceController
04-12 00:22:47.640 13830 13830 D PrefCtrlListHelper: Could not find Context-only controller for pref: com.android.settings.support.SupportPreferenceController
04-12 00:22:47.641 13830 13830 D HighlightableMenu: parsing highlightable menu from xml
04-12 00:22:47.642  1637  4166 E UserRestrictionsUtils: Unknown restriction queried by uid 1000 (com.android.localtransport et al): null
04-12 00:22:47.642 13830 13830 W InstrumentedPrefFrag: Screen title missing for fragment com.android.settings.homepage.TopLevelSettings
04-12 00:22:47.644 13830 13830 D ActivityEmbeddingUtils: isSettingsSplitSupported = false
04-12 00:22:47.646 12711 17894 V ClearcutMetricXmitter: Transmission is done.
04-12 00:22:47.651 13830 13830 W TileUtils: Found com.google.android.gms.auth.proximity.multidevice.SettingsMaterialNextActivity for intent Intent { act=com.android.settings.action.IA_SETTINGS } missing metadata 
04-12 00:22:47.656 13830 13830 D HighlightableMenu: add menu key: top_level_wellbeing
04-12 00:22:47.656 13830 13830 D HighlightableMenu: add menu key: top_level_google
04-12 00:22:47.659 13830 13830 D ActivityEmbeddingUtils: isSettingsSplitSupported = false
04-12 00:22:47.659 13830 13830 D DashboardFragment: register observer: @815d1fb, uri: content://com.google.android.apps.wellbeing.api/digitalWellbeingSummary
04-12 00:22:47.664 13830 13830 D ActivityEmbeddingUtils: isSettingsSplitSupported = false
04-12 00:22:47.664 13830 13830 D TopLevelSettings: Start waiting observers
04-12 00:22:47.664 13830 13830 D TopLevelSettings: Stop waiting observers
04-12 00:22:47.664 13830 13830 D TopLevelSettings: All preferences added, reporting fully drawn
04-12 00:22:47.667 13830 13830 D ActivityEmbeddingUtils: isSettingsSplitSupported = false
04-12 00:22:47.675  1637  4166 D CompatibilityChangeReporter: Compat change id reported: 261072174; UID 1000; state: ENABLED
04-12 00:22:47.676 13830 13830 W ContextImpl: Calling a method in the system process without a qualified user: android.app.ContextImpl.sendBroadcast:1220 android.content.ContextWrapper.sendBroadcast:504 com.google.android.settings.search.SearchFeatureProviderGoogleImpl.sendPreIndexIntent:28 com.android.settings.homepage.TopLevelSettings.onStart:181 androidx.fragment.app.Fragment.performStart:3173 
04-12 00:22:47.677  1637  4166 D CompatibilityChangeReporter: Compat change id reported: 161145287; UID 1000; state: ENABLED
04-12 00:22:47.678 13830 13830 D BatteryBroadcastRcvr: updateBatteryStatus: action=android.intent.action.BATTERY_CHANGED
04-12 00:22:47.678 13830 13830 D BatteryBroadcastRcvr: Battery changed: level: 65%| status:  | chargingStatus: 1| health: 2
04-12 00:22:47.678 13830 13830 D TopLvBatteryPrefControl: onBatteryChanged: type=0
04-12 00:22:47.685 13830 13830 W ElapsedTimeUtils: getElapsedTime: sSuwFinishedTimeStamp is null
04-12 00:22:47.685 13830 13874 D BatteryInfo: time for getStats: 0ms
04-12 00:22:47.685 13830 13874 D BatteryInfo: time for regular BatteryInfo: 0ms
04-12 00:22:47.686 13830 13874 D BatteryInfo: time for getBatteryInfo: 1ms
04-12 00:22:47.689 13830 13830 W ElapsedTimeUtils: getElapsedTime: sSuwFinishedTimeStamp is null
04-12 00:22:47.691 13830 13830 D CompatibilityChangeReporter: Compat change id reported: 263076149; UID 1000; state: ENABLED
04-12 00:22:47.696  1637  1851 D FileUtils: Rounded bytes from 119346778112 to 128000000000
04-12 00:22:47.697 13830 13830 D CategoryMixin: Skip categories update
04-12 00:22:47.699 13830 13830 D CompatibilityChangeReporter: Compat change id reported: 237531167; UID 1000; state: DISABLED
04-12 00:22:47.705 13830 13830 D BatteryBroadcastRcvr: updateBatteryStatus: action=android.intent.action.BATTERY_CHANGED
04-12 00:22:47.705 13830 13830 D BatteryBroadcastRcvr: Battery changed: level: 65%| status:  | chargingStatus: 1| health: 2
04-12 00:22:47.705 13830 13830 D BatteryBroadcastRcvr: updateBatteryStatus: action=android.intent.action.BATTERY_CHANGED
04-12 00:22:47.705 13830 13830 D BatteryBroadcastRcvr: Battery changed: level: 65%| status:  | chargingStatus: 1| health: 2
04-12 00:22:47.705 13830 13830 D TopLvBatteryPrefControl: getBatteryInfo: com.android.settings.fuelgauge.BatteryInfo@37460ac
04-12 00:22:47.705 13830 13830 D TopLvBatteryPrefControl: getDashboardLabel: null batteryStatusUpdate=true
04-12 00:22:47.706 13830 13883 D ContextualSuggestFrag: Start loading suggestions
04-12 00:22:47.706  3913  3937 W MetricsFeatureProvider: Invalid suggestion ids!!! ids is null or empty. Please check. 
04-12 00:22:47.706 13830 13883 D ContextualSuggestFrag: Loaded suggests: 0
04-12 00:22:47.707 13830 13830 D TopLvBatteryPrefControl: usbPort: UsbPort{id=port0, supportedModes=dual, supportedContaminantProtectionModes=4, supportsEnableContaminantPresenceProtection=false, supportsEnableContaminantPresenceDetection=true, supportsComplianceWarnings=true
04-12 00:22:47.707 13830 13830 D BatteryInfo: time for callback: 2ms
04-12 00:22:47.709 13830 13884 D CompatibilityChangeReporter: Compat change id reported: 170233598; UID 1000; state: ENABLED
04-12 00:22:47.716  1637  3297 D CoreBackPreview: Window{53c2c4b u0 com.android.settings/com.android.settings.Settings}: Setting back callback OnBackInvokedCallbackInfo{mCallback=android.window.IOnBackInvokedCallback$Stub$Proxy@3f5240, mPriority=-1, mIsAnimationCallback=false}
04-12 00:22:47.723   532   532 I hwservicemanager: getTransport: Cannot find entry android.hardware.graphics.allocator@4.0::IAllocator/default in either framework or device VINTF manifest.
04-12 00:22:47.726   616  5156 W gralloc4: Unable to set buffer name VRI[Settings]#0(BLAST Consumer)0: Invalid argument
04-12 00:22:47.731   616  5156 W gralloc4: Unable to set buffer name VRI[Settings]#0(BLAST Consumer)0: Invalid argument
04-12 00:22:47.732 13830 13830 D ContextualSuggestFrag: Remove suggestion
04-12 00:22:47.732 13830 13830 D ContextualSuggestFrag: Total loading time: 27 ms
04-12 00:22:47.732 13830 13830 W ElapsedTimeUtils: getElapsedTime: sSuwFinishedTimeStamp is null
04-12 00:22:47.732 13830 13830 I SettingsHomepageActivity: showHomepageWithSuggestion: false
04-12 00:22:47.733 13830 13830 D TopLvBatteryPrefControl: getDashboardLabel:      10:00 batteryStatusUpdate=false
04-12 00:22:47.734 13830 13830 D TopLvBatteryPrefControl: updateBatteryStatus:      10:00 summary:      10:00
04-12 00:22:47.734 13830 13830 D TopLvBatteryPrefControl: getDashboardLabel:      10:00 batteryStatusUpdate=false
04-12 00:22:47.734 13830 13830 D TopLvBatteryPrefControl: updateBatteryStatus:      10:00 summary:      10:00
04-12 00:22:47.736   616  5156 W gralloc4: Unable to set buffer name VRI[Settings]#0(BLAST Consumer)0: Invalid argument
04-12 00:22:47.738   682   682 I libperfmgr: Hint type not present in actions: CPU_LOAD_UP
04-12 00:22:47.739  1637  1840 I ActivityTaskManager: Displayed com.android.settings/.Settings for user 0: +233ms
04-12 00:22:47.739  1637  1840 I ActivityTaskManager: Fully drawn com.android.settings/.Settings: +233ms
04-12 00:22:47.782  1637  1851 D StorageStatsService: getFreeBytes: 58898698240
04-12 00:22:47.788  1637  2757 D CompatibilityChangeReporter: Compat change id reported: 214016041; UID 1000; state: ENABLED
04-12 00:22:47.788  1637  2757 I ImeTracker: com.android.settings:58e1c51f: onRequestHide at ORIGIN_SERVER_HIDE_INPUT reason HIDE_UNSPECIFIED_WINDOW
04-12 00:22:47.788  1637  2757 I ImeTracker: com.android.settings:58e1c51f: onCancelled at PHASE_SERVER_SHOULD_HIDE
04-12 00:22:47.791 31082 31082 I GoogleInputMethodService: GoogleInputMethodService.onFinishInput():3096 
04-12 00:22:47.791 31082 31082 I GoogleInputMethodService: GoogleInputMethodService.updateDeviceLockedStatus():2210 repeatCheckTimes = 0, locked = false
04-12 00:22:47.792 31082 31082 I GoogleInputMethodService: GoogleInputMethodService.onStartInput():1950 onStartInput(EditorInfo{EditorInfo{packageName=com.android.settings, inputType=0, inputTypeString=NULL, enableLearning=false, autoCorrection=false, autoComplete=false, imeOptions=0, privateImeOptions=null, actionName=UNSPECIFIED, actionLabel=null, initialSelStart=-1, initialSelEnd=-1, initialCapsMode=0, label=null, fieldId=0, fieldName=null, extras=null, hintText=null, hintLocales=[]}}, false)
04-12 00:22:47.792 31082 31082 I GoogleInputMethodService: GoogleInputMethodService.updateDeviceLockedStatus():2210 repeatCheckTimes = 1, locked = false
04-12 00:22:47.792 31082 31082 I AndroidIME: InputBundleManager.loadActiveInputBundleId():450 loadActiveInputBundleId: und-Latn-x-password, password
04-12 00:22:47.793  1637  1851 W PackageConfigPersister: App-specific configuration not found for packageName: com.android.settings and userId: 0
04-12 00:22:47.848  2125  2149 V WindowManagerShell: Transition animation finished (aborted=false), notifying core (#2226)android.os.BinderProxy@97db14e@0
04-12 00:22:47.849  1637  1840 V WindowManager: Finish Transition #2226: created at 04-12 00:22:47.509 collect-started=0.113ms request-sent=16.6ms started=20.119ms ready=35.116ms sent=37.081ms finished=338.83ms
04-12 00:22:47.850  2125  2149 V WindowManagerShell: Track 0 became idle
04-12 00:22:47.850  2125  2149 V WindowManagerShell: All active transition animations finished
04-12 00:22:47.864  5552  5552 D NexusLauncherModelDelegate: notifySmartspaceEvent: SmartspaceTargetEvent{mSmartspaceTarget=null, mSmartspaceActionId='null', mEventType=7}
04-12 00:22:47.871  5552  5552 D BaseDepthController: setSurface:
04-12 00:22:47.871  5552  5552 D BaseDepthController: 	mWaitingOnSurfaceValidity: false
04-12 00:22:47.871  5552  5552 D BaseDepthController: 	mSurface: null
04-12 00:22:47.871  5552  5552 D BaseDepthController: mSurface is null and mCurrentBlur is: 0
04-12 00:22:47.871  5552  5552 D b/279059025: go to state Normal
04-12 00:22:47.871  5552  5552 D StatsLog: LAUNCHER_ONSTOP
04-12 00:22:47.872 12711 12711 I A       : onStop
04-12 00:22:47.874  5552  5608 D OneSearchSuggestProvider: Shut down the binder channel
04-12 00:22:47.874  5552  5569 I IPCThreadState: oneway function results for code 2 on binder at 0xb4000070c7146340 will be dropped but finished with status UNKNOWN_TRANSACTION
04-12 00:22:47.874  5552  5552 D StatsLog: LAUNCHER_GOOGLE_SEARCH_RESTORE_LIST_SIZE_AFTER_ACTIVITY_RESTART
04-12 00:22:47.874  5552  5576 I ImeTracker: com.google.android.apps.nexuslauncher:a4c2d25b: onRequestHide at ORIGIN_CLIENT_HIDE_SOFT_INPUT reason HIDE_SOFT_INPUT
04-12 00:22:47.874  5552  5576 I ImeTracker: com.google.android.apps.nexuslauncher:a4c2d25b: onFailed at PHASE_CLIENT_VIEW_SERVED
04-12 00:22:48.043  1637  1637 W AccessibilityManagerService:  wait for adding window timeout: 134
04-12 00:22:48.114  1637  3297 W InputManager-JNI: Input channel object '39f597c Splash Screen com.android.settings (client)' was disposed without first being removed with the input manager!
04-12 00:22:49.090  1637  1982 D ActivityManager: freezing 13602 com.shannon.rcsservice:shannonrcsservice
04-12 00:22:49.898  1637  1972 I JobServiceContext: Letting f7b5292 #u0a170/10009 com.huawei.health/com.huawei.hwservicesmgr.PhoneJobService continue to run past min execution time
04-12 00:22:49.993 22092 22109 I Finsky  : [465] nbw.run(409): Stats for Executor: BlockingExecutor pdc@34a86e1[Running, pool size = 0, active threads = 0, queued tasks = 0, completed tasks = 116]
04-12 00:22:49.994 22092 22109 I Finsky  : [465] nbw.run(409): Stats for Executor: LightweightExecutor pdc@eda2c06[Running, pool size = 4, active threads = 0, queued tasks = 0, completed tasks = 176]
04-12 00:22:49.995 22092 22109 I Finsky  : [465] nbw.run(409): Stats for Executor: bgExecutor pdc@ef2c2c7[Running, pool size = 4, active threads = 0, queued tasks = 0, completed tasks = 1093]
04-12 00:22:50.143  1637  1982 D ActivityManager: freezing 13545 com.google.android.apps.carrier.carrierwifi
04-12 00:22:50.153  1637  2053 D InetDiagMessage: Destroyed 0 sockets, proto=IPPROTO_TCP, family=AF_INET, states=14
04-12 00:22:50.157  1637  2053 D InetDiagMessage: Destroyed 0 sockets, proto=IPPROTO_TCP, family=AF_INET6, states=14
04-12 00:22:50.158  1637  2053 D InetDiagMessage: Destroyed live tcp sockets for uids={10103} in 10ms
04-12 00:22:52.950  2540  2738 D EuiccConnector: handleMessage: E msg.what=3
04-12 00:22:52.951  2540  2738 D EuiccConnector: processMsg: ConnectedState
04-12 00:22:52.956 30308 30308 I EuiccGoogle: [2] EuiccServiceImpl.onDestroy: onDestroy: EuiccService on destroy.
04-12 00:22:52.958  2540  2738 D EuiccConnector: transitionTo: destState=AvailableState
04-12 00:22:52.958  2540  2738 D EuiccConnector: handleMessage: new destination call exit/enter
04-12 00:22:52.958  2540  2738 D EuiccConnector: setupTempStateStackWithStatesToEnter: X mTempStateStackCount=2,curStateInfo: null
04-12 00:22:52.959  2540  2738 D EuiccConnector: invokeExitMethods: ConnectedState
04-12 00:22:52.959  2540  2738 D EuiccConnector: invokeExitMethods: DisconnectedState
04-12 00:22:52.959  2540  2738 D EuiccConnector: moveTempStackToStateStack: i=1,j=0
04-12 00:22:52.959  2540  2738 D EuiccConnector: moveTempStackToStateStack: i=0,j=1
04-12 00:22:52.959  2540  2738 D EuiccConnector: moveTempStackToStateStack: X mStateStackTop=1,startingIndex=0,Top=AvailableState
04-12 00:22:52.959  2540  2738 D EuiccConnector: invokeEnterMethods: UnavailableState
04-12 00:22:52.959  2540  2738 D EuiccConnector: invokeEnterMethods: AvailableState
04-12 00:22:52.959  2540  2738 D EuiccConnector: handleMessage: X
04-12 00:22:57.643  1126  1152 D RILClient: [OemClient]IND: (clientId = 0, msgId = 5104, dataLength = 7, channel = 0)
04-12 00:22:57.644  1007  2120 D RILClient: [OemClient]IND: (clientId = 2, msgId = 5104, dataLength = 7, channel = 0)
04-12 00:22:57.662  1126  1152 D RILClient: [OemClient]IND: (clientId = 0, msgId = 2016, dataLength = 996, channel = 0)
04-12 00:22:57.662  1007  2120 D RILClient: [OemClient]IND: (clientId = 2, msgId = 2016, dataLength = 996, channel = 0)
04-12 00:22:57.664  1126  1152 D RILClient: [OemClient]IND: (clientId = 0, msgId = 2016, dataLength = 996, channel = 0)
04-12 00:22:57.665  1007  2120 D RILClient: [OemClient]IND: (clientId = 2, msgId = 2016, dataLength = 996, channel = 0)
04-12 00:22:57.666  2482  2482 I SHANNON_IMS: 6201 [DATA] Received mCellStatus [ 1 ]  [  band : 1] (RilIndImsPhysicalChannelConfigs%update:44)
04-12 00:22:57.667  2482  2482 I SHANNON_IMS: 6202 [NETW] #:PURP:# UNSOL {RILC_UNSOL_PHYSICAL_CHANNEL_CONFIGS} :   band : 1  (NetworkAdaptor$AdaptorChannel%onMessage:306)
04-12 00:22:57.676  2482  2482 I SHANNON_IMS: 6205 [DATA] Received mCellStatus [ 0 ]  [  band : 1] (RilIndImsPhysicalChannelConfigs%update:44)
04-12 00:22:57.677  2482  2482 I SHANNON_IMS: 6206 [NETW] #:PURP:# UNSOL {RILC_UNSOL_PHYSICAL_CHANNEL_CONFIGS} :   band : 0  (NetworkAdaptor$AdaptorChannel%onMessage:306)
04-12 00:22:57.679  2765  2831 D IwlanNetworkServiceHandler: msg.what = EVENT_NETWORK_REGISTRATION_INFO_REQUEST
04-12 00:22:57.688  2765  2831 D IwlanNetworkServiceHandler[0]: : reg state REGISTRATION_STATE_NOT_REGISTERED_SEARCHING
04-12 00:22:57.704  1001  2443 I WifiHAL : found interface wlan0
04-12 00:22:57.707  3232  3359 D StateService: Country ISO: ru
04-12 00:22:57.708  3232  3359 D StateService: Country ISO: ru
04-12 00:22:57.734  1126  1152 D RILClient: [OemClient]IND: (clientId = 0, msgId = 3005, dataLength = 17, channel = 0)
04-12 00:22:57.737  1007  2120 D RILClient: [OemClient]IND: (clientId = 2, msgId = 3005, dataLength = 17, channel = 0)
04-12 00:22:57.741  2482  2482 I SHANNON_IMS: 6209 [NETW] #:PURP:# UNSOL {RILC_UNSOL_IMS_SUPPORT_SERVICE} : VoPS : 0  EMC : 0  SIM_IDX : 0  RAT : 14  REG_STATE : 1  CELL_ID : 198398771  LAC/TAC : 27873  (NetworkAdaptor$AdaptorChannel%onMessage:306)
04-12 00:22:57.741  2482  2482 I SHANNON_IMS: 6210 [CONN] #:ORNG:# supportService [VoPS : 0/ EMC : 0/ RAT_INFO : 14/ REG_STATE : 1/ CELL_ID : 198398771/ LAC-TAC Info : 27873]  [SLID:0 ] (ImsConnectivityMgr$RegistrationListener%supportService:2852)
04-12 00:22:57.765  1001  2443 I WifiHAL : Setting Channel Avoidance success
04-12 00:22:57.786  2125  2125 D GlobalActionsDialogLite: Service changed before actions created
04-12 00:22:57.787  2125  2125 D GlobalActionsDialogLite: Service changed before actions created
04-12 00:22:57.793  3232  3359 D StateService: Country ISO: ru
04-12 00:22:57.793  1637  1851 W ContextImpl: Calling a method in the system process without a qualified user: android.app.ContextImpl.sendBroadcastMultiplePermissions:1270 android.content.Context.sendBroadcastMultiplePermissions:2476 com.android.server.TelephonyRegistry.broadcastServiceStateChanged:3548 com.android.server.TelephonyRegistry.notifyServiceStateForPhoneId:1728 com.android.internal.telephony.ITelephonyRegistry$Stub.onTransact:534 
04-12 00:22:57.793  3232  3232 D ConnectivityMonitorStateMachine: [onServiceStateChanged] {subId=1} ServiceState= {mVoiceRegState=0(IN_SERVICE), mDataRegState=0(IN_SERVICE), mChannelNumber=75, duplexMode()=1, mCellBandwidths=[5000, 10000], mOperatorAlphaLong=null, mOperatorAlphaShort=null, isManualNetworkSelection=false(automatic), getRilVoiceRadioTechnology=14(LTE), getRilDataRadioTechnology=14(LTE), mCssIndicator=unsupported, mNetworkId=-1, mSystemId=-1, mCdmaRoamingIndicator=-1, mCdmaDefaultRoamingIndicator=-1, mIsEmergencyOnly=false, isUsingCarrierAggregation=true, mArfcnRsrpBoost=0, mNetworkRegistrationInfos=[NetworkRegistrationInfo{ domain=PS transportType=WLAN registrationState=NOT_REG_SEARCHING networkRegistrationState=NOT_REG_SEARCHING roamingType=NOT_ROAMING accessNetworkTechnology=UNKNOWN rejectCause=0 emergencyEnabled=false availableServices=[DATA] cellIdentity=null voiceSpecificInfo=null dataSpecificInfo=null nrState=**** rRplmn= isUsingCarrierAggregation=false isNonTerrestrialNetwork=false}, NetworkRegistrationInfo{ domain=CS transportType=WWAN registrationState=HOME networkRegistrationState=HOME roamingType=NOT_ROAMING accessNetworkTechnology=LTE rejectCause=0 emergencyEnabled=false availableServices=[VOICE,SMS,VIDEO] cellIdentity=null voiceSpecificInfo=VoiceSpecificRegistrationInfo { mCssSupported=false mRoamingIndicator=0 mSystemIsInPrl=0 mDefaultRoamingIndicator=0} dataSpecificInfo=null nrState=**** rRplmn=25020 isUsingCarrierAggregation=false isNonTerrestrialNetwork=false}, NetworkRegistrationInfo{ domain=PS transportType=WWAN registrationState=HOME networkRegistrationState=HOME roamingType=NOT_ROAMING accessNetworkTechnology=LTE rejectCause=0 emergencyEnabled=false availableServices=[DATA] cellIdentity=null voiceSpecificInfo=null dataSpecificInfo=android.telephony.DataSpecificRegistrationInfo :{ maxDataCalls = 16 isDcNrRestricted = false isNrAvailable = false isEnDcAvailable = false mLteAttachResultType = 0 mLteAttachExtraInfo = 0 LteVopsSupportInfo :  mVopsSupport = 3 mEmcBearerSupport = 3 } nrState=**** rRplmn=25020 isUsingCarrierAggregation=false isNonTerrestrialNetwork=false}], mNrFrequencyRange=0, mOperatorAlphaLongRaw=Tele2, mOperatorAlphaShortRaw=Tele2, mIsDataRoamingFromRegistration=false, mIsIwlanPreferred=false}, vops=false
04-12 00:22:57.794  3232  3232 D ConnectivityMonitorStateMachine: [onServiceStateChanged] {subId=1} sendMessage(SERVICE_STATE_CHANGED) id=ce22e31f-d6cc-4978-a6e3-fa66ecb13160
04-12 00:22:57.794  1637  1851 W ContextImpl: Calling a method in the system process without a qualified user: android.app.ContextImpl.sendBroadcastMultiplePermissions:1303 com.android.server.TelephonyRegistry.broadcastServiceStateChanged:3553 com.android.server.TelephonyRegistry.notifyServiceStateForPhoneId:1728 com.android.internal.telephony.ITelephonyRegistry$Stub.onTransact:534 android.os.Binder.execTransactInternal:1358 
04-12 00:22:57.794  3232  9235 D ConnectivityMonitorStateMachine: [Default] {subId=1} processMessage(SERVICE_STATE_CHANGED) CMMessage{id=ce22e31f-d6cc-4978-a6e3-fa66ecb13160, obj={mVoiceRegState=0(IN_SERVICE), mDataRegState=0(IN_SERVICE), mChannelNumber=75, duplexMode()=1, mCellBandwidths=[5000, 10000], mOperatorAlphaLong=null, mOperatorAlphaShort=null, isManualNetworkSelection=false(automatic), getRilVoiceRadioTechnology=14(LTE), getRilDataRadioTechnology=14(LTE), mCssIndicator=unsupported, mNetworkId=-1, mSystemId=-1, mCdmaRoamingIndicator=-1, mCdmaDefaultRoamingIndicator=-1, mIsEmergencyOnly=false, isUsingCarrierAggregation=true, mArfcnRsrpBoost=0, mNetworkRegistrationInfos=[NetworkRegistrationInfo{ domain=PS transportType=WLAN registrationState=NOT_REG_SEARCHING networkRegistrationState=NOT_REG_SEARCHING roamingType=NOT_ROAMING accessNetworkTechnology=UNKNOWN rejectCause=0 emergencyEnabled=false availableServices=[DATA] cellIdentity=null voiceSpecificInfo=null dataSpecificInfo=null nrState=**** rRplmn= isUsingCarrierAggregation=false isNonTerrestrialNetwork=false}, NetworkRegistrationInfo{ domain=CS transportType=WWAN registrationState=HOME networkRegistrationState=HOME roamingType=NOT_ROAMING accessNetworkTechnology=LTE rejectCause=0 emergencyEnabled=false availableServices=[VOICE,SMS,VIDEO] cellIdentity=null voiceSpecificInfo=VoiceSpecificRegistrationInfo { mCssSupported=false mRoamingIndicator=0 mSystemIsInPrl=0 mDefaultRoamingIndicator=0} dataSpecificInfo=null nrState=**** rRplmn=25020 isUsingCarrierAggregation=false isNonTerrestrialNetwork=false}, NetworkRegistrationInfo{ domain=PS transportType=WWAN registrationState=HOME networkRegistrationState=HOME roamingType=NOT_ROAMING accessNetworkTechnology=LTE rejectCause=0 emergencyEnabled=false availableServices=[DATA] cellIdentity=null voiceSpecificInfo=null dataSpecificInfo=android.telephony.DataSpecificRegistrationInfo :{ maxDataCalls = 16 isDcNrRestricted = false isNrAvailable = false isEnDcAvailable = false mLteAttachResultType = 0 mLteAttachExtraInfo = 0 LteVopsSupportInfo :  mVopsSupport = 3 mEmcBearerSupport = 3 } nrState=**** rRplmn=25020 isUsingCarrierAggregation=false isNonTerrestrialNetwork=false}], mNrFrequencyRange=0, mOperatorAlphaLongRaw=Tele2, mOperatorAlphaShortRaw=Tele2, mIsDataRoamingFromRegistration=false, mIsIwlanPreferred=false}, timestamp=2024-04-11T21:22:57.794Z}
04-12 00:22:57.797  1637  1851 W ContextImpl: Calling a method in the system process without a qualified user: android.app.ContextImpl.sendBroadcastMultiplePermissions:1303 com.android.server.TelephonyRegistry.broadcastServiceStateChanged:3562 com.android.server.TelephonyRegistry.notifyServiceStateForPhoneId:1728 com.android.internal.telephony.ITelephonyRegistry$Stub.onTransact:534 android.os.Binder.execTransactInternal:1358 
04-12 00:22:57.798  1637  1851 W ContextImpl: Calling a method in the system process without a qualified user: android.app.ContextImpl.sendBroadcastMultiplePermissions:1303 com.android.server.TelephonyRegistry.broadcastServiceStateChanged:3568 com.android.server.TelephonyRegistry.notifyServiceStateForPhoneId:1728 com.android.internal.telephony.ITelephonyRegistry$Stub.onTransact:534 android.os.Binder.execTransactInternal:1358 
04-12 00:22:57.800  2482  3030 I SHANNON_IMS: 6216 [PROX] onReceive: intent= [Intent { act=android.intent.action.SERVICE_STATE flg=0x1000010 (has extras) }] (ConnectivityBroadcastReceiver%onReceive:103)
04-12 00:22:57.800  2540  2540 D ServiceStateProvider: subId=1
04-12 00:22:57.805  1637  1854 D ActivityManager: sync unfroze 27235 com.google.android.cellbroadcastreceiver for 3
04-12 00:22:57.807 27235 27235 D CellBroadcastReceiver: onReceive Intent { act=android.intent.action.SERVICE_STATE flg=0x1000010 cmp=com.google.android.cellbroadcastreceiver/com.android.cellbroadcastreceiver.CellBroadcastReceiver (has extras) }
04-12 00:22:57.809 27235 27235 D CellBroadcastReceiver: onServiceStateChanged, ss: 0
04-12 00:22:57.809 27235 27235 D CellBroadcastReceiver: networkOperator: 25020
04-12 00:22:57.809 27235 27235 D CellBroadcastReceiver: update supported roaming operator as 
04-12 00:22:57.819  2540  2540 I Telephony: TelecomAccountTelephonyCallback: onServiceStateChanged: newState=0, mServiceState=0
04-12 00:22:57.822  2540  2540 I Telephony: isRttCurrentlySupported -- regular acct, hasVoiceAvailability: false
04-12 00:22:57.822  2540  2540 I Telephony:  isRttSupported: false
04-12 00:22:57.822  2540  2540 I Telephony:  alwaysAllowWhileRoaming: false
04-12 00:22:57.822  2540  2540 I Telephony:  isRoaming: false
04-12 00:22:57.822  2540  2540 I Telephony:  isOnWfc: false
04-12 00:22:58.015  2482  2482 I SHANNON_IMS: 6222 [CALL] isEmcAvailable for false (ImsCallManager%isEmcAvailable:1447)
04-12 00:22:58.966  2482  3027 W SHANNON_IMS: 6223 [CONN] Timer IMS_SUPPORT_SERVICE_TIMER expired (ConnectionTimer$ConnectionTimerTask%run:70)
04-12 00:23:00.031  3571  4219 I AiAiEcho: (REDACTED) Predicting[%d]: %s
04-12 00:23:00.032  3571  4219 I AiAiEcho: (REDACTED) EchoTargets: %s
04-12 00:23:00.032  3571  4219 I AiAiEcho: Filtered by AiAi flag check: %s
04-12 00:23:00.033  3571  4219 I AiAiEcho: (REDACTED) Ranked targets strategy: %s, count: %d, ranking metadata: %s
04-12 00:23:00.033  3571  4219 I AiAiEcho: (REDACTED) #weatherTwiddler: Weather removes SubtitleSupplementalItem in surface: %s
04-12 00:23:00.033  3571  4219 I AiAiEcho: #remoteViewsTwiddler: feature disabled.
04-12 00:23:00.034  3571  4219 I AiAiEcho: (REDACTED) Predicting[%d]: %s
04-12 00:23:00.034  3571  4219 I AiAiEcho: (REDACTED) EchoTargets: %s
04-12 00:23:00.034  3571  4219 I AiAiEcho: Filtered by AiAi flag check: %s
04-12 00:23:00.035  3571  4219 I AiAiEcho: (REDACTED) Ranked targets strategy: %s, count: %d, ranking metadata: %s
04-12 00:23:00.035  3571  4219 I AiAiEcho: (REDACTED) #weatherTwiddler: Weather removes SubtitleSupplementalItem in surface: %s
04-12 00:23:00.035  3571  4219 I AiAiEcho: #remoteViewsTwiddler: feature disabled.
04-12 00:23:00.038  3571  4219 I AiAiEcho: (REDACTED) #postPredictionTargets: Sending updates to UISurface %s with targets# %s (types=[%s])
04-12 00:23:00.039  2125  2125 I WeatherSmartspaceView: setFormattedContentDescription: text=9C, iconDescription= , contentDescription= , 9C
04-12 00:23:00.040  2125  2125 I WeatherData: Weather data parsed PARTLY_CLOUDY (" ") 9C from Bundle[{description= , feedback_intent=null, explanation_intent=Supplier{VAL_PARCELABLE@168+1964}, is_gaia_linked_data=true, use_celsius=true, state=5, temperature=9}]
04-12 00:23:00.040  2125  2125 W PageIndicator: Total number of pages invalid: 0. Assuming 1 page.
04-12 00:23:00.040  2125  2125 I WeatherDigitalClockView:  got 9 from PARTLY_CLOUDY (" ") 9C
04-12 00:23:00.040  3571  4219 I AiAiEcho: (REDACTED) #postPredictionTargets: Sending updates to UISurface %s with targets# %s (types=[%s])
04-12 00:23:00.042  5552  5552 D SsBaseTemplateCard: No text view can be set up
04-12 00:23:00.043  5552  5552 I SsBaseTemplateCard: setFormattedContentDescription: text=9C, iconDescription= , contentDescription= , 9C
04-12 00:23:00.043  5552  5552 D SsBaseTemplateCard: Passed-in item info is null
04-12 00:23:00.043  5552  5552 D SsBaseTemplateCard: Passed-in item info is null
04-12 00:23:00.043  5552  5552 I SsBaseTemplateCard: Secondary card pane is null
04-12 00:23:00.043  5552  5552 D QuickstepLauncher: Bind extra container items
04-12 00:23:00.660 10204 10286 I HAF_MemoryUtils: 1400008310|R|I|total-pss=63544, java-heap=14500, native-heap=7380, code=3160, system=15988, threads=61, importance=(125, 0), dex-mmap=(3, 0, 0, 0), ver=14.0.8.310
04-12 00:23:00.661 10313 10313 I HAF_MemoryUtils: 1400008310|R|I|total-pss=51867, java-heap=1172, native-heap=1060, code=388, system=46019, threads=85, importance=(125, 0), dex-mmap=(4, 0, 0, 0), ver=14.0.8.310
04-12 00:23:01.124 13104 13185 I GMS_MM_Logger: Memory Metric Logging not allowed. Stopping.
04-12 00:23:02.883 20796 20796 D BoundBrokerSvc: onUnbind: Intent { act=com.google.android.gms.inappreach.service.START dat=chimera-action:/... cmp=com.google.android.gms/.chimera.GmsApiService }
04-12 00:23:02.984  1637  1982 D ActivityManager: freezing 30308 com.google.android.euicc
04-12 00:23:03.544 10313 10352 D LogUtil_LogConfig: getLogFile(): logFilePath = /data/user/0/com.huawei.health/files/com.huawei.health/com.huawei.health_PhoneService/
04-12 00:23:03.546 10313 10352 D LogUtil_LogConfig: acquireMaxLogFileLengthContainsOffset describe: com.huawei.health:PhoneService result:10485760
04-12 00:23:04.963 12711 14375 I WorkerManager: dispose()
04-12 00:23:04.964 12711 14375 W A       : (REDACTED) Queue length for executor %s is now %d. Perhaps some tasks are too long, or the pool is too small.
04-12 00:23:07.305   928   928 I android.hardware.health-service.gs101: Recording a sample at time 477973
04-12 00:23:07.337  2125  2125 D DLObserver: onReceive(); android.intent.action.BATTERY_CHANGED
04-12 00:23:07.337  2125  2125 D DLObserver: plugged=2
04-12 00:23:07.340  2125  2125 D SystemEventDataSource: onReceive: android.intent.action.BATTERY_CHANGED
04-12 00:23:07.341  2125  2125 D PowerNotificationWarningsGoogleImpl: onReceive: android.intent.action.BATTERY_CHANGED
04-12 00:23:07.341 13830 13830 D BatteryBroadcastRcvr: updateBatteryStatus: action=android.intent.action.BATTERY_CHANGED
04-12 00:23:07.341  2125  2125 D BatteryDefenderNotification: isPlugged: true | isBatteryDefender: false | defenderEnabled: false | isCharged: false | isPluggedInDock: false
04-12 00:23:07.341  2125  2125 D IncompatibleChargerNotification: dispatchIntent: android.intent.action.BATTERY_CHANGED
04-12 00:23:07.342 13830 13830 D BatteryBroadcastRcvr: Battery changed: level: 65%| status:  | chargingStatus: 1| health: 2
04-12 00:23:07.343  2125 13628 D WiredIncompatibleEvent: usbPort: UsbPort{id=port0, supportedModes=dual, supportedContaminantProtectionModes=4, supportsEnableContaminantPresenceProtection=false, supportsEnableContaminantPresenceDetection=true, supportsComplianceWarnings=true
04-12 00:23:07.344  2125 13628 D DockDefendBatteryModule: plugged: 2
