04-12 00:27:44.904  1637  5063 W ContextImpl: Calling a method in the system process without a qualified user: android.app.ContextImpl.sendBroadcastMultiplePermissions:1303 com.android.server.TelephonyRegistry.broadcastServiceStateChanged:3562 com.android.server.TelephonyRegistry.notifyServiceStateForPhoneId:1728 com.android.internal.telephony.ITelephonyRegistry$Stub.onTransact:534 android.os.Binder.execTransactInternal:1358 
04-12 00:27:44.904  2482  3030 I SHANNON_IMS: 6362 [PROX] onReceive: intent= [Intent { act=android.intent.action.SERVICE_STATE flg=0x1000010 (has extras) }] (ConnectivityBroadcastReceiver%onReceive:103)
04-12 00:27:44.912  1637  5063 W ContextImpl: Calling a method in the system process without a qualified user: android.app.ContextImpl.sendBroadcastMultiplePermissions:1303 com.android.server.TelephonyRegistry.broadcastServiceStateChanged:3568 com.android.server.TelephonyRegistry.notifyServiceStateForPhoneId:1728 com.android.internal.telephony.ITelephonyRegistry$Stub.onTransact:534 android.os.Binder.execTransactInternal:1358 
04-12 00:27:44.915  2540  2540 D ServiceStateProvider: subId=1
04-12 00:27:44.915  1637  1854 D ActivityManager: sync unfroze 27235 com.google.android.cellbroadcastreceiver for 3
04-12 00:27:44.918 27235 27235 D CellBroadcastReceiver: onReceive Intent { act=android.intent.action.SERVICE_STATE flg=0x1000010 cmp=com.google.android.cellbroadcastreceiver/com.android.cellbroadcastreceiver.CellBroadcastReceiver (has extras) }
04-12 00:27:44.919 27235 27235 D CellBroadcastReceiver: onServiceStateChanged, ss: 0
04-12 00:27:44.919 27235 27235 D CellBroadcastReceiver: networkOperator: 25020
04-12 00:27:44.920 27235 27235 D CellBroadcastReceiver: update supported roaming operator as 
04-12 00:27:44.929  2540  2540 I Telephony: TelecomAccountTelephonyCallback: onServiceStateChanged: newState=0, mServiceState=0
04-12 00:27:44.936  2540  2540 I Telephony: isRttCurrentlySupported -- regular acct, hasVoiceAvailability: false
04-12 00:27:44.936  2540  2540 I Telephony:  isRttSupported: false
04-12 00:27:44.936  2540  2540 I Telephony:  alwaysAllowWhileRoaming: false
04-12 00:27:44.936  2540  2540 I Telephony:  isRoaming: false
04-12 00:27:44.936  2540  2540 I Telephony:  isOnWfc: false
04-12 00:27:45.090  2482  2482 I SHANNON_IMS: 6368 [CALL] isEmcAvailable for false (ImsCallManager%isEmcAvailable:1447)
04-12 00:27:46.058  2482  3027 W SHANNON_IMS: 6369 [CONN] Timer IMS_SUPPORT_SERVICE_TIMER expired (ConnectionTimer$ConnectionTimerTask%run:70)
04-12 00:27:49.906  1637  1972 I JobServiceContext: Letting f7b5292 #u0a170/10009 com.huawei.health/com.huawei.hwservicesmgr.PhoneJobService continue to run past min execution time
04-12 00:27:53.420 13104 13397 I AlarmManager: setExactAndAllowWhileIdle [name: GCM_HB_ALARM type: 2 triggerAtMillis: 478499208]
04-12 00:27:53.486 13104 13185 I AlarmManager: setExactAndAllowWhileIdle [name: FcmRetry type: 2 triggerAtMillis: 478379271]
04-12 00:27:53.497  1637  1854 D CompatibilityChangeReporter: Compat change id reported: 135634846; UID 10227; state: DISABLED
04-12 00:27:53.497 13104 13125 I ActiveUnlock: (REDACTED) StorageMediator database state changed from %s to %s
04-12 00:27:53.498  1637  1854 D CompatibilityChangeReporter: Compat change id reported: 177438394; UID 10227; state: DISABLED
04-12 00:27:53.498  1637  1854 D CompatibilityChangeReporter: Compat change id reported: 135772972; UID 10227; state: DISABLED
04-12 00:27:53.498 13104 13125 I ActiveUnlock: (REDACTED) StorageMediator database state changed from %s to %s
04-12 00:27:53.498  1637  1854 D CompatibilityChangeReporter: Compat change id reported: 135754954; UID 10227; state: ENABLED
04-12 00:27:53.499  1637  1855 D CompatibilityChangeReporter: Compat change id reported: 143937733; UID 10227; state: ENABLED
04-12 00:27:53.506 13104 13397 I AlarmManager: setExactAndAllowWhileIdle [name: GCM_HB_ALARM type: 2 triggerAtMillis: 478499295]
04-12 00:27:53.525   899   899 D Zygote  : Forked child process 13932
04-12 00:27:53.526  1637  1855 I ActivityManager: Start proc 13932:ru.hh.android/u0a227 for broadcast {ru.hh.android/com.google.firebase.iid.FirebaseInstanceIdReceiver}
04-12 00:27:53.547 13932 13932 I ru.hh.android: Using CollectorTypeCMC GC.
04-12 00:27:53.551 13932 13932 E ru.hh.android: Not starting debugger since process cannot load the jdwp agent.
04-12 00:27:53.561  1637  1972 D CompatibilityChangeReporter: Compat change id reported: 265195908; UID 10227; state: ENABLED
04-12 00:27:53.562 13932 13932 D CompatibilityChangeReporter: Compat change id reported: 171979766; UID 10227; state: ENABLED
04-12 00:27:53.562 13932 13932 D CompatibilityChangeReporter: Compat change id reported: 242716250; UID 10227; state: DISABLED
04-12 00:27:53.563  1637  3964 D CompatibilityChangeReporter: Compat change id reported: 170503758; UID 10227; state: ENABLED
04-12 00:27:53.612 13932 13932 W ziparchive: Unable to open '/data/app/~~NtDpnlGPzoYCt3IGgIOLMg==/ru.hh.android-bbpIKjNY5J7U4F_FKR7BYQ==/split_config.arm64_v8a.dm': No such file or directory
04-12 00:27:53.612 13932 13932 W ziparchive: Unable to open '/data/app/~~NtDpnlGPzoYCt3IGgIOLMg==/ru.hh.android-bbpIKjNY5J7U4F_FKR7BYQ==/split_config.arm64_v8a.dm': No such file or directory
04-12 00:27:53.615 13932 13932 W ru.hh.android: Entry not found
04-12 00:27:53.615 13932 13932 W ziparchive: Unable to open '/data/app/~~NtDpnlGPzoYCt3IGgIOLMg==/ru.hh.android-bbpIKjNY5J7U4F_FKR7BYQ==/split_config.xxhdpi.dm': No such file or directory
04-12 00:27:53.615 13932 13932 W ziparchive: Unable to open '/data/app/~~NtDpnlGPzoYCt3IGgIOLMg==/ru.hh.android-bbpIKjNY5J7U4F_FKR7BYQ==/split_config.xxhdpi.dm': No such file or directory
04-12 00:27:53.616 13932 13932 W ru.hh.android: Entry not found
04-12 00:27:53.618 13932 13932 D nativeloader: Configuring clns-4 for other apk /data/app/~~NtDpnlGPzoYCt3IGgIOLMg==/ru.hh.android-bbpIKjNY5J7U4F_FKR7BYQ==/base.apk:/data/app/~~NtDpnlGPzoYCt3IGgIOLMg==/ru.hh.android-bbpIKjNY5J7U4F_FKR7BYQ==/split_config.arm64_v8a.apk:/data/app/~~NtDpnlGPzoYCt3IGgIOLMg==/ru.hh.android-bbpIKjNY5J7U4F_FKR7BYQ==/split_config.xxhdpi.apk. target_sdk_version=33, uses_libraries=, library_path=/data/app/~~NtDpnlGPzoYCt3IGgIOLMg==/ru.hh.android-bbpIKjNY5J7U4F_FKR7BYQ==/lib/arm64:/data/app/~~NtDpnlGPzoYCt3IGgIOLMg==/ru.hh.android-bbpIKjNY5J7U4F_FKR7BYQ==/base.apk!/lib/arm64-v8a:/data/app/~~NtDpnlGPzoYCt3IGgIOLMg==/ru.hh.android-bbpIKjNY5J7U4F_FKR7BYQ==/split_config.arm64_v8a.apk!/lib/arm64-v8a:/data/app/~~NtDpnlGPzoYCt3IGgIOLMg==/ru.hh.android-bbpIKjNY5J7U4F_FKR7BYQ==/split_config.xxhdpi.apk!/lib/arm64-v8a, permitted_path=/data:/mnt/expand:/data/user/0/ru.hh.android
04-12 00:27:53.632 13932 13932 V GraphicsEnvironment: Currently set values for:
04-12 00:27:53.632 13932 13932 V GraphicsEnvironment:   angle_gl_driver_selection_pkgs=[]
04-12 00:27:53.632 13932 13932 V GraphicsEnvironment:   angle_gl_driver_selection_values=[]
04-12 00:27:53.632 13932 13932 V GraphicsEnvironment: ANGLE GameManagerService for ru.hh.android: false
04-12 00:27:53.632 13932 13932 V GraphicsEnvironment: ru.hh.android is not listed in per-application setting
04-12 00:27:53.632 13932 13932 V GraphicsEnvironment: Neither updatable production driver nor prerelease driver is supported.
04-12 00:27:53.675 13932 13932 D CompatibilityChangeReporter: Compat change id reported: 247079863; UID 10227; state: DISABLED
04-12 00:27:53.711 13932 13932 D CompatibilityChangeReporter: Compat change id reported: 183155436; UID 10227; state: ENABLED
04-12 00:27:53.786 13932 13965 D TrafficStats: tagSocket(74) with statsTag=0xffffffff, statsUid=-1
04-12 00:27:53.789 13932 13964 D TrafficStats: tagSocket(73) with statsTag=0xffffffff, statsUid=-1
04-12 00:27:53.839 13932 13979 D CompatibilityChangeReporter: Compat change id reported: 263076149; UID 10227; state: DISABLED
04-12 00:27:53.849  1637  5063 D ActivityManager: sync unfroze 20796 com.google.android.gms for 6
04-12 00:27:53.855  1637  5063 D ActivityManager: sync unfroze 22092 com.android.vending for 6
04-12 00:27:53.856  1637  5063 D ActivityManager: sync unfroze 1813 com.google.android.adservices.api for 6
04-12 00:27:53.858  1637  5063 D CompatibilityChangeReporter: Compat change id reported: 261072174; UID 10227; state: DISABLED
04-12 00:27:53.861  1637  3964 D CompatibilityChangeReporter: Compat change id reported: 135634846; UID 10227; state: DISABLED
04-12 00:27:53.861  1637  3964 D CompatibilityChangeReporter: Compat change id reported: 177438394; UID 10227; state: DISABLED
04-12 00:27:53.861  1637  3964 D CompatibilityChangeReporter: Compat change id reported: 135772972; UID 10227; state: DISABLED
04-12 00:27:53.861  1637  3964 D CompatibilityChangeReporter: Compat change id reported: 135754954; UID 10227; state: ENABLED
04-12 00:27:53.862  1637  1855 D CompatibilityChangeReporter: Compat change id reported: 143937733; UID 10227; state: ENABLED
04-12 00:27:53.879   899   899 D Zygote  : Forked child process 13986
04-12 00:27:53.880  1637  1855 I ActivityManager: Start proc 13986:ru.hh.android:Metrica/u0a227 for service {ru.hh.android/com.yandex.metrica.MetricaService}
04-12 00:27:53.893 13986 13986 I android:Metrica: Using CollectorTypeCMC GC.
04-12 00:27:53.899 13986 13986 E android:Metrica: Not starting debugger since process cannot load the jdwp agent.
04-12 00:27:53.912 13986 13986 D CompatibilityChangeReporter: Compat change id reported: 171979766; UID 10227; state: ENABLED
04-12 00:27:53.912 13986 13986 D CompatibilityChangeReporter: Compat change id reported: 242716250; UID 10227; state: DISABLED
04-12 00:27:53.949  1637  4166 W ProcessStats: Tracking association SourceState{bc565e9 ru.hh.android/10227 Receivr #511788} whose proc state 10 is better than process ProcessState{f63c4f4 com.google.android.gms/10137 pkg=com.google.android.gms} proc state 14 (0 skipped)
04-12 00:27:53.961 13986 13986 W ziparchive: Unable to open '/data/app/~~NtDpnlGPzoYCt3IGgIOLMg==/ru.hh.android-bbpIKjNY5J7U4F_FKR7BYQ==/split_config.arm64_v8a.dm': No such file or directory
04-12 00:27:53.961 13986 13986 W ziparchive: Unable to open '/data/app/~~NtDpnlGPzoYCt3IGgIOLMg==/ru.hh.android-bbpIKjNY5J7U4F_FKR7BYQ==/split_config.arm64_v8a.dm': No such file or directory
04-12 00:27:53.961 13986 13986 W android:Metrica: Entry not found
04-12 00:27:53.962 13986 13986 W ziparchive: Unable to open '/data/app/~~NtDpnlGPzoYCt3IGgIOLMg==/ru.hh.android-bbpIKjNY5J7U4F_FKR7BYQ==/split_config.xxhdpi.dm': No such file or directory
04-12 00:27:53.962 13986 13986 W ziparchive: Unable to open '/data/app/~~NtDpnlGPzoYCt3IGgIOLMg==/ru.hh.android-bbpIKjNY5J7U4F_FKR7BYQ==/split_config.xxhdpi.dm': No such file or directory
04-12 00:27:53.962 13986 13986 W android:Metrica: Entry not found
04-12 00:27:53.963 13986 13986 D nativeloader: Configuring clns-4 for other apk /data/app/~~NtDpnlGPzoYCt3IGgIOLMg==/ru.hh.android-bbpIKjNY5J7U4F_FKR7BYQ==/base.apk:/data/app/~~NtDpnlGPzoYCt3IGgIOLMg==/ru.hh.android-bbpIKjNY5J7U4F_FKR7BYQ==/split_config.arm64_v8a.apk:/data/app/~~NtDpnlGPzoYCt3IGgIOLMg==/ru.hh.android-bbpIKjNY5J7U4F_FKR7BYQ==/split_config.xxhdpi.apk. target_sdk_version=33, uses_libraries=, library_path=/data/app/~~NtDpnlGPzoYCt3IGgIOLMg==/ru.hh.android-bbpIKjNY5J7U4F_FKR7BYQ==/lib/arm64:/data/app/~~NtDpnlGPzoYCt3IGgIOLMg==/ru.hh.android-bbpIKjNY5J7U4F_FKR7BYQ==/base.apk!/lib/arm64-v8a:/data/app/~~NtDpnlGPzoYCt3IGgIOLMg==/ru.hh.android-bbpIKjNY5J7U4F_FKR7BYQ==/split_config.arm64_v8a.apk!/lib/arm64-v8a:/data/app/~~NtDpnlGPzoYCt3IGgIOLMg==/ru.hh.android-bbpIKjNY5J7U4F_FKR7BYQ==/split_config.xxhdpi.apk!/lib/arm64-v8a, permitted_path=/data:/mnt/expand:/data/user/0/ru.hh.android
04-12 00:27:53.971 13986 13986 V GraphicsEnvironment: Currently set values for:
04-12 00:27:53.971 13986 13986 V GraphicsEnvironment:   angle_gl_driver_selection_pkgs=[]
04-12 00:27:53.971 13986 13986 V GraphicsEnvironment:   angle_gl_driver_selection_values=[]
04-12 00:27:53.972 13986 13986 V GraphicsEnvironment: ANGLE GameManagerService for ru.hh.android: false
04-12 00:27:53.972 13986 13986 V GraphicsEnvironment: ru.hh.android is not listed in per-application setting
04-12 00:27:53.972 13986 13986 V GraphicsEnvironment: Neither updatable production driver nor prerelease driver is supported.
04-12 00:27:53.974 22092 22092 I Finsky  : [2] vlb.onTrimMemory(11): Memory trim requested to level 40
04-12 00:27:53.974 22092 22092 I Finsky  : [2] vla.accept(91): Flushing in-memory image cache
04-12 00:27:53.978 13986 13986 D CompatibilityChangeReporter: Compat change id reported: 183155436; UID 10227; state: ENABLED
04-12 00:27:53.989 13932 13952 D TrafficStats: tagSocket(88) with statsTag=0xffffffff, statsUid=-1
04-12 00:27:53.997  1637  3964 D CompatibilityChangeReporter: Compat change id reported: 161145287; UID 10227; state: DISABLED
04-12 00:27:54.042 13932 14023 D TrafficStats: tagSocket(92) with statsTag=0x63e782f2, statsUid=-1
04-12 00:27:54.054 13932 14009 D CompatibilityChangeReporter: Compat change id reported: 160794467; UID 10227; state: ENABLED
04-12 00:27:54.070  3571  5186 D androidtc: Initializing SystemTextClassifier, type = System
04-12 00:27:54.088  3571  3571 I AiAiTextClassifier: (REDACTED) onCreateTextClassificationSession = %s
04-12 00:27:54.092 13986 14027 D CompatibilityChangeReporter: Compat change id reported: 263076149; UID 10227; state: DISABLED
04-12 00:27:54.111 22092 22092 I Finsky  : [2] vlb.onTrimMemory(11): Memory trim requested to level 40
04-12 00:27:54.112 22092 22092 I Finsky  : [2] vla.accept(91): Flushing in-memory image cache
04-12 00:27:54.125 22092 22092 I Finsky  : [2] vlb.onTrimMemory(11): Memory trim requested to level 40
04-12 00:27:54.126 22092 22092 I Finsky  : [2] vla.accept(91): Flushing in-memory image cache
04-12 00:27:54.171 22092 22092 I Finsky  : [2] vlb.onTrimMemory(11): Memory trim requested to level 40
04-12 00:27:54.171 22092 22092 I Finsky  : [2] vla.accept(91): Flushing in-memory image cache
04-12 00:27:54.185 22092 22092 I Finsky  : [2] vlb.onTrimMemory(11): Memory trim requested to level 40
04-12 00:27:54.185 22092 22092 I Finsky  : [2] vla.accept(91): Flushing in-memory image cache
04-12 00:27:54.220 13986 14032 D CompatibilityChangeReporter: Compat change id reported: 147600208; UID 10227; state: ENABLED
04-12 00:27:54.226 22092 22092 I Finsky  : [2] vlb.onTrimMemory(11): Memory trim requested to level 40
04-12 00:27:54.227 22092 22092 I Finsky  : [2] vla.accept(91): Flushing in-memory image cache
04-12 00:27:54.233  3571  4332 W AiAiClearcutLogger: Trying to use Clearcut counters (disabled via policy). [CONTEXT ratelimit_period="1 HOURS" skipped=6 ]
04-12 00:27:54.234  3571  3571 I AiAiTextClassifier: (REDACTED) onDestroyTextClassificationSession = %s
04-12 00:27:54.237 13986 14048 D TrafficStats: tagSocket(102) with statsTag=0xffffffff, statsUid=-1
04-12 00:27:54.238 13986 14048 D TrafficStats: tagSocket(102) with statsTag=0xffffffff, statsUid=-1
04-12 00:27:54.241 22092 22092 I Finsky  : [2] vlb.onTrimMemory(11): Memory trim requested to level 40
04-12 00:27:54.241 22092 22092 I Finsky  : [2] vla.accept(91): Flushing in-memory image cache
04-12 00:27:54.249 13932 14030 D TrafficStats: tagSocket(95) with statsTag=0xffffffff, statsUid=-1
04-12 00:27:54.264 22092 22092 I Finsky  : [2] vlb.onTrimMemory(11): Memory trim requested to level 40
04-12 00:27:54.264 22092 22092 I Finsky  : [2] vla.accept(91): Flushing in-memory image cache
04-12 00:27:54.269  1637  1637 D FlashNotifController: requestStartFlashNotification
04-12 00:27:54.269  1637  1637 I FlashNotifController: startFlashNotification: type=1, tag=android
04-12 00:27:54.269  1637  1637 D FlashNotifController: Flash notification is disabled
04-12 00:27:54.276  1637  1637 W NotificationHistory: Attempted to add notif for locked/gone/disabled user 0
04-12 00:27:54.279 22092 22092 I Finsky  : [2] vlb.onTrimMemory(11): Memory trim requested to level 40
04-12 00:27:54.279 22092 22092 I Finsky  : [2] vla.accept(91): Flushing in-memory image cache
04-12 00:27:54.285  3571  4955 I AiAiEcho: SmartspaceNotificationPredictor no parser can handle this notification or notification is invalid
04-12 00:27:54.285  3825  3825 D NLService: The notifications buffer size has reached its maximum size of 100 items. Shrinking it in order to satisfy the constraints.
04-12 00:27:54.287 22092 22092 I Finsky  : [2] vlb.onTrimMemory(11): Memory trim requested to level 40
04-12 00:27:54.287  3825  3825 D NLService: Successfully stored the newly arrived notification identified by -821077056
04-12 00:27:54.287 22092 22092 I Finsky  : [2] vla.accept(91): Flushing in-memory image cache
04-12 00:27:54.332  1119  2242 D NuPlayerDriver: NuPlayerDriver(0xedf424f0) created, clientPid(2125)
04-12 00:27:54.343  2125  2125 W TouchableRegionManager: onHeadsUpPinnedModeChanged
04-12 00:27:54.344  2125  2125 W WindowOnBackDispatcher: OnBackInvokedCallback is not enabled for the application.
04-12 00:27:54.344  2125  2125 W WindowOnBackDispatcher: Set 'android:enableOnBackInvokedCallback="true"' in the application manifest.
04-12 00:27:54.372   616  5156 W gralloc4: Unable to set buffer name VRI[NotificationShade]#2815(BLAST Consumer)2815: File name too long
04-12 00:27:54.373   616  5156 W gralloc4: Unable to set buffer name VRI[NotificationShade]#2815(BLAST Consumer)2815: File name too long
04-12 00:27:54.374   616  5156 W gralloc4: Unable to set buffer name VRI[NotificationShade]#2815(BLAST Consumer)2815: File name too long
04-12 00:27:54.382  1637  3297 D SystemServerTiming: getUserSwitchability-0
04-12 00:27:54.383  1637  4166 D SystemServerTiming: getUserSwitchability-0
04-12 00:27:54.383  1637  4166 D SystemServerTiming: TM.isInCall
04-12 00:27:54.383  1637  3297 D SystemServerTiming: TM.isInCall
04-12 00:27:54.383  1637  4166 D SystemServerTiming: hasUserRestriction-DISALLOW_USER_SWITCH
04-12 00:27:54.383  1637  3297 D SystemServerTiming: hasUserRestriction-DISALLOW_USER_SWITCH
04-12 00:27:54.383  1637  3297 D SystemServerTiming: getInt-ALLOW_USER_SWITCHING_WHEN_SYSTEM_USER_LOCKED
04-12 00:27:54.383  1637  3297 D SystemServerTiming: isUserUnlocked-USER_SYSTEM
04-12 00:27:54.385  1637  4166 D SystemServerTiming: getInt-ALLOW_USER_SWITCHING_WHEN_SYSTEM_USER_LOCKED
04-12 00:27:54.385  1637  4166 D SystemServerTiming: isUserUnlocked-USER_SYSTEM
04-12 00:27:54.388  2125  2125 D DLObserver: add listener: com.android.systemui.dock.DockManagerExtensionsKt$retrieveIsDocked$1$callback$1@71c6792
04-12 00:27:54.388  2125  2125 D DLObserver: add listener: com.android.systemui.dock.DockManagerExtensionsKt$retrieveIsDocked$1$callback$1@b92c563
04-12 00:27:54.388  2125  2125 D BiometricsRepositoryImpl: currentUser authFlags changed, new value: AuthenticationFlags(userId=0, flag=0)
04-12 00:27:54.388  2125  2125 D BiometricsRepositoryImpl: currentUser authFlags changed, new value: AuthenticationFlags(userId=0, flag=0)
04-12 00:27:54.389  2125  2125 D DLObserver: add listener: com.android.systemui.dock.DockManagerExtensionsKt$retrieveIsDocked$1$callback$1@c729a19
04-12 00:27:54.389  2125  2125 D DLObserver: add listener: com.android.systemui.dock.DockManagerExtensionsKt$retrieveIsDocked$1$callback$1@56254bf
04-12 00:27:54.389  2125  2125 D DLObserver: add listener: com.android.systemui.dock.DockManagerExtensionsKt$retrieveIsDocked$1$callback$1@b6a778c
04-12 00:27:54.389  2125  2125 D DLObserver: add listener: com.android.systemui.dock.DockManagerExtensionsKt$retrieveIsDocked$1$callback$1@f09bed5
04-12 00:27:54.389  2125  2125 D BiometricsRepositoryImpl: currentUser authFlags changed, new value: AuthenticationFlags(userId=0, flag=0)
04-12 00:27:54.389  2125  2125 D BiometricsRepositoryImpl: currentUser authFlags changed, new value: AuthenticationFlags(userId=0, flag=0)
04-12 00:27:54.389  2125  2125 D BiometricsRepositoryImpl: currentUser authFlags changed, new value: AuthenticationFlags(userId=0, flag=0)
04-12 00:27:54.390  2125  2125 D BiometricsRepositoryImpl: currentUser authFlags changed, new value: AuthenticationFlags(userId=0, flag=0)
04-12 00:27:54.392  2125  2162 E QuickAccessWalletKeyguardQuickAffordanceConfig: Wallet card retrieval error, message: "null"
04-12 00:27:54.392  2125  2162 D ControlsListingControllerImpl: Subscribing callback, service count: 1
04-12 00:27:54.394  2125  2162 E QuickAccessWalletKeyguardQuickAffordanceConfig: Wallet card retrieval error, message: "null"
04-12 00:27:54.395  2125  2162 E QuickAccessWalletKeyguardQuickAffordanceConfig: Wallet card retrieval error, message: "null"
04-12 00:27:54.395  2125  2162 D ControlsListingControllerImpl: Subscribing callback, service count: 1
04-12 00:27:54.395  2125  2162 D ControlsListingControllerImpl: Subscribing callback, service count: 1
04-12 00:27:54.403  2125  2125 D DLObserver: onDockEvent mDockState = 0
04-12 00:27:54.403  2125  2125 D DLObserver: onDockEvent mDockState = 0
04-12 00:27:54.403  2125  2125 D DLObserver: onDockEvent mDockState = 0
04-12 00:27:54.403  2125  2125 D DLObserver: onDockEvent mDockState = 0
04-12 00:27:54.403  2125  2125 D DLObserver: onDockEvent mDockState = 0
04-12 00:27:54.403  2125  2125 D DLObserver: onDockEvent mDockState = 0
04-12 00:27:54.415 13986 14047 D TrafficStats: tagSocket(107) with statsTag=0xffffffff, statsUid=-1
04-12 00:27:54.418  1119 14068 D GenericSource: FileSource remote
04-12 00:27:54.461  1637  4166 I MediaFocusControl: requestAudioFocus() from uid/pid 10208/2125 AA=USAGE_NOTIFICATION/CONTENT_TYPE_SONIFICATION clientId=android.media.AudioManager@bd62c24 callingPack=com.android.systemui req=3 flags=0x0 sdk=34
04-12 00:27:54.461  1637  4166 I AudioService.FadeOutManager: unfadeOutUid() uid:10208
04-12 00:27:54.464 13986 14028 D TrafficStats: tagSocket(106) with statsTag=0xffffffff, statsUid=-1
04-12 00:27:54.497 13986 14047 D TrafficStats: tagSocket(108) with statsTag=0xffffffff, statsUid=-1
04-12 00:27:54.644 13986 14028 D CompatibilityChangeReporter: Compat change id reported: 247079863; UID 10227; state: DISABLED
04-12 00:27:54.927  1637  1982 D ActivityManager: freezing 27235 com.google.android.cellbroadcastreceiver
04-12 00:27:54.934  1637  2053 D InetDiagMessage: Destroyed 0 sockets, proto=IPPROTO_TCP, family=AF_INET, states=14
04-12 00:27:54.938  1637  2053 D InetDiagMessage: Destroyed 0 sockets, proto=IPPROTO_TCP, family=AF_INET6, states=14
04-12 00:27:54.938  1637  2053 D InetDiagMessage: Destroyed live tcp sockets for uids={10219} in 8ms
04-12 00:27:54.962  1119 14059 I GenericSource: start
04-12 00:27:54.965  2125  2125 D MediaRouter: onRestoreRoute() : route=RouteInfo{ name=Kia, description=   Bluetooth, status=null, category=RouteCategory{ name= types=ROUTE_TYPE_LIVE_AUDIO ROUTE_TYPE_LIVE_VIDEO  groupable=false }, supportedTypes=ROUTE_TYPE_LIVE_AUDIO , presentationDisplay=null }
04-12 00:27:54.965  2125  2125 V MediaRouter: Selecting route: RouteInfo{ name=Kia, description=   Bluetooth, status=null, category=RouteCategory{ name= types=ROUTE_TYPE_LIVE_AUDIO ROUTE_TYPE_LIVE_VIDEO  groupable=false }, supportedTypes=ROUTE_TYPE_LIVE_AUDIO , presentationDisplay=null }
04-12 00:27:54.988  1119 14081 D CCodec  : allocate(c2.android.vorbis.decoder)
04-12 00:27:54.991  1119 14081 I CCodec  : setting up 'default' as default (vendor) store
04-12 00:27:55.023  1119 14081 I CCodec  : Created component [c2.android.vorbis.decoder]
04-12 00:27:55.023  1119 14081 D CCodecConfig: read media type: audio/vorbis
04-12 00:27:55.027  1119 14081 D ReflectedParamUpdater: extent() != 1 for single value type: algo.buffers.max-count.values
04-12 00:27:55.027  1119 14081 D ReflectedParamUpdater: extent() != 1 for single value type: output.subscribed-indices.values
04-12 00:27:55.028  1119 14081 D ReflectedParamUpdater: extent() != 1 for single value type: input.buffers.allocator-ids.values
04-12 00:27:55.028  1119 14081 D ReflectedParamUpdater: extent() != 1 for single value type: output.buffers.allocator-ids.values
04-12 00:27:55.029  1119 14081 D ReflectedParamUpdater: extent() != 1 for single value type: algo.buffers.allocator-ids.values
04-12 00:27:55.029  1119 14081 D ReflectedParamUpdater: extent() != 1 for single value type: output.buffers.pool-ids.values
04-12 00:27:55.029  1119 14081 D ReflectedParamUpdater: extent() != 1 for single value type: algo.buffers.pool-ids.values
04-12 00:27:55.037  1119 14081 I CCodecConfig: query failed after returning 7 values (BAD_INDEX)
04-12 00:27:55.037  1119 14081 D CCodecConfig: c2 config diff is Dict {
04-12 00:27:55.037  1119 14081 D CCodecConfig:   c2::u32 coded.bitrate.value = 64000
04-12 00:27:55.037  1119 14081 D CCodecConfig:   c2::u32 input.buffers.max-size.value = 32768
04-12 00:27:55.037  1119 14081 D CCodecConfig:   c2::u32 input.delay.value = 0
04-12 00:27:55.037  1119 14081 D CCodecConfig:   string input.media-type.value = "audio/vorbis"
04-12 00:27:55.037  1119 14081 D CCodecConfig:   string output.media-type.value = "audio/raw"
04-12 00:27:55.037  1119 14081 D CCodecConfig:   c2::u32 raw.channel-count.value = 1
04-12 00:27:55.037  1119 14081 D CCodecConfig:   c2::u32 raw.sample-rate.value = 48000
04-12 00:27:55.037  1119 14081 D CCodecConfig: }
04-12 00:27:55.039  1119 14081 D MediaCodec: flushMediametrics
04-12 00:27:55.039  1119 14081 D CCodec  : [c2.android.vorbis.decoder] buffers are bound to CCodec for this session
04-12 00:27:55.039  1119 14081 D CCodecConfig: no c2 equivalents for durationUs
04-12 00:27:55.039  1119 14081 D CCodecConfig: no c2 equivalents for csd-1
04-12 00:27:55.039  1119 14081 D CCodecConfig: no c2 equivalents for flags
04-12 00:27:55.039  1119 14081 D CCodecConfig: c2 config diff is   c2::u32 coded.bitrate.value = 120000
04-12 00:27:55.040  1119 14081 W Codec2Client: query -- param skipped: index = 1107298332.
04-12 00:27:55.040  1119 14081 D CCodec  : encoding statistics level = 0
04-12 00:27:55.040  1119 14081 D CCodec  : setup formats input: AMessage(what = 0x00000000) = {
04-12 00:27:55.040  1119 14081 D CCodec  :   int32_t bitrate = 120000
04-12 00:27:55.040  1119 14081 D CCodec  :   int32_t channel-count = 1
04-12 00:27:55.040  1119 14081 D CCodec  :   int32_t max-input-size = 32768
04-12 00:27:55.040  1119 14081 D CCodec  :   string mime = "audio/vorbis"
04-12 00:27:55.040  1119 14081 D CCodec  :   int32_t sample-rate = 48000
04-12 00:27:55.040  1119 14081 D CCodec  : }
04-12 00:27:55.040  1119 14081 D CCodec  : setup formats output: AMessage(what = 0x00000000) = {
04-12 00:27:55.040  1119 14081 D CCodec  :   int32_t channel-count = 1
04-12 00:27:55.040  1119 14081 D CCodec  :   string mime = "audio/raw"
04-12 00:27:55.040  1119 14081 D CCodec  :   int32_t sample-rate = 48000
04-12 00:27:55.040  1119 14081 D CCodec  :   int32_t channel-mask = 1
04-12 00:27:55.040  1119 14081 D CCodec  :   int32_t android._config-pcm-encoding = 2
04-12 00:27:55.040  1119 14081 D CCodec  : }
04-12 00:27:55.040  1119 14081 I CCodecConfig: query failed after returning 7 values (BAD_INDEX)
04-12 00:27:55.041  1119 14081 I MediaCodec: MediaCodec will operate in async mode
04-12 00:27:55.041  1119 14080 D MediaCodec: keep callback message for reclaim
04-12 00:27:55.041  1119 14081 W Codec2Client: query -- param skipped: index = 1342179345.
04-12 00:27:55.041  1119 14081 W Codec2Client: query -- param skipped: index = 2415921170.
04-12 00:27:55.048  1119 14081 D BufferPoolAccessor2.0: bufferpool2 0xe9886328 : 4(131072 size) total buffers - 4(131072 size) used buffers - 13/21 (recycle/alloc) - 8/34 (fetch/transfer)
04-12 00:27:55.048  1119 14081 D CCodecBufferChannel: [c2.android.vorbis.decoder#170] Created input block pool with allocatorID 16 => poolID 1146 - OK (0)
04-12 00:27:55.048  1148 29498 D BufferPoolAccessor2.0: bufferpool2 0xb400007860cfea58 : 0(0 size) total buffers - 0(0 size) used buffers - 88/92 (recycle/alloc) - 4/91 (fetch/transfer)
04-12 00:27:55.049  1148 29498 D BufferPoolAccessor2.0: Destruction - bufferpool2 0xb400007860cfea58 cached: 0/0M, 0/0% in use; allocs: 92, 96% recycled; transfers: 91, 96% unfetched
04-12 00:27:55.053  1119  6992 D BufferPoolAccessor2.0: bufferpool2 0xe9888a88 : 0(0 size) total buffers - 0(0 size) used buffers - 90/98 (recycle/alloc) - 8/188 (fetch/transfer)
04-12 00:27:55.053  1119  6992 D BufferPoolAccessor2.0: Destruction - bufferpool2 0xe9888a88 cached: 0/0M, 0/0% in use; allocs: 98, 92% recycled; transfers: 188, 96% unfetched
04-12 00:27:55.054  1148  3408 D BufferPoolAccessor2.0: bufferpool2 0xb400007860cf58a8 : 0(0 size) total buffers - 0(0 size) used buffers - 12/15 (recycle/alloc) - 3/14 (fetch/transfer)
04-12 00:27:55.056  1119 14081 I CCodecBufferChannel: [c2.android.vorbis.decoder#170] Created output block pool with allocatorID 16 => poolID 1472 - OK
04-12 00:27:55.057  1119 14081 D CCodecBufferChannel: [c2.android.vorbis.decoder#170] Configured output block pool ids 1472 => OK
04-12 00:27:55.062  1148 14082 D SimpleC2Component: Using output block pool with poolID 1472 => got 1472 - 0
04-12 00:27:55.072  2540  2540 D TelephonyManager: requestModemActivityInfo: Sending result to app: ModemActivityInfo{ mTimestamp=478260860 mSleepTimeMs=417560352 mIdleTimeMs=5972087 mActivityStatsTechSpecificInfo=[{mRat=UNKNOWN,mFrequencyRange=UNKNOWN,mTxTimeMs[]=[2906148, 545592, 1003144, 248227, 1580096],mRxTimeMs=43227331}]}
04-12 00:27:55.088  1002  1053 D AudioFlinger: Client defaulted notificationFrames to 12000 for frameCount 24000
04-12 00:27:55.150   909  2796 D audio_hw_patch: low-latency-playback routing:
04-12 00:27:55.150   909  2796 D audio_hw_patch: dev: 0x400000 
04-12 00:27:55.163  1002  2222 D audioserver: logFgsApiBegin: FGS Logger Transaction failed, -129
04-12 00:27:55.165   909   936 D audio_hw_output_stream: update stream 5 active 1 gain 0.000000
04-12 00:27:55.165   909  3526 D audio_hw: prepare low-latency-playback
04-12 00:27:55.165   909  3526 D audio_hw_soundtrigger: st_uc_monitor:uc:low-latency-playback active
04-12 00:27:55.165   909  3526 D audio_hw: low-latency-playback:
04-12 00:27:55.165   909  3526 D audio_hw: rx:
04-12 00:27:55.165   909  3526 D audio_hw:   #0: OUT_SPEAKER_SAFE_BE_CFG 0
04-12 00:27:55.165   909  3526 W audio_hw_35l41: cs35l41_amp_common_event: ret: 0, event: 1, state: 2, device: 7
04-12 00:27:55.165   909  3526 D audio_route: Apply path: speaker-safe
04-12 00:27:55.170   909  3526 D audio_hw_aoc_route: speaker-safe 1
04-12 00:27:55.171   909  3526 D audio_route: Apply path: hostless-ulC spk-vi
04-12 00:27:55.175   909  3526 W audio_hw_35l41: cs35l41_amp_common_event: ret: 0, event: 2, state: 3, device: 7
04-12 00:27:55.175   909  3526 D audio_hw_soundtrigger: st_comm_aud_event_monitor:codec dev:7 active
04-12 00:27:55.175   909  3526 I audio_hw_aoc: Mode Ambient is already selected
04-12 00:27:55.175   909  3526 D audio_route: Apply path: low-latency-playbackP
04-12 00:27:55.177  1166  1166 D AOC     : F1:MSG: controller.cc, 273: AudioOutCtrl: cmd ID: 0x010f, tag: 0x51 [cntr = 20140]
04-12 00:27:55.177  1166  1166 D AOC     : F1:Source 1 mastered by sink 0
04-12 00:27:55.177  1166  1166 D AOC     : F1:AT Map:2 (LL:0), 1 EPs active, Power: Yes, Config: No
04-12 00:27:55.177  1166  1166 D AOC     : F1:Mixer 0 configuration changed: (2)
04-12 00:27:55.177  1166  1166 D AOC     : F1:Sink 0 Configuration changed: ULL (enabled)
04-12 00:27:55.177  1166  1166 D AOC     : F1:AHWSinkSPKR started: 48 samples (32-bit,2 ch,48 kHz) block 384
04-12 00:27:55.177  1166  1166 D AOC     : F1:[AHWSinkSPKR] DL resync B: 1342, A:1342. wo: 1822, target offset: 480 (align 94) -> ro:480
04-12 00:27:55.177  1166  1166 D AOC     : F1:MSG: controller.cc, 811: AudioOutCtrl: ipc: audio_output_co, cmd ID: 0x010f, tag: 0x51, rc: 0
04-12 00:27:55.178  1166  1166 D AOC     : F1:Speaker Started (DualDMA on 1 and 2)
04-12 00:27:55.178  1166  1166 D AOC     : F1:[AHWSinkSPKR] mix overrun by 3840
04-12 00:27:55.178   909  3526 D audio_hw_aoc_route: low-latency-playbackP 1
04-12 00:27:55.178   909  3526 E audio_route: unable to find path 'speaker-safe-post'
04-12 00:27:55.178   909  3526 D audio_hw_aoc_route: speaker-safe-post 1
04-12 00:27:55.180  1166  1166 D AOC     : H0:Mixer AMixSPKR: 480 samples (0002/0002) (ON SC)
04-12 00:27:55.180  1166  1166 D AOC     : H0:	 1: 0x403e1aa0
04-12 00:27:55.180  1166  1166 D AOC     : H0:AMixSPKR PostProcessing Config: WAVES
04-12 00:27:55.180  1166  1166 D AOC     : H0:Mixer configuration updated
04-12 00:27:55.180  1166  1166 D AOC     : H0:Mixer state changed
04-12 00:27:55.181  1166  1166 D AOC     : F1:MSG: controller.cc, 273: AudioOutCtrl: cmd ID: 0x00ce, tag: 0x52 [cntr = 20141]
04-12 00:27:55.181  1166  1166 D AOC     : F1:MSG: controller.cc, 811: AudioOutCtrl: ipc: audio_output_co, cmd ID: 0x0120, tag: 0x1c, rc: 0
04-12 00:27:55.181   909  3526 D audio_hw_waves: waves_usecase_event: low-latency-playback start
04-12 00:27:55.181   909  3526 D audio_hw_waves: waves_usecase_event: trigger to update tuning when first track is running.
04-12 00:27:55.191   909  3526 D audio_hw_waves: send_waves_tuning: instance_id = 1, tuning_id = 1
04-12 00:27:55.191   909  3526 D audio_hw_aoc: aoc_send_rtc_mixer_tuning: block_id = 16, comp_id = 2
04-12 00:27:55.192  1166  1166 D AOC     : F1:MSG: controller.cc, 273: AudioOutCtrl: cmd ID: 0x00d5, tag: 0x85 [cntr = 20142]
04-12 00:27:55.193   909  1457 D audio_hw_35l41: cs35l41_rtlogger_data_analysis: play with low vol, skip
04-12 00:27:55.195   909  1457 D audio_hw_35l41: cs35l41_bdlogger_data_analysis: Left/Top amp is disabled or doesn't exist
04-12 00:27:55.195  1166  1166 D AOC     : H0:MSG: controller.cc, 811: AudOutCtrlH0: ipc: C-AO-H0, cmd ID: 0x00d5, tag: 0x6a, rc: 0
04-12 00:27:55.195  1166  1166 D AOC     : F1:MSG: controller.cc, 811: AudioOutCtrl: ipc: audio_output_tu, cmd ID: 0x00d5, tag: 0x6a, rc: 0
04-12 00:27:55.195   909  1457 D audio_hw_35l41: cs35l41_bdlogger_data_analysis: Right/Bottom Max temp: 0x1481e8 ==> 82.029785 C
04-12 00:27:55.196   909  1457 D audio_hw_35l41: cs35l41_bdlogger_data_analysis: Right/Bottom Max exc: 0x33333 ==> 0.400000 mm
04-12 00:27:55.196   909  1457 D audio_hw_35l41: cs35l41_bdlogger_data_analysis: Right/Bottom dsp heartbeat = 0x3dba
04-12 00:27:55.197  1166  1166 D AOC     : F1:MSG: controller.cc, 273: AudioOutCtrl: cmd ID: 0x00c9, tag: 0x53 [cntr = 20143]
04-12 00:27:55.197  1166  1166 D AOC     : F1:MSG: controller.cc, 811: AudioOutCtrl: ipc: audio_output_co, cmd ID: 0x00c9, tag: 0x53, rc: 0
04-12 00:27:55.216  1119 14079 D AudioTrack: getTimestamp_l(3119): device stall time corrected using current time 190394104512763
04-12 00:27:55.236   909   936 D audio_hw_waves: update_sink_info_from_usecases: sink 1 VOL/Stream update 0.000000(4294967295) -> 0.021135(5)
04-12 00:27:55.239   909   936 D audio_hw_waves: send_waves_tuning: instance_id = 1, tuning_id = 1
04-12 00:27:55.239   909   936 D audio_hw_aoc: aoc_send_rtc_mixer_tuning: block_id = 16, comp_id = 2
04-12 00:27:55.240  1166  1166 D AOC     : F1:MSG: controller.cc, 273: AudioOutCtrl: cmd ID: 0x00d5, tag: 0x86 [cntr = 20144]
04-12 00:27:55.243  1166  1166 D AOC     : H0:MSG: controller.cc, 811: AudOutCtrlH0: ipc: C-AO-H0, cmd ID: 0x00d5, tag: 0x6b, rc: 0
04-12 00:27:55.243  1166  1166 D AOC     : F1:MSG: controller.cc, 811: AudioOutCtrl: ipc: audio_output_tu, cmd ID: 0x00d5, tag: 0x6b, rc: 0
04-12 00:27:55.243   909   936 D audio_hw_output_stream: update stream 5 active 1 gain 0.021135
04-12 00:27:56.362  1119 14079 D AudioTrack: stop(3119): called with 76269 frames delivered
04-12 00:27:56.900  1637  2757 I MediaFocusControl: abandonAudioFocus() from uid/pid 10208/2125 clientId=android.media.AudioManager@bd62c24
04-12 00:27:56.901  2125 14052 V MediaPlayer: resetDrmState:  mDrmInfo=null mDrmProvisioningThread=null mPrepareDrmInProgress=false mActiveDrmScheme=false
04-12 00:27:56.902  2125 14052 V MediaPlayer: cleanDrmObj: mDrmObj=null mDrmSessionId=null
04-12 00:27:56.902  1119 23538 D NuPlayerDriver: reset(0xedf424f0) at state 6
04-12 00:27:56.910  1119 14081 I hw-BpHwBinder: onLastStrongRef automatically unlinking death recipients
04-12 00:27:56.912  1148 29498 I hw-BpHwBinder: onLastStrongRef automatically unlinking death recipients
04-12 00:27:56.915  1119 14080 D MediaCodec: flushMediametrics
04-12 00:27:56.920  1119 14059 D NuPlayerDriver: notifyResetComplete(0xedf424f0)
04-12 00:27:56.922  1119 23538 W AMessage: failed to post message as target looper for handler 0 is gone.
04-12 00:27:56.926  1002  1600 D audioserver: logFgsApiEnd: FGS Logger Transaction failed, -129
04-12 00:27:56.928   909   936 W amcs_ext_file: update_third_party_effect_amcs_data:fail to send ioctl amcs, ret -1
04-12 00:27:56.928   909   936 W audio_hw: fail on interact with audio_amcs_ext.so -1
04-12 00:27:56.928   909   936 D audio_hw_waves: update_sink_info_from_usecases: update amcs, instance id 1, volume 1746 0 0 0 0 0 0 0 0 0
04-12 00:27:56.928   909   936 D audio_hw_output_stream: update stream 5 active 0 gain 0.000000
04-12 00:27:56.940  1002  1600 D audioserver: logFgsApiEnd: FGS Logger Transaction failed, -129
04-12 00:27:59.825   909   936 D audio_hw: shutdown: low-latency-playback
04-12 00:27:59.825   909   936 E audio_route: unable to find path 'speaker-safe-post'
04-12 00:27:59.826   909   936 D audio_hw_aoc_route: speaker-safe-post 0
04-12 00:27:59.827   909   936 D audio_hw_aoc_route: low-latency-playbackP 0
04-12 00:27:59.827   909   936 W audio_hw_35l41: cs35l41_amp_common_event: ret: 0, event: 3, state: 3, device: 7
04-12 00:27:59.828  1166  1166 D AOC     : F1:MSG: controller.cc, 273: AudioOutCtrl: cmd ID: 0x00c9, tag: 0x54 [cntr = 20145]
04-12 00:27:59.828  1166  1166 D AOC     : F1:MSG: controller.cc, 811: AudioOutCtrl: ipc: audio_output_co, cmd ID: 0x00c9, tag: 0x54, rc: 0
04-12 00:27:59.828  1166  1166 D AOC     : F1:MSG: controller.cc, 273: AudioOutCtrl: cmd ID: 0x010f, tag: 0x55 [cntr = 20146]
04-12 00:27:59.829  1166  1166 D AOC     : F1:Unregistered Source 1 from Sink 0 
04-12 00:27:59.829  1166  1166 D AOC     : F1:AT Map:0 (LL:0), 0 EPs active, Power: Yes, Config: No
04-12 00:27:59.829   909   936 D audio_hw_aoc_route: speaker-safe 0
04-12 00:27:59.830  1166  1166 D AOC     : F1:Mixer 0 configuration changed: (0)
04-12 00:27:59.830  1166  1166 D AOC     : F1:Sink 0 Configuration changed: ULL (disabled)
04-12 00:27:59.830  1166  1166 D AOC     : F1:MSG: controller.cc, 811: AudioOutCtrl: ipc: audio_output_co, cmd ID: 0x010f, tag: 0x55, rc: 0
04-12 00:27:59.830  1166  1166 D AOC     : H0:Mixer AMixSPKR: 480 samples (0000/0000) (OFF SC)
04-12 00:27:59.830  1166  1166 D AOC     : H0:Mixer configuration updated
04-12 00:27:59.833   909   936 W audio_hw_35l41: cs35l41_amp_common_event: ret: 0, event: 4, state: 2, device: 7
04-12 00:27:59.833   909   936 D audio_hw_soundtrigger: st_comm_aud_event_monitor:codec dev:7 inactive
04-12 00:27:59.833   909   936 D audio_hw_soundtrigger: st_uc_monitor:uc:low-latency-playback inactive
04-12 00:27:59.833   909   936 I audio_hw_aoc: Mode Ambient is already selected
04-12 00:27:59.833   909   936 D audio_hw_waves: waves_usecase_event: low-latency-playback stop
04-12 00:28:00.019  3571  4219 I AiAiEcho: (REDACTED) Predicting[%d]: %s
04-12 00:28:00.023  3571  4219 I AiAiEcho: (REDACTED) EchoTargets: %s
04-12 00:28:00.023  3571  4219 I AiAiEcho: Filtered by AiAi flag check: %s
04-12 00:28:00.024  3571  4219 I AiAiEcho: (REDACTED) Ranked targets strategy: %s, count: %d, ranking metadata: %s
04-12 00:28:00.024  3571  4219 I AiAiEcho: (REDACTED) #weatherTwiddler: Weather removes SubtitleSupplementalItem in surface: %s
04-12 00:28:00.025  3571  4219 I AiAiEcho: #remoteViewsTwiddler: feature disabled.
04-12 00:28:00.025  3571  4219 I AiAiEcho: (REDACTED) Predicting[%d]: %s
04-12 00:28:00.028  3571  4219 I AiAiEcho: (REDACTED) EchoTargets: %s
04-12 00:28:00.028  3571  4219 I AiAiEcho: Filtered by AiAi flag check: %s
04-12 00:28:00.028  3571  4219 I AiAiEcho: (REDACTED) Ranked targets strategy: %s, count: %d, ranking metadata: %s
04-12 00:28:00.028  3571  4219 I AiAiEcho: (REDACTED) #weatherTwiddler: Weather removes SubtitleSupplementalItem in surface: %s
04-12 00:28:00.028  3571  4219 I AiAiEcho: #remoteViewsTwiddler: feature disabled.
04-12 00:28:00.033  3571  4219 I AiAiEcho: (REDACTED) #postPredictionTargets: Sending updates to UISurface %s with targets# %s (types=[%s])
04-12 00:28:00.037  3571  4219 I AiAiEcho: (REDACTED) #postPredictionTargets: Sending updates to UISurface %s with targets# %s (types=[%s])
04-12 00:28:00.038  2125  2125 I WeatherSmartspaceView: setFormattedContentDescription: text=9C, iconDescription= , contentDescription= , 9C
04-12 00:28:00.038  2125  2125 I WeatherData: Weather data parsed PARTLY_CLOUDY (" ") 9C from Bundle[{description= , feedback_intent=null, explanation_intent=Supplier{VAL_PARCELABLE@168+1964}, is_gaia_linked_data=true, use_celsius=true, state=5, temperature=9}]
04-12 00:28:00.039  2125  2125 W PageIndicator: Total number of pages invalid: 0. Assuming 1 page.
04-12 00:28:00.039  5552  5552 D SsBaseTemplateCard: No text view can be set up
04-12 00:28:00.040  5552  5552 I SsBaseTemplateCard: setFormattedContentDescription: text=9C, iconDescription= , contentDescription= , 9C
04-12 00:28:00.040  5552  5552 D SsBaseTemplateCard: Passed-in item info is null
04-12 00:28:00.040  5552  5552 D SsBaseTemplateCard: Passed-in item info is null
04-12 00:28:00.040  5552  5552 I SsBaseTemplateCard: Secondary card pane is null
04-12 00:28:00.040  5552  5552 D QuickstepLauncher: Bind extra container items
04-12 00:28:00.048  2125  2125 I WeatherDigitalClockView:  got 9 from PARTLY_CLOUDY (" ") 9C
04-12 00:28:00.049  2125  2125 W TouchableRegionManager: onHeadsUpPinnedModeChanged
04-12 00:28:00.052  1148  2158 D BufferPoolAccessor2.0: evictor expired: 1, evicted: 0
04-12 00:28:00.539  2125  2162 D ControlsListingControllerImpl: Unsubscribing callback
04-12 00:28:00.540  2125  2125 D DLObserver: remove listener: com.android.systemui.dock.DockManagerExtensionsKt$retrieveIsDocked$1$callback$1@b6a778c
04-12 00:28:00.540  2125  2125 D DLObserver: remove listener: com.android.systemui.dock.DockManagerExtensionsKt$retrieveIsDocked$1$callback$1@f09bed5
04-12 00:28:00.543  2125  2162 D ControlsListingControllerImpl: Unsubscribing callback
04-12 00:28:00.543  2125  2125 D DLObserver: remove listener: com.android.systemui.dock.DockManagerExtensionsKt$retrieveIsDocked$1$callback$1@b92c563
04-12 00:28:00.544  2125  2125 D DLObserver: remove listener: com.android.systemui.dock.DockManagerExtensionsKt$retrieveIsDocked$1$callback$1@71c6792
04-12 00:28:00.545  2125  2162 D ControlsListingControllerImpl: Unsubscribing callback
04-12 00:28:00.546  2125  2125 D DLObserver: remove listener: com.android.systemui.dock.DockManagerExtensionsKt$retrieveIsDocked$1$callback$1@c729a19
04-12 00:28:00.548  2125  2125 D DLObserver: remove listener: com.android.systemui.dock.DockManagerExtensionsKt$retrieveIsDocked$1$callback$1@56254bf
04-12 00:28:01.053  1119  7124 D BufferPoolAccessor2.0: evictor expired: 1, evicted: 0
04-12 00:28:02.054  1119  7124 D BufferPoolAccessor2.0: bufferpool2 0xe988dca8 : 0(0 size) total buffers - 0(0 size) used buffers - 88/96 (recycle/alloc) - 8/188 (fetch/transfer)
04-12 00:28:02.054  1119  7124 D BufferPoolAccessor2.0: evictor expired: 1, evicted: 1
04-12 00:28:02.055  1148  2158 D BufferPoolAccessor2.0: bufferpool2 0xb400007860cfc7a8 : 0(0 size) total buffers - 0(0 size) used buffers - 88/92 (recycle/alloc) - 4/91 (fetch/transfer)
04-12 00:28:02.055  1148  2158 D BufferPoolAccessor2.0: evictor expired: 1, evicted: 1
04-12 00:28:04.029  1637  3297 W ProcessStats: Tracking association SourceState{451ac7 ru.hh.android:Metrica/10227 Service #511844} whose proc state 8 is better than process ProcessState{f63c4f4 com.google.android.gms/10137 pkg=com.google.android.gms} proc state 14 (6 skipped)
04-12 00:28:04.037 22092 22092 I Finsky  : [2] vlb.onTrimMemory(11): Memory trim requested to level 40
04-12 00:28:04.037 22092 22092 I Finsky  : [2] vla.accept(91): Flushing in-memory image cache
04-12 00:28:04.179 13986 13996 W System  : A resource failed to call close. 
04-12 00:28:04.183 13986 13996 W System  : A resource failed to call close. 
04-12 00:28:04.527 22092 22092 I Finsky  : [2] vlb.onTrimMemory(11): Memory trim requested to level 40
04-12 00:28:04.527 22092 22092 I Finsky  : [2] vla.accept(91): Flushing in-memory image cache
04-12 00:28:06.209  1126  1152 D RILClient: [OemClient]IND: (clientId = 0, msgId = 5104, dataLength = 7, channel = 0)
04-12 00:28:06.209  1007  2120 D RILClient: [OemClient]IND: (clientId = 2, msgId = 5104, dataLength = 7, channel = 0)
04-12 00:28:06.214  1007  2120 D RILClient: [OemClient]IND: (clientId = 2, msgId = 2016, dataLength = 996, channel = 0)
04-12 00:28:06.215  1007  2120 D RILClient: [OemClient]IND: (clientId = 2, msgId = 2016, dataLength = 996, channel = 0)
04-12 00:28:06.216  1126  1152 D RILClient: [OemClient]IND: (clientId = 0, msgId = 2016, dataLength = 996, channel = 0)
04-12 00:28:06.216  1126  1152 D RILClient: [OemClient]IND: (clientId = 0, msgId = 2016, dataLength = 996, channel = 0)
04-12 00:28:06.221  2482  2482 I SHANNON_IMS: 6373 [DATA] Received mCellStatus [ 1 ]  [  band : 1] (RilIndImsPhysicalChannelConfigs%update:44)
04-12 00:28:06.222  2482  2482 I SHANNON_IMS: 6374 [NETW] #:PURP:# UNSOL {RILC_UNSOL_PHYSICAL_CHANNEL_CONFIGS} :   band : 1  (NetworkAdaptor$AdaptorChannel%onMessage:306)
04-12 00:28:06.235  2765  2831 D IwlanNetworkServiceHandler: msg.what = EVENT_NETWORK_REGISTRATION_INFO_REQUEST
04-12 00:28:06.237  2482  2482 I SHANNON_IMS: 6377 [DATA] Received mCellStatus [ 0 ]  [  band : 1] (RilIndImsPhysicalChannelConfigs%update:44)
04-12 00:28:06.237  2482  2482 I SHANNON_IMS: 6378 [NETW] #:PURP:# UNSOL {RILC_UNSOL_PHYSICAL_CHANNEL_CONFIGS} :   band : 0  (NetworkAdaptor$AdaptorChannel%onMessage:306)
04-12 00:28:06.240  1001  2443 I WifiHAL : found interface wlan0
04-12 00:28:06.243  3232  3359 D StateService: Country ISO: ru
04-12 00:28:06.244  3232  3359 D StateService: Country ISO: ru
04-12 00:28:06.255  2765  2831 D IwlanNetworkServiceHandler[0]: : reg state REGISTRATION_STATE_NOT_REGISTERED_SEARCHING
04-12 00:28:06.280  1126  1152 D RILClient: [OemClient]IND: (clientId = 0, msgId = 3005, dataLength = 17, channel = 0)
04-12 00:28:06.281  1007  2120 D RILClient: [OemClient]IND: (clientId = 2, msgId = 3005, dataLength = 17, channel = 0)
04-12 00:28:06.286  2482  2482 I SHANNON_IMS: 6381 [NETW] #:PURP:# UNSOL {RILC_UNSOL_IMS_SUPPORT_SERVICE} : VoPS : 0  EMC : 0  SIM_IDX : 0  RAT : 14  REG_STATE : 1  CELL_ID : 198398771  LAC/TAC : 27873  (NetworkAdaptor$AdaptorChannel%onMessage:306)
04-12 00:28:06.286  2482  2482 I SHANNON_IMS: 6382 [CONN] #:ORNG:# supportService [VoPS : 0/ EMC : 0/ RAT_INFO : 14/ REG_STATE : 1/ CELL_ID : 198398771/ LAC-TAC Info : 27873]  [SLID:0 ] (ImsConnectivityMgr$RegistrationListener%supportService:2852)
04-12 00:28:06.310  1001  2443 I WifiHAL : Setting Channel Avoidance success
04-12 00:28:06.336  2125  2125 D GlobalActionsDialogLite: Service changed before actions created
04-12 00:28:06.337  2125  2125 D GlobalActionsDialogLite: Service changed before actions created
04-12 00:28:06.354  3232  3359 D StateService: Country ISO: ru
04-12 00:28:06.355  1637  3297 W ContextImpl: Calling a method in the system process without a qualified user: android.app.ContextImpl.sendBroadcastMultiplePermissions:1270 android.content.Context.sendBroadcastMultiplePermissions:2476 com.android.server.TelephonyRegistry.broadcastServiceStateChanged:3548 com.android.server.TelephonyRegistry.notifyServiceStateForPhoneId:1728 com.android.internal.telephony.ITelephonyRegistry$Stub.onTransact:534 
04-12 00:28:06.356  3232  3232 D ConnectivityMonitorStateMachine: [onServiceStateChanged] {subId=1} ServiceState= {mVoiceRegState=0(IN_SERVICE), mDataRegState=0(IN_SERVICE), mChannelNumber=75, duplexMode()=1, mCellBandwidths=[5000, 10000], mOperatorAlphaLong=null, mOperatorAlphaShort=null, isManualNetworkSelection=false(automatic), getRilVoiceRadioTechnology=14(LTE), getRilDataRadioTechnology=14(LTE), mCssIndicator=unsupported, mNetworkId=-1, mSystemId=-1, mCdmaRoamingIndicator=-1, mCdmaDefaultRoamingIndicator=-1, mIsEmergencyOnly=false, isUsingCarrierAggregation=true, mArfcnRsrpBoost=0, mNetworkRegistrationInfos=[NetworkRegistrationInfo{ domain=PS transportType=WLAN registrationState=NOT_REG_SEARCHING networkRegistrationState=NOT_REG_SEARCHING roamingType=NOT_ROAMING accessNetworkTechnology=UNKNOWN rejectCause=0 emergencyEnabled=false availableServices=[DATA] cellIdentity=null voiceSpecificInfo=null dataSpecificInfo=null nrState=**** rRplmn= isUsingCarrierAggregation=false isNonTerrestrialNetwork=false}, NetworkRegistrationInfo{ domain=CS transportType=WWAN registrationState=HOME networkRegistrationState=HOME roamingType=NOT_ROAMING accessNetworkTechnology=LTE rejectCause=0 emergencyEnabled=false availableServices=[VOICE,SMS,VIDEO] cellIdentity=null voiceSpecificInfo=VoiceSpecificRegistrationInfo { mCssSupported=false mRoamingIndicator=0 mSystemIsInPrl=0 mDefaultRoamingIndicator=0} dataSpecificInfo=null nrState=**** rRplmn=25020 isUsingCarrierAggregation=false isNonTerrestrialNetwork=false}, NetworkRegistrationInfo{ domain=PS transportType=WWAN registrationState=HOME networkRegistrationState=HOME roamingType=NOT_ROAMING accessNetworkTechnology=LTE rejectCause=0 emergencyEnabled=false availableServices=[DATA] cellIdentity=null voiceSpecificInfo=null dataSpecificInfo=android.telephony.DataSpecificRegistrationInfo :{ maxDataCalls = 16 isDcNrRestricted = false isNrAvailable = false isEnDcAvailable = false mLteAttachResultType = 0 mLteAttachExtraInfo = 0 LteVopsSupportInfo :  mVopsSupport = 3 mEmcBearerSupport = 3 } nrState=**** rRplmn=25020 isUsingCarrierAggregation=false isNonTerrestrialNetwork=false}], mNrFrequencyRange=0, mOperatorAlphaLongRaw=Tele2, mOperatorAlphaShortRaw=Tele2, mIsDataRoamingFromRegistration=false, mIsIwlanPreferred=false}, vops=false
04-12 00:28:06.356  3232  3232 D ConnectivityMonitorStateMachine: [onServiceStateChanged] {subId=1} sendMessage(SERVICE_STATE_CHANGED) id=e86aedc8-ce99-4169-8efa-da81e7608efb
